Component: ARM Compiler 5.06 update 7 (build 960) Tool: armlink [4d3601]

==============================================================================

Section Cross References

    l6470.o(i.FsSpd_2_Step_s) refers to dfltui.o(.text) for __aeabi_ui2d
    l6470.o(i.FsSpd_2_Step_s) refers to dadd.o(.text) for __aeabi_dadd
    l6470.o(i.FsSpd_2_Step_s) refers to dmul.o(.text) for __aeabi_dmul
    l6470.o(i.FsSpd_2_Step_s) refers to d2f.o(.text) for __aeabi_d2f
    l6470.o(i.L6470_CheckStatusRegisterFlag) refers to l6470.o(i.L6470_GetParam) for L6470_GetParam
    l6470.o(i.L6470_CheckStatusRegisterFlag) refers to l6470.o(.data) for .data
    l6470.o(i.L6470_Config) refers to l6470.o(i.Step_s2_2_Acc) for Step_s2_2_Acc
    l6470.o(i.L6470_Config) refers to l6470.o(i.Step_s2_2_Dec) for Step_s2_2_Dec
    l6470.o(i.L6470_Config) refers to l6470.o(i.Step_s_2_MaxSpeed) for Step_s_2_MaxSpeed
    l6470.o(i.L6470_Config) refers to l6470.o(i.Step_s_2_MinSpeed) for Step_s_2_MinSpeed
    l6470.o(i.L6470_Config) refers to l6470.o(i.Step_s_2_FsSpd) for Step_s_2_FsSpd
    l6470.o(i.L6470_Config) refers to l6470.o(i.Step_s_2_IntSpeed) for Step_s_2_IntSpeed
    l6470.o(i.L6470_Config) refers to l6470.o(i.s_Step_2_StSlp) for s_Step_2_StSlp
    l6470.o(i.L6470_Config) refers to l6470.o(i.s_Step_2_FnSlpAcc) for s_Step_2_FnSlpAcc
    l6470.o(i.L6470_Config) refers to l6470.o(i.s_Step_2_FnSlpDec) for s_Step_2_FnSlpDec
    l6470.o(i.L6470_Config) refers to l6470.o(i.mA_2_OcdTh) for mA_2_OcdTh
    l6470.o(i.L6470_Config) refers to l6470.o(i.mA_2_StallTh) for mA_2_StallTh
    l6470.o(i.L6470_DaisyChainCommand) refers to stm32f4xx_hal_gpio.o(i.HAL_GPIO_WritePin) for HAL_GPIO_WritePin
    l6470.o(i.L6470_DaisyChainCommand) refers to stm32f4xx_hal_spi.o(i.HAL_SPI_TransmitReceive) for HAL_SPI_TransmitReceive
    l6470.o(i.L6470_DaisyChainCommand) refers to l6470.o(.data) for .data
    l6470.o(i.L6470_DaisyChainCommand) refers to xnucleoihm02a1.o(.bss) for L6470_nCS_GPIO
    l6470.o(i.L6470_DaisyChainCommand) refers to xnucleoihm02a1_interface.o(.bss) for hspi1
    l6470.o(i.L6470_GetParam) refers to l6470.o(i.L6470_PrepareAppCmdPkg) for L6470_PrepareAppCmdPkg
    l6470.o(i.L6470_GetParam) refers to l6470.o(i.L6470_PrepareDaisyChainCommand) for L6470_PrepareDaisyChainCommand
    l6470.o(i.L6470_GetParam) refers to l6470.o(i.L6470_DaisyChainCommand) for L6470_DaisyChainCommand
    l6470.o(i.L6470_GetParam) refers to l6470.o(i.L6470_ExtractReturnedData) for L6470_ExtractReturnedData
    l6470.o(i.L6470_GetParam) refers to l6470.o(.bss) for .bss
    l6470.o(i.L6470_GetParam) refers to l6470.o(.data) for .data
    l6470.o(i.L6470_GetParam) refers to l6470.o(.constdata) for .constdata
    l6470.o(i.L6470_GetRegisterName) refers to l6470.o(.constdata) for .constdata
    l6470.o(i.L6470_GetStatus) refers to l6470.o(i.L6470_PrepareAppCmdPkg) for L6470_PrepareAppCmdPkg
    l6470.o(i.L6470_GetStatus) refers to l6470.o(i.L6470_PrepareDaisyChainCommand) for L6470_PrepareDaisyChainCommand
    l6470.o(i.L6470_GetStatus) refers to l6470.o(i.L6470_DaisyChainCommand) for L6470_DaisyChainCommand
    l6470.o(i.L6470_GetStatus) refers to l6470.o(i.L6470_ExtractReturnedData) for L6470_ExtractReturnedData
    l6470.o(i.L6470_GetStatus) refers to l6470.o(.bss) for .bss
    l6470.o(i.L6470_GetStatus) refers to l6470.o(.data) for .data
    l6470.o(i.L6470_GoHome) refers to l6470.o(i.L6470_PrepareAppCmdPkg) for L6470_PrepareAppCmdPkg
    l6470.o(i.L6470_GoHome) refers to l6470.o(i.L6470_PrepareDaisyChainCommand) for L6470_PrepareDaisyChainCommand
    l6470.o(i.L6470_GoHome) refers to l6470.o(i.L6470_DaisyChainCommand) for L6470_DaisyChainCommand
    l6470.o(i.L6470_GoHome) refers to l6470.o(.bss) for .bss
    l6470.o(i.L6470_GoHome) refers to l6470.o(.data) for .data
    l6470.o(i.L6470_GoMark) refers to l6470.o(i.L6470_PrepareAppCmdPkg) for L6470_PrepareAppCmdPkg
    l6470.o(i.L6470_GoMark) refers to l6470.o(i.L6470_PrepareDaisyChainCommand) for L6470_PrepareDaisyChainCommand
    l6470.o(i.L6470_GoMark) refers to l6470.o(i.L6470_DaisyChainCommand) for L6470_DaisyChainCommand
    l6470.o(i.L6470_GoMark) refers to l6470.o(.bss) for .bss
    l6470.o(i.L6470_GoMark) refers to l6470.o(.data) for .data
    l6470.o(i.L6470_GoTo) refers to l6470.o(i.L6470_PrepareAppCmdPkg) for L6470_PrepareAppCmdPkg
    l6470.o(i.L6470_GoTo) refers to l6470.o(i.L6470_PrepareDaisyChainCommand) for L6470_PrepareDaisyChainCommand
    l6470.o(i.L6470_GoTo) refers to l6470.o(i.L6470_DaisyChainCommand) for L6470_DaisyChainCommand
    l6470.o(i.L6470_GoTo) refers to l6470.o(.bss) for .bss
    l6470.o(i.L6470_GoTo) refers to l6470.o(.data) for .data
    l6470.o(i.L6470_GoToDir) refers to l6470.o(i.L6470_PrepareAppCmdPkg) for L6470_PrepareAppCmdPkg
    l6470.o(i.L6470_GoToDir) refers to l6470.o(i.L6470_PrepareDaisyChainCommand) for L6470_PrepareDaisyChainCommand
    l6470.o(i.L6470_GoToDir) refers to l6470.o(i.L6470_DaisyChainCommand) for L6470_DaisyChainCommand
[...]
    i.BSP_EmergencyStop                      0x0800064c   Section        0  xnucleoihm02a1.o(i.BSP_EmergencyStop)
    i.BSP_GetExpansionBoardHandle            0x08000660   Section        0  xnucleoihm02a1.o(i.BSP_GetExpansionBoardHandle)
    i.BSP_IRQ                                0x080006ac   Section        0  xnucleoihm02a1.o(i.BSP_IRQ)
    i.BSP_Init                               0x080006d2   Section        0  xnucleoihm02a1.o(i.BSP_Init)
    i.BSP_L6470_0_0_Config                   0x080006f0   Section        0  xnucleoihm02a1.o(i.BSP_L6470_0_0_Config)
    i.BSP_L6470_0_1_Config                   0x080006fc   Section        0  xnucleoihm02a1.o(i.BSP_L6470_0_1_Config)
    i.BSP_L6470_1_0_Config                   0x08000708   Section        0  xnucleoihm02a1.o(i.BSP_L6470_1_0_Config)
    i.BSP_L6470_1_1_Config                   0x08000714   Section        0  xnucleoihm02a1.o(i.BSP_L6470_1_1_Config)
    i.BSP_L6470_2_0_Config                   0x08000720   Section        0  xnucleoihm02a1.o(i.BSP_L6470_2_0_Config)
    i.BSP_L6470_2_1_Config                   0x0800072c   Section        0  xnucleoihm02a1.o(i.BSP_L6470_2_1_Config)
    i.BSP_L6470_3_0_Config                   0x08000738   Section        0  xnucleoihm02a1.o(i.BSP_L6470_3_0_Config)
    i.BSP_L6470_3_1_Config                   0x08000744   Section        0  xnucleoihm02a1.o(i.BSP_L6470_3_1_Config)
    i.BSP_L6470_BusySynchEventManager        0x08000750   Section        0  xnucleoihm02a1.o(i.BSP_L6470_BusySynchEventManager)
    i.BSP_L6470_CheckStatusRegisterFlag      0x08000754   Section        0  xnucleoihm02a1.o(i.BSP_L6470_CheckStatusRegisterFlag)
    i.BSP_L6470_FlagEventManager             0x08000770   Section        0  xnucleoihm02a1.o(i.BSP_L6470_FlagEventManager)
    i.BSP_L6470_GetParam                     0x08000774   Section        0  xnucleoihm02a1.o(i.BSP_L6470_GetParam)
    i.BSP_L6470_GetStatus                    0x08000790   Section        0  xnucleoihm02a1.o(i.BSP_L6470_GetStatus)
    i.BSP_L6470_GoHome                       0x080007a8   Section        0  xnucleoihm02a1.o(i.BSP_L6470_GoHome)
    i.BSP_L6470_GoMark                       0x080007c0   Section        0  xnucleoihm02a1.o(i.BSP_L6470_GoMark)
    i.BSP_L6470_GoTo                         0x080007d8   Section        0  xnucleoihm02a1.o(i.BSP_L6470_GoTo)
    i.BSP_L6470_GoToDir                      0x080007f4   Section        0  xnucleoihm02a1.o(i.BSP_L6470_GoToDir)
    i.BSP_L6470_GoUntil                      0x08000814   Section        0  xnucleoihm02a1.o(i.BSP_L6470_GoUntil)
    i.BSP_L6470_HardHiZ                      0x0800083c   Section        0  xnucleoihm02a1.o(i.BSP_L6470_HardHiZ)
    i.BSP_L6470_HardStop                     0x08000854   Section        0  xnucleoihm02a1.o(i.BSP_L6470_HardStop)
    i.BSP_L6470_Init                         0x0800086c   Section        0  xnucleoihm02a1.o(i.BSP_L6470_Init)
    i.BSP_L6470_Move                         0x080008e8   Section        0  xnucleoihm02a1.o(i.BSP_L6470_Move)
    i.BSP_L6470_ReleaseSW                    0x08000908   Section        0  xnucleoihm02a1.o(i.BSP_L6470_ReleaseSW)
    i.BSP_L6470_ResetDevice                  0x08000928   Section        0  xnucleoihm02a1.o(i.BSP_L6470_ResetDevice)
    i.BSP_L6470_ResetPos                     0x08000940   Section        0  xnucleoihm02a1.o(i.BSP_L6470_ResetPos)
    i.BSP_L6470_Run                          0x08000958   Section        0  xnucleoihm02a1.o(i.BSP_L6470_Run)
    i.BSP_L6470_SetParam                     0x08000978   Section        0  xnucleoihm02a1.o(i.BSP_L6470_SetParam)
    i.BSP_L6470_SoftHiZ                      0x08000998   Section        0  xnucleoihm02a1.o(i.BSP_L6470_SoftHiZ)
    i.BSP_L6470_SoftStop                     0x080009b0   Section        0  xnucleoihm02a1.o(i.BSP_L6470_SoftStop)
    i.BSP_L6470_StepClock                    0x080009c8   Section        0  xnucleoihm02a1.o(i.BSP_L6470_StepClock)
    i.BSP_LED_Init                           0x080009e4   Section        0  stm32f4xx_nucleo.o(i.BSP_LED_Init)
    i.BSP_LED_Off                            0x08000a3c   Section        0  stm32f4xx_nucleo.o(i.BSP_LED_Off)
    i.BSP_LED_On                             0x08000a58   Section        0  stm32f4xx_nucleo.o(i.BSP_LED_On)
    i.BSP_NUCLEO_GPIO_Init                   0x08000a74   Section        0  xnucleoihm02a1.o(i.BSP_NUCLEO_GPIO_Init)
    i.BSP_PB_Init                            0x08000b48   Section        0  stm32f4xx_nucleo.o(i.BSP_PB_Init)
    i.BSP_Select                             0x08000bd0   Section        0  xnucleoihm02a1.o(i.BSP_Select)
    i.Dec_2_Step_s2                          0x08000c00   Section        0  l6470.o(i.Dec_2_Step_s2)
    i.EXPBRD_ID                              0x08000c28   Section        0  xnucleoihm02a1.o(i.EXPBRD_ID)
    i.EXTI0_IRQHandler                       0x08000c30   Section        0  stm32f4xx_it.o(i.EXTI0_IRQHandler)
    i.EXTI15_10_IRQHandler                   0x08000c36   Section        0  stm32f4xx_it.o(i.EXTI15_10_IRQHandler)
    i.EXTI1_IRQHandler                       0x08000c6c   Section        0  stm32f4xx_it.o(i.EXTI1_IRQHandler)
    i.EXTI2_IRQHandler                       0x08000c72   Section        0  stm32f4xx_it.o(i.EXTI2_IRQHandler)
    i.EXTI3_IRQHandler                       0x08000c78   Section        0  stm32f4xx_it.o(i.EXTI3_IRQHandler)
    i.EXTI4_IRQHandler                       0x08000c7e   Section        0  stm32f4xx_it.o(i.EXTI4_IRQHandler)
    i.EXTI9_5_IRQHandler                     0x08000c84   Section        0  stm32f4xx_it.o(i.EXTI9_5_IRQHandler)
    i.GetMotorParameterInitData              0x08000ca8   Section        0  params.o(i.GetMotorParameterInitData)
    i.HAL_Delay                              0x08000cb0   Section        0  stm32f4xx_hal.o(i.HAL_Delay)
    i.HAL_GPIO_EXTI_Callback                 0x08000cc8   Section        0  example.o(i.HAL_GPIO_EXTI_Callback)
    i.HAL_GPIO_EXTI_IRQHandler               0x08001198   Section        0  stm32f4xx_hal_gpio.o(i.HAL_GPIO_EXTI_IRQHandler)
    i.HAL_GPIO_Init                          0x080011b0   Section        0  stm32f4xx_hal_gpio.o(i.HAL_GPIO_Init)
    i.HAL_GPIO_WritePin                      0x0800143c   Section        0  stm32f4xx_hal_gpio.o(i.HAL_GPIO_WritePin)
    i.HAL_GetTick                            0x08001474   Section        0  stm32f4xx_hal.o(i.HAL_GetTick)
    i.HAL_IncTick                            0x08001480   Section        0  stm32f4xx_hal.o(i.HAL_IncTick)
    i.HAL_Init                               0x08001490   Section        0  stm32f4xx_hal.o(i.HAL_Init)
    i.HAL_InitTick                           0x080014c4   Section        0  stm32f4xx_hal.o(i.HAL_InitTick)
    i.HAL_MspInit                            0x080014e6   Section        0  stm32f4xx_hal_msp.o(i.HAL_MspInit)
    i.HAL_NVIC_DisableIRQ                    0x080014fc   Section        0  stm32f4xx_hal_cortex.o(i.HAL_NVIC_DisableIRQ)
    i.HAL_NVIC_EnableIRQ                     0x08001528   Section        0  stm32f4xx_hal_cortex.o(i.HAL_NVIC_EnableIRQ)
    i.HAL_NVIC_SetPriority                   0x08001554   Section        0  stm32f4xx_hal_cortex.o(i.HAL_NVIC_SetPriority)
    i.HAL_NVIC_SetPriorityGrouping           0x080015bc   Section        0  stm32f4xx_hal_cortex.o(i.HAL_NVIC_SetPriorityGrouping)
    i.HAL_RCC_ClockConfig                    0x08001604   Section        0  stm32f4xx_hal_rcc.o(i.HAL_RCC_ClockConfig)
    i.HAL_RCC_GetHCLKFreq                    0x08001940   Section        0  stm32f4xx_hal_rcc.o(i.HAL_RCC_GetHCLKFreq)
    i.HAL_RCC_GetPCLK1Freq                   0x08001974   Section        0  stm32f4xx_hal_rcc.o(i.HAL_RCC_GetPCLK1Freq)
    i.HAL_RCC_GetPCLK2Freq                   0x080019a0   Section        0  stm32f4xx_hal_rcc.o(i.HAL_RCC_GetPCLK2Freq)
    i.HAL_RCC_GetSysClockFreq                0x080019cc   Section        0  stm32f4xx_hal_rcc.o(i.HAL_RCC_GetSysClockFreq)
    i.HAL_RCC_OscConfig                      0x08001a4c   Section        0  stm32f4xx_hal_rcc.o(i.HAL_RCC_OscConfig)
    i.HAL_SPI_Init                           0x08001ea4   Section        0  stm32f4xx_hal_spi.o(i.HAL_SPI_Init)
    i.HAL_SPI_MspInit                        0x08002014   Section        0  stm32f4xx_hal_msp.o(i.HAL_SPI_MspInit)
    i.HAL_SPI_TransmitReceive                0x080020e8   Section        0  stm32f4xx_hal_spi.o(i.HAL_SPI_TransmitReceive)
    i.HAL_SYSTICK_Callback                   0x08002404   Section        0  stm32f4xx_hal_cortex.o(i.HAL_SYSTICK_Callback)
    i.HAL_SYSTICK_Config                     0x08002406   Section        0  stm32f4xx_hal_cortex.o(i.HAL_SYSTICK_Config)
    i.HAL_SYSTICK_IRQHandler                 0x0800242e   Section        0  stm32f4xx_hal_cortex.o(i.HAL_SYSTICK_IRQHandler)
    i.HAL_UART_ErrorCallback                 0x08002436   Section        0  stm32f4xx_hal_uart.o(i.HAL_UART_ErrorCallback)
    i.HAL_UART_IRQHandler                    0x08002438   Section        0  stm32f4xx_hal_uart.o(i.HAL_UART_IRQHandler)
    i.HAL_UART_Init                          0x08002514   Section        0  stm32f4xx_hal_uart.o(i.HAL_UART_Init)
    i.HAL_UART_MspInit                       0x08002604   Section        0  stm32f4xx_hal_msp.o(i.HAL_UART_MspInit)
    i.HAL_UART_Receive                       0x080026d8   Section        0  stm32f4xx_hal_uart.o(i.HAL_UART_Receive)
    i.HAL_UART_RxCpltCallback                0x080027b8   Section        0  stm32f4xx_hal_uart.o(i.HAL_UART_RxCpltCallback)
    i.HAL_UART_Transmit                      0x080027ba   Section        0  stm32f4xx_hal_uart.o(i.HAL_UART_Transmit)
    i.HAL_UART_TxCpltCallback                0x08002892   Section        0  stm32f4xx_hal_uart.o(i.HAL_UART_TxCpltCallback)
    i.L6470_CheckStatusRegisterFlag          0x08002894   Section        0  l6470.o(i.L6470_CheckStatusRegisterFlag)
    i.L6470_Config                           0x08002920   Section        0  l6470.o(i.L6470_Config)
    i.L6470_DaisyChainCommand                0x08002b1c   Section        0  l6470.o(i.L6470_DaisyChainCommand)
    i.L6470_ExtractReturnedData              0x08002b94   Section        0  l6470.o(i.L6470_ExtractReturnedData)
    i.L6470_FillAppCmdPkg                    0x08002bb4   Section        0  l6470.o(i.L6470_FillAppCmdPkg)
    i.L6470_GetParam                         0x08002bc8   Section        0  l6470.o(i.L6470_GetParam)
    i.L6470_GetRegisterName                  0x08002c1c   Section        0  l6470.o(i.L6470_GetRegisterName)
    i.L6470_GetStatus                        0x08002c3c   Section        0  l6470.o(i.L6470_GetStatus)
    i.L6470_GoHome                           0x08002c7c   Section        0  l6470.o(i.L6470_GoHome)
    i.L6470_GoMark                           0x08002cac   Section        0  l6470.o(i.L6470_GoMark)
    i.L6470_GoTo                             0x08002cdc   Section        0  l6470.o(i.L6470_GoTo)
    i.L6470_GoToDir                          0x08002d14   Section        0  l6470.o(i.L6470_GoToDir)
    i.L6470_GoUntil                          0x08002d4c   Section        0  l6470.o(i.L6470_GoUntil)
    i.L6470_HardHiZ                          0x08002d7c   Section        0  l6470.o(i.L6470_HardHiZ)
    i.L6470_HardStop                         0x08002dac   Section        0  l6470.o(i.L6470_HardStop)
    i.L6470_ID                               0x08002ddc   Section        0  l6470.o(i.L6470_ID)
    i.L6470_Move                             0x08002de8   Section        0  l6470.o(i.L6470_Move)
    i.L6470_PerformPreparedApplicationCommand 0x08002e18   Section        0  l6470.o(i.L6470_PerformPreparedApplicationCommand)
    i.L6470_PrepareAppCmdPkg                 0x08002e3c   Section        0  l6470.o(i.L6470_PrepareAppCmdPkg)
    i.L6470_PrepareDaisyChainCommand         0x08002e78   Section        0  l6470.o(i.L6470_PrepareDaisyChainCommand)
    i.L6470_PrepareGetParam                  0x08003090   Section        0  l6470.o(i.L6470_PrepareGetParam)
    i.L6470_PrepareGetStatus                 0x080030a8   Section        0  l6470.o(i.L6470_PrepareGetStatus)
    i.L6470_PrepareGoHome                    0x080030c0   Section        0  l6470.o(i.L6470_PrepareGoHome)
    i.L6470_PrepareGoMark                    0x080030d8   Section        0  l6470.o(i.L6470_PrepareGoMark)
    i.L6470_PrepareGoTo                      0x080030f0   Section        0  l6470.o(i.L6470_PrepareGoTo)
    i.L6470_PrepareGoToDir                   0x08003108   Section        0  l6470.o(i.L6470_PrepareGoToDir)
    i.L6470_PrepareGoUntil                   0x08003120   Section        0  l6470.o(i.L6470_PrepareGoUntil)
    i.L6470_PrepareHardHiZ                   0x08003138   Section        0  l6470.o(i.L6470_PrepareHardHiZ)
    i.L6470_PrepareHardStop                  0x08003150   Section        0  l6470.o(i.L6470_PrepareHardStop)
    i.L6470_PrepareMove                      0x08003168   Section        0  l6470.o(i.L6470_PrepareMove)
    i.L6470_PrepareReleaseSW                 0x08003180   Section        0  l6470.o(i.L6470_PrepareReleaseSW)
    i.L6470_PrepareResetDevice               0x08003198   Section        0  l6470.o(i.L6470_PrepareResetDevice)
    i.L6470_PrepareResetPos                  0x080031b0   Section        0  l6470.o(i.L6470_PrepareResetPos)
    i.L6470_PrepareRun                       0x080031c8   Section        0  l6470.o(i.L6470_PrepareRun)
    i.L6470_PrepareSetParam                  0x080031e0   Section        0  l6470.o(i.L6470_PrepareSetParam)
    i.L6470_PrepareSoftHiZ                   0x080031f8   Section        0  l6470.o(i.L6470_PrepareSoftHiZ)
    i.L6470_PrepareSoftStop                  0x08003210   Section        0  l6470.o(i.L6470_PrepareSoftStop)
    i.L6470_PrepareStepClock                 0x08003228   Section        0  l6470.o(i.L6470_PrepareStepClock)
    i.L6470_ReleaseSW                        0x08003240   Section        0  l6470.o(i.L6470_ReleaseSW)
    i.L6470_ResetAppCmdPkg                   0x08003270   Section        0  l6470.o(i.L6470_ResetAppCmdPkg)
    i.L6470_ResetDevice                      0x0800328c   Section        0  l6470.o(i.L6470_ResetDevice)
    i.L6470_ResetPos                         0x080032bc   Section        0  l6470.o(i.L6470_ResetPos)
    i.L6470_Run                              0x080032ec   Section        0  l6470.o(i.L6470_Run)
    i.L6470_SetParam                         0x0800331c   Section        0  l6470.o(i.L6470_SetParam)
    i.L6470_SoftHiZ                          0x0800334c   Section        0  l6470.o(i.L6470_SoftHiZ)
    i.L6470_SoftStop                         0x0800337c   Section        0  l6470.o(i.L6470_SoftStop)
    i.L6470_StepClock                        0x080033ac   Section        0  l6470.o(i.L6470_StepClock)
    i.Limit_Touch_Reset                      0x080033dc   Section        0  example.o(i.Limit_Touch_Reset)
    i.MX_GPIO_Init                           0x0800345c   Section        0  xnucleoihm02a1_interface.o(i.MX_GPIO_Init)
    i.MX_SPI1_Init                           0x08003528   Section        0  xnucleoihm02a1_interface.o(i.MX_SPI1_Init)
    i.MX_SPI_Init                            0x080035b4   Section        0  xnucleoihm02a1_interface.o(i.MX_SPI_Init)
    i.MX_USART2_Init                         0x080035b8   Section        0  xnucleoihm02a1_interface.o(i.MX_USART2_Init)
    i.MX_USART6_Init                         0x080035e0   Section        0  xnucleoihm02a1_interface.o(i.MX_USART6_Init)
    i.MaxSpeed_2_Step_s                      0x08003608   Section        0  l6470.o(i.MaxSpeed_2_Step_s)
    i.MicrosteppingMotor_Example_01          0x08003630   Section        0  example.o(i.MicrosteppingMotor_Example_01)
    i.MinSpeed_2_Step_s                      0x080044dc   Section        0  l6470.o(i.MinSpeed_2_Step_s)
    i.NUCLEO_Board_Init                      0x08004504   Section        0  xnucleoihm02a1_interface.o(i.NUCLEO_Board_Init)
    i.NVIC_SetPriority                       0x0800452c   Section        0  stm32f4xx_hal_cortex.o(i.NVIC_SetPriority)
    NVIC_SetPriority                         0x0800452d   Thumb Code    32  stm32f4xx_hal_cortex.o(i.NVIC_SetPriority)
    i.Position_2_AbsPos                      0x0800454c   Section        0  l6470.o(i.Position_2_AbsPos)
    i.SPI_WaitOnFlagUntilTimeout             0x08004568   Section        0  stm32f4xx_hal_spi.o(i.SPI_WaitOnFlagUntilTimeout)
    SPI_WaitOnFlagUntilTimeout               0x08004569   Thumb Code   214  stm32f4xx_hal_spi.o(i.SPI_WaitOnFlagUntilTimeout)
    i.Speed_2_Step_s                         0x08004640   Section        0  l6470.o(i.Speed_2_Step_s)
    i.Step_s2_2_Acc                          0x08004658   Section        0  l6470.o(i.Step_s2_2_Acc)
    i.Step_s2_2_Dec                          0x08004684   Section        0  l6470.o(i.Step_s2_2_Dec)
    i.Step_s_2_FsSpd                         0x080046b0   Section        0  l6470.o(i.Step_s_2_FsSpd)
    i.Step_s_2_IntSpeed                      0x080046e4   Section        0  l6470.o(i.Step_s_2_IntSpeed)
    i.Step_s_2_MaxSpeed                      0x08004710   Section        0  l6470.o(i.Step_s_2_MaxSpeed)
    i.Step_s_2_MinSpeed                      0x0800473c   Section        0  l6470.o(i.Step_s_2_MinSpeed)
    i.Step_s_2_Speed                         0x08004768   Section        0  l6470.o(i.Step_s_2_Speed)
    i.SysTick_Handler                        0x08004790   Section        0  stm32f4xx_it.o(i.SysTick_Handler)
    i.SystemClock_Config                     0x080047a0   Section        0  xnucleoihm02a1_interface.o(i.SystemClock_Config)
    i.SystemInit                             0x08004818   Section        0  system_stm32f4xx.o(i.SystemInit)
    i.UART_EndTransmit_IT                    0x0800486c   Section        0  stm32f4xx_hal_uart.o(i.UART_EndTransmit_IT)
    UART_EndTransmit_IT                      0x0800486d   Thumb Code    62  stm32f4xx_hal_uart.o(i.UART_EndTransmit_IT)
    i.UART_Receive_IT                        0x080048aa   Section        0  stm32f4xx_hal_uart.o(i.UART_Receive_IT)
    UART_Receive_IT                          0x080048ab   Thumb Code   176  stm32f4xx_hal_uart.o(i.UART_Receive_IT)
    i.UART_SetConfig                         0x0800495c   Section        0  stm32f4xx_hal_uart.o(i.UART_SetConfig)
    UART_SetConfig                           0x0800495d   Thumb Code   574  stm32f4xx_hal_uart.o(i.UART_SetConfig)
    i.UART_Transmit_IT                       0x08004bac   Section        0  stm32f4xx_hal_uart.o(i.UART_Transmit_IT)
    UART_Transmit_IT                         0x08004bad   Thumb Code   106  stm32f4xx_hal_uart.o(i.UART_Transmit_IT)
    i.UART_WaitOnFlagUntilTimeout            0x08004c16   Section        0  stm32f4xx_hal_uart.o(i.UART_WaitOnFlagUntilTimeout)
    UART_WaitOnFlagUntilTimeout              0x08004c17   Thumb Code   198  stm32f4xx_hal_uart.o(i.UART_WaitOnFlagUntilTimeout)
    i.USART2_IRQHandler                      0x08004cdc   Section        0  stm32f4xx_it.o(i.USART2_IRQHandler)
    i.USART6_IRQHandler                      0x08004cf4   Section        0  stm32f4xx_it.o(i.USART6_IRQHandler)
    i.USART_ITCharManager                    0x08004d0c   Section        0  example_usart.o(i.USART_ITCharManager)
    i.USART_PrintAllRegisterValues           0x08004d78   Section        0  example_usart.o(i.USART_PrintAllRegisterValues)
    i.USART_PrintRegisterValues              0x08004db4   Section        0  example_usart.o(i.USART_PrintRegisterValues)
    i.USART_Transmit                         0x08004e9c   Section        0  example_usart.o(i.USART_Transmit)
    i.UintHex2Dec                            0x08004eb4   Section        0  example.o(i.UintHex2Dec)
    i.User_LED_Blinking                      0x08004edc   Section        0  xnucleoihm02a1_interface.o(i.User_LED_Blinking)
    i.__scatterload_copy                     0x08004f08   Section       14  handlers.o(i.__scatterload_copy)
    i.__scatterload_null                     0x08004f16   Section        2  handlers.o(i.__scatterload_null)
    i.__scatterload_zeroinit                 0x08004f18   Section       14  handlers.o(i.__scatterload_zeroinit)
    i.assert_failed                          0x08004f26   Section        0  main.o(i.assert_failed)
    i.limit_command                          0x08004f28   Section        0  example.o(i.limit_command)
    i.mA_2_OcdTh                             0x080052f0   Section        0  l6470.o(i.mA_2_OcdTh)
    i.mA_2_StallTh                           0x08005340   Section        0  l6470.o(i.mA_2_StallTh)
    i.main                                   0x08005390   Section        0  main.o(i.main)
    i.num2hex                                0x080053a0   Section        0  example_usart.o(i.num2hex)
    i.s_Step_2_FnSlpAcc                      0x08005400   Section        0  l6470.o(i.s_Step_2_FnSlpAcc)
    i.s_Step_2_FnSlpDec                      0x0800542c   Section        0  l6470.o(i.s_Step_2_FnSlpDec)
    i.s_Step_2_StSlp                         0x08005458   Section        0  l6470.o(i.s_Step_2_StSlp)
    i.usrPow                                 0x08005484   Section        0  example.o(i.usrPow)
    i.value2Hextwo                           0x080054c8   Section        0  example.o(i.value2Hextwo)
    .constdata                               0x080054d8   Section      794  l6470.o(.constdata)
    .constdata                               0x080057f2   Section        6  stm32f4xx_nucleo.o(.constdata)
    .constdata                               0x080057f8   Section       16  stm32f4xx_hal_rcc.o(.constdata)
    .constdata                               0x08005808   Section      704  params.o(.constdata)
    .conststring                             0x08005ac8   Section       74  stm32f4xx_hal_cortex.o(.conststring)
    .conststring                             0x08005b14   Section       72  stm32f4xx_hal_gpio.o(.conststring)
    .conststring                             0x08005b5c   Section       71  stm32f4xx_hal_rcc.o(.conststring)
    .conststring                             0x08005ba4   Section       71  stm32f4xx_hal_spi.o(.conststring)
    .conststring                             0x08005bec   Section       72  stm32f4xx_hal_uart.o(.conststring)
    .data                                    0x20000000   Section      148  l6470.o(.data)
    .data                                    0x20000094   Section       24  l6470.o(.data)
    .data                                    0x200000ac   Section        2  l6470.o(.data)
    .data                                    0x200000b0   Section       12  stm32f4xx_nucleo.o(.data)
    .data                                    0x200000bc   Section       80  xnucleoihm02a1.o(.data)
    .data                                    0x2000010c   Section      660  xnucleoihm02a1.o(.data)
    .data                                    0x200003a0   Section        4  system_stm32f4xx.o(.data)
    .data                                    0x200003a4   Section        4  stm32f4xx_hal.o(.data)
    uwTick                                   0x200003a4   Data           4  stm32f4xx_hal.o(.data)
    .data                                    0x200003a8   Section      154  example.o(.data)
    .bss                                     0x20000444   Section       32  l6470.o(.bss)
    .bss                                     0x20000464   Section       12  xnucleoihm02a1.o(.bss)
    .bss                                     0x20000470   Section      244  xnucleoihm02a1_interface.o(.bss)
    .bss                                     0x20000564   Section      262  example_usart.o(.bss)
    HexValue                                 0x20000564   Data           9  example_usart.o(.bss)
    .bss                                     0x2000066c   Section       64  example_usart.o(.bss)
    STACK                                    0x200006b0   Section     1024  startup_stm32f401xe.o(STACK)

    Global Symbols

    Symbol Name                              Value     Ov Type        Size  Object(Section)

    BuildAttributes$$THM_ISAv4$E$P$D$K$B$S$7EM$VFPi3$EXTD16$VFPS$VFMA$PE$A:L22UL41UL21$X:L11$S22US41US21$IEEE1$IW$USESV6$~STKCKD$USESV7$~SHL$OTIME$ROPI$EBA8$MICROLIB$REQ8$PRES8$EABIv2 0x00000000   Number         0  anon$$obj.o ABSOLUTE
    __ARM_use_no_argv                        0x00000000   Number         0  main.o ABSOLUTE
    __arm_fini_                               - Undefined Weak Reference
    __cpp_initialize__aeabi_                  - Undefined Weak Reference
    __cxa_finalize                            - Undefined Weak Reference
    _clock_init                               - Undefined Weak Reference
    _microlib_exit                            - Undefined Weak Reference
    __Vectors_Size                           0x00000194   Number         0  startup_stm32f401xe.o ABSOLUTE
    __Vectors                                0x08000000   Data           4  startup_stm32f401xe.o(RESET)
    __Vectors_End                            0x08000194   Data           0  startup_stm32f401xe.o(RESET)
    __main                                   0x08000195   Thumb Code     0  entry.o(.ARM.Collect$$$$00000000)
    _main_stk                                0x08000195   Thumb Code     0  entry2.o(.ARM.Collect$$$$00000001)
    _main_scatterload                        0x08000199   Thumb Code     0  entry5.o(.ARM.Collect$$$$00000004)
    __main_after_scatterload                 0x0800019d   Thumb Code     0  entry5.o(.ARM.Collect$$$$00000004)
    _main_clock                              0x0800019d   Thumb Code     0  entry7b.o(.ARM.Collect$$$$00000008)
    _main_cpp_init                           0x0800019d   Thumb Code     0  entry8b.o(.ARM.Collect$$$$0000000A)
    _main_init                               0x0800019d   Thumb Code     0  entry9a.o(.ARM.Collect$$$$0000000B)
    __rt_lib_shutdown_fini                   0x080001a5   Thumb Code     0  entry12b.o(.ARM.Collect$$$$0000000E)
    __rt_final_cpp                           0x080001a9   Thumb Code     0  entry10a.o(.ARM.Collect$$$$0000000F)
    __rt_final_exit                          0x080001a9   Thumb Code     0  entry11a.o(.ARM.Collect$$$$00000011)
    Reset_Handler                            0x080001ad   Thumb Code     8  startup_stm32f401xe.o(.text)
    NMI_Handler                              0x080001b5   Thumb Code     2  startup_stm32f401xe.o(.text)
    HardFault_Handler                        0x080001b7   Thumb Code     2  startup_stm32f401xe.o(.text)
    MemManage_Handler                        0x080001b9   Thumb Code     2  startup_stm32f401xe.o(.text)
    BusFault_Handler                         0x080001bb   Thumb Code     2  startup_stm32f401xe.o(.text)
    UsageFault_Handler                       0x080001bd   Thumb Code     2  startup_stm32f401xe.o(.text)
    SVC_Handler                              0x080001bf   Thumb Code     2  startup_stm32f401xe.o(.text)
    DebugMon_Handler                         0x080001c1   Thumb Code     2  startup_stm32f401xe.o(.text)
    PendSV_Handler                           0x080001c3   Thumb Code     2  startup_stm32f401xe.o(.text)
    ADC_IRQHandler                           0x080001c7   Thumb Code     0  startup_stm32f401xe.o(.text)
    DMA1_Stream0_IRQHandler                  0x080001c7   Thumb Code     0  startup_stm32f401xe.o(.text)
    DMA1_Stream1_IRQHandler                  0x080001c7   Thumb Code     0  startup_stm32f401xe.o(.text)
    DMA1_Stream2_IRQHandler                  0x080001c7   Thumb Code     0  startup_stm32f401xe.o(.text)
    DMA1_Stream3_IRQHandler                  0x080001c7   Thumb Code     0  startup_stm32f401xe.o(.text)
    DMA1_Stream4_IRQHandler                  0x080001c7   Thumb Code     0  startup_stm32f401xe.o(.text)
    DMA1_Stream5_IRQHandler                  0x080001c7   Thumb Code     0  startup_stm32f401xe.o(.text)
    DMA1_Stream6_IRQHandler                  0x080001c7   Thumb Code     0  startup_stm32f401xe.o(.text)
    DMA1_Stream7_IRQHandler                  0x080001c7   Thumb Code     0  startup_stm32f401xe.o(.text)
    DMA2_Stream0_IRQHandler                  0x080001c7   Thumb Code     0  startup_stm32f401xe.o(.text)
    DMA2_Stream1_IRQHandler                  0x080001c7   Thumb Code     0  startup_stm32f401xe.o(.text)
    DMA2_Stream2_IRQHandler                  0x080001c7   Thumb Code     0  startup_stm32f401xe.o(.text)
    DMA2_Stream3_IRQHandler                  0x080001c7   Thumb Code     0  startup_stm32f401xe.o(.text)
    DMA2_Stream4_IRQHandler                  0x080001c7   Thumb Code     0  startup_stm32f401xe.o(.text)
    DMA2_Stream5_IRQHandler                  0x080001c7   Thumb Code     0  startup_stm32f401xe.o(.text)
    DMA2_Stream6_IRQHandler                  0x080001c7   Thumb Code     0  startup_stm32f401xe.o(.text)
    DMA2_Stream7_IRQHandler                  0x080001c7   Thumb Code     0  startup_stm32f401xe.o(.text)
    FLASH_IRQHandler                         0x080001c7   Thumb Code     0  startup_stm32f401xe.o(.text)
    FPU_IRQHandler                           0x080001c7   Thumb Code     0  startup_stm32f401xe.o(.text)
    I2C1_ER_IRQHandler                       0x080001c7   Thumb Code     0  startup_stm32f401xe.o(.text)
    I2C1_EV_IRQHandler                       0x080001c7   Thumb Code     0  startup_stm32f401xe.o(.text)
    I2C2_ER_IRQHandler                       0x080001c7   Thumb Code     0  startup_stm32f401xe.o(.text)
    I2C2_EV_IRQHandler                       0x080001c7   Thumb Code     0  startup_stm32f401xe.o(.text)
    I2C3_ER_IRQHandler                       0x080001c7   Thumb Code     0  startup_stm32f401xe.o(.text)
    I2C3_EV_IRQHandler                       0x080001c7   Thumb Code     0  startup_stm32f401xe.o(.text)
    OTG_FS_IRQHandler                        0x080001c7   Thumb Code     0  startup_stm32f401xe.o(.text)
    OTG_FS_WKUP_IRQHandler                   0x080001c7   Thumb Code     0  startup_stm32f401xe.o(.text)
    PVD_IRQHandler                           0x080001c7   Thumb Code     0  startup_stm32f401xe.o(.text)
    RCC_IRQHandler                           0x080001c7   Thumb Code     0  startup_stm32f401xe.o(.text)
    RTC_Alarm_IRQHandler                     0x080001c7   Thumb Code     0  startup_stm32f401xe.o(.text)
    RTC_WKUP_IRQHandler                      0x080001c7   Thumb Code     0  startup_stm32f401xe.o(.text)
    SDIO_IRQHandler                          0x080001c7   Thumb Code     0  startup_stm32f401xe.o(.text)
    SPI1_IRQHandler                          0x080001c7   Thumb Code     0  startup_stm32f401xe.o(.text)
    SPI2_IRQHandler                          0x080001c7   Thumb Code     0  startup_stm32f401xe.o(.text)
    SPI3_IRQHandler                          0x080001c7   Thumb Code     0  startup_stm32f401xe.o(.text)
    SPI4_IRQHandler                          0x080001c7   Thumb Code     0  startup_stm32f401xe.o(.text)
    TAMP_STAMP_IRQHandler                    0x080001c7   Thumb Code     0  startup_stm32f401xe.o(.text)
    TIM1_BRK_TIM9_IRQHandler                 0x080001c7   Thumb Code     0  startup_stm32f401xe.o(.text)
    TIM1_CC_IRQHandler                       0x080001c7   Thumb Code     0  startup_stm32f401xe.o(.text)
    TIM1_TRG_COM_TIM11_IRQHandler            0x080001c7   Thumb Code     0  startup_stm32f401xe.o(.text)
    TIM1_UP_TIM10_IRQHandler                 0x080001c7   Thumb Code     0  startup_stm32f401xe.o(.text)
    TIM2_IRQHandler                          0x080001c7   Thumb Code     0  startup_stm32f401xe.o(.text)
    TIM3_IRQHandler                          0x080001c7   Thumb Code     0  startup_stm32f401xe.o(.text)
    TIM4_IRQHandler                          0x080001c7   Thumb Code     0  startup_stm32f401xe.o(.text)
    TIM5_IRQHandler                          0x080001c7   Thumb Code     0  startup_stm32f401xe.o(.text)
    USART1_IRQHandler                        0x080001c7   Thumb Code     0  startup_stm32f401xe.o(.text)
    WWDG_IRQHandler                          0x080001c7   Thumb Code     0  startup_stm32f401xe.o(.text)
    __aeabi_memset                           0x080001d1   Thumb Code    14  memseta.o(.text)
    __aeabi_memset4                          0x080001d1   Thumb Code     0  memseta.o(.text)
    __aeabi_memset8                          0x080001d1   Thumb Code     0  memseta.o(.text)
    __aeabi_memclr                           0x080001df   Thumb Code     4  memseta.o(.text)
    __aeabi_memclr4                          0x080001df   Thumb Code     0  memseta.o(.text)
    __aeabi_memclr8                          0x080001df   Thumb Code     0  memseta.o(.text)
    _memset$wrapper                          0x080001e3   Thumb Code    18  memseta.o(.text)
    __aeabi_dmul                             0x080001f5   Thumb Code   228  dmul.o(.text)
    __aeabi_i2d                              0x080002d9   Thumb Code    34  dflti.o(.text)
    __aeabi_ui2d                             0x080002fb   Thumb Code    26  dfltui.o(.text)
    __aeabi_d2iz                             0x08000315   Thumb Code    62  dfixi.o(.text)
    __aeabi_d2uiz                            0x08000353   Thumb Code    50  dfixui.o(.text)
    __aeabi_f2d                              0x08000385   Thumb Code    38  f2d.o(.text)
    __aeabi_d2f                              0x080003ab   Thumb Code    56  d2f.o(.text)
    __aeabi_llsl                             0x080003e3   Thumb Code    30  llshl.o(.text)
    _ll_shift_l                              0x080003e3   Thumb Code     0  llshl.o(.text)
    __aeabi_llsr                             0x08000401   Thumb Code    32  llushr.o(.text)
    _ll_ushift_r                             0x08000401   Thumb Code     0  llushr.o(.text)
    __I$use$fp                               0x08000421   Thumb Code     0  iusefp.o(.text)
    _float_round                             0x08000421   Thumb Code    18  fepilogue.o(.text)
    _float_epilogue                          0x08000433   Thumb Code    92  fepilogue.o(.text)
    _double_round                            0x0800048f   Thumb Code    30  depilogue.o(.text)
    _double_epilogue                         0x080004ad   Thumb Code   156  depilogue.o(.text)
    __scatterload                            0x08000549   Thumb Code    28  init.o(.text)
    __scatterload_rt2                        0x08000549   Thumb Code     0  init.o(.text)
    __decompress                             0x0800056d   Thumb Code     0  __dczerorl2.o(.text)
    __decompress1                            0x0800056d   Thumb Code    86  __dczerorl2.o(.text)
    AbsPos_2_Position                        0x080005c3   Thumb Code    12  l6470.o(i.AbsPos_2_Position)
    Acc_2_Step_s2                            0x080005d1   Thumb Code    30  l6470.o(i.Acc_2_Step_s2)
    BSP_0_Config                             0x080005f9   Thumb Code     8  xnucleoihm02a1.o(i.BSP_0_Config)
    BSP_1_Config                             0x08000605   Thumb Code     8  xnucleoihm02a1.o(i.BSP_1_Config)
    BSP_2_Config                             0x08000611   Thumb Code     8  xnucleoihm02a1.o(i.BSP_2_Config)
    BSP_3_Config                             0x0800061d   Thumb Code     8  xnucleoihm02a1.o(i.BSP_3_Config)
    BSP_Config                               0x08000629   Thumb Code    34  xnucleoihm02a1.o(i.BSP_Config)
    BSP_EmergencyStop                        0x0800064d   Thumb Code    14  xnucleoihm02a1.o(i.BSP_EmergencyStop)
    BSP_GetExpansionBoardHandle              0x08000661   Thumb Code    70  xnucleoihm02a1.o(i.BSP_GetExpansionBoardHandle)
    BSP_IRQ                                  0x080006ad   Thumb Code    38  xnucleoihm02a1.o(i.BSP_IRQ)
    BSP_Init                                 0x080006d3   Thumb Code    30  xnucleoihm02a1.o(i.BSP_Init)
    BSP_L6470_0_0_Config                     0x080006f1   Thumb Code     8  xnucleoihm02a1.o(i.BSP_L6470_0_0_Config)
    BSP_L6470_0_1_Config                     0x080006fd   Thumb Code     8  xnucleoihm02a1.o(i.BSP_L6470_0_1_Config)
    BSP_L6470_1_0_Config                     0x08000709   Thumb Code     8  xnucleoihm02a1.o(i.BSP_L6470_1_0_Config)
    BSP_L6470_1_1_Config                     0x08000715   Thumb Code     8  xnucleoihm02a1.o(i.BSP_L6470_1_1_Config)
    BSP_L6470_2_0_Config                     0x08000721   Thumb Code     8  xnucleoihm02a1.o(i.BSP_L6470_2_0_Config)
    BSP_L6470_2_1_Config                     0x0800072d   Thumb Code     8  xnucleoihm02a1.o(i.BSP_L6470_2_1_Config)
    BSP_L6470_3_0_Config                     0x08000739   Thumb Code     8  xnucleoihm02a1.o(i.BSP_L6470_3_0_Config)
    BSP_L6470_3_1_Config                     0x08000745   Thumb Code     8  xnucleoihm02a1.o(i.BSP_L6470_3_1_Config)
    BSP_L6470_BusySynchEventManager          0x08000751   Thumb Code     4  xnucleoihm02a1.o(i.BSP_L6470_BusySynchEventManager)
    BSP_L6470_CheckStatusRegisterFlag        0x08000755   Thumb Code    28  xnucleoihm02a1.o(i.BSP_L6470_CheckStatusRegisterFlag)
    BSP_L6470_FlagEventManager               0x08000771   Thumb Code     4  xnucleoihm02a1.o(i.BSP_L6470_FlagEventManager)
    BSP_L6470_GetParam                       0x08000775   Thumb Code    28  xnucleoihm02a1.o(i.BSP_L6470_GetParam)
    BSP_L6470_GetStatus                      0x08000791   Thumb Code    24  xnucleoihm02a1.o(i.BSP_L6470_GetStatus)
    BSP_L6470_GoHome                         0x080007a9   Thumb Code    24  xnucleoihm02a1.o(i.BSP_L6470_GoHome)
    BSP_L6470_GoMark                         0x080007c1   Thumb Code    24  xnucleoihm02a1.o(i.BSP_L6470_GoMark)
    BSP_L6470_GoTo                           0x080007d9   Thumb Code    28  xnucleoihm02a1.o(i.BSP_L6470_GoTo)
    BSP_L6470_GoToDir                        0x080007f5   Thumb Code    32  xnucleoihm02a1.o(i.BSP_L6470_GoToDir)
    BSP_L6470_GoUntil                        0x08000815   Thumb Code    40  xnucleoihm02a1.o(i.BSP_L6470_GoUntil)
    BSP_L6470_HardHiZ                        0x0800083d   Thumb Code    24  xnucleoihm02a1.o(i.BSP_L6470_HardHiZ)
    BSP_L6470_HardStop                       0x08000855   Thumb Code    24  xnucleoihm02a1.o(i.BSP_L6470_HardStop)
    BSP_L6470_Init                           0x0800086d   Thumb Code   116  xnucleoihm02a1.o(i.BSP_L6470_Init)
    BSP_L6470_Move                           0x080008e9   Thumb Code    32  xnucleoihm02a1.o(i.BSP_L6470_Move)
    BSP_L6470_ReleaseSW                      0x08000909   Thumb Code    32  xnucleoihm02a1.o(i.BSP_L6470_ReleaseSW)
    BSP_L6470_ResetDevice                    0x08000929   Thumb Code    24  xnucleoihm02a1.o(i.BSP_L6470_ResetDevice)
    BSP_L6470_ResetPos                       0x08000941   Thumb Code    24  xnucleoihm02a1.o(i.BSP_L6470_ResetPos)
    BSP_L6470_Run                            0x08000959   Thumb Code    32  xnucleoihm02a1.o(i.BSP_L6470_Run)
    BSP_L6470_SetParam                       0x08000979   Thumb Code    32  xnucleoihm02a1.o(i.BSP_L6470_SetParam)
    BSP_L6470_SoftHiZ                        0x08000999   Thumb Code    24  xnucleoihm02a1.o(i.BSP_L6470_SoftHiZ)
    BSP_L6470_SoftStop                       0x080009b1   Thumb Code    24  xnucleoihm02a1.o(i.BSP_L6470_SoftStop)
    BSP_L6470_StepClock                      0x080009c9   Thumb Code    28  xnucleoihm02a1.o(i.BSP_L6470_StepClock)
    BSP_LED_Init                             0x080009e5   Thumb Code    76  stm32f4xx_nucleo.o(i.BSP_LED_Init)
    BSP_LED_Off                              0x08000a3d   Thumb Code    18  stm32f4xx_nucleo.o(i.BSP_LED_Off)
    BSP_LED_On                               0x08000a59   Thumb Code    18  stm32f4xx_nucleo.o(i.BSP_LED_On)
    BSP_NUCLEO_GPIO_Init                     0x08000a75   Thumb Code   200  xnucleoihm02a1.o(i.BSP_NUCLEO_GPIO_Init)
    BSP_PB_Init                              0x08000b49   Thumb Code   118  stm32f4xx_nucleo.o(i.BSP_PB_Init)
    BSP_Select                               0x08000bd1   Thumb Code    38  xnucleoihm02a1.o(i.BSP_Select)
    Dec_2_Step_s2                            0x08000c01   Thumb Code    30  l6470.o(i.Dec_2_Step_s2)
    EXPBRD_ID                                0x08000c29   Thumb Code     8  xnucleoihm02a1.o(i.EXPBRD_ID)
    EXTI0_IRQHandler                         0x08000c31   Thumb Code     6  stm32f4xx_it.o(i.EXTI0_IRQHandler)
    EXTI15_10_IRQHandler                     0x08000c37   Thumb Code    54  stm32f4xx_it.o(i.EXTI15_10_IRQHandler)
    EXTI1_IRQHandler                         0x08000c6d   Thumb Code     6  stm32f4xx_it.o(i.EXTI1_IRQHandler)
    EXTI2_IRQHandler                         0x08000c73   Thumb Code     6  stm32f4xx_it.o(i.EXTI2_IRQHandler)
    EXTI3_IRQHandler                         0x08000c79   Thumb Code     6  stm32f4xx_it.o(i.EXTI3_IRQHandler)
    EXTI4_IRQHandler                         0x08000c7f   Thumb Code     6  stm32f4xx_it.o(i.EXTI4_IRQHandler)
    EXTI9_5_IRQHandler                       0x08000c85   Thumb Code    34  stm32f4xx_it.o(i.EXTI9_5_IRQHandler)
    GetMotorParameterInitData                0x08000ca9   Thumb Code     4  params.o(i.GetMotorParameterInitData)
    HAL_Delay                                0x08000cb1   Thumb Code    22  stm32f4xx_hal.o(i.HAL_Delay)
    HAL_GPIO_EXTI_Callback                   0x08000cc9   Thumb Code  1232  example.o(i.HAL_GPIO_EXTI_Callback)
    HAL_GPIO_EXTI_IRQHandler                 0x08001199   Thumb Code    18  stm32f4xx_hal_gpio.o(i.HAL_GPIO_EXTI_IRQHandler)
    HAL_GPIO_Init                            0x080011b1   Thumb Code   588  stm32f4xx_hal_gpio.o(i.HAL_GPIO_Init)
    HAL_GPIO_WritePin                        0x0800143d   Thumb Code    50  stm32f4xx_hal_gpio.o(i.HAL_GPIO_WritePin)
    HAL_GetTick                              0x08001475   Thumb Code     6  stm32f4xx_hal.o(i.HAL_GetTick)
    HAL_IncTick                              0x08001481   Thumb Code    10  stm32f4xx_hal.o(i.HAL_IncTick)
    HAL_Init                                 0x08001491   Thumb Code    48  stm32f4xx_hal.o(i.HAL_Init)
    HAL_InitTick                             0x080014c5   Thumb Code    34  stm32f4xx_hal.o(i.HAL_InitTick)
    HAL_MspInit                              0x080014e7   Thumb Code    22  stm32f4xx_hal_msp.o(i.HAL_MspInit)
    HAL_NVIC_DisableIRQ                      0x080014fd   Thumb Code    38  stm32f4xx_hal_cortex.o(i.HAL_NVIC_DisableIRQ)
    HAL_NVIC_EnableIRQ                       0x08001529   Thumb Code    38  stm32f4xx_hal_cortex.o(i.HAL_NVIC_EnableIRQ)
    HAL_NVIC_SetPriority                     0x08001555   Thumb Code    94  stm32f4xx_hal_cortex.o(i.HAL_NVIC_SetPriority)
    HAL_NVIC_SetPriorityGrouping             0x080015bd   Thumb Code    58  stm32f4xx_hal_cortex.o(i.HAL_NVIC_SetPriorityGrouping)
    HAL_RCC_ClockConfig                      0x08001605   Thumb Code   816  stm32f4xx_hal_rcc.o(i.HAL_RCC_ClockConfig)
    HAL_RCC_GetHCLKFreq                      0x08001941   Thumb Code    38  stm32f4xx_hal_rcc.o(i.HAL_RCC_GetHCLKFreq)
    HAL_RCC_GetPCLK1Freq                     0x08001975   Thumb Code    36  stm32f4xx_hal_rcc.o(i.HAL_RCC_GetPCLK1Freq)
    HAL_RCC_GetPCLK2Freq                     0x080019a1   Thumb Code    36  stm32f4xx_hal_rcc.o(i.HAL_RCC_GetPCLK2Freq)
    HAL_RCC_GetSysClockFreq                  0x080019cd   Thumb Code   120  stm32f4xx_hal_rcc.o(i.HAL_RCC_GetSysClockFreq)
    HAL_RCC_OscConfig                        0x08001a4d   Thumb Code  1110  stm32f4xx_hal_rcc.o(i.HAL_RCC_OscConfig)
    HAL_SPI_Init                             0x08001ea5   Thumb Code   362  stm32f4xx_hal_spi.o(i.HAL_SPI_Init)
    HAL_SPI_MspInit                          0x08002015   Thumb Code   190  stm32f4xx_hal_msp.o(i.HAL_SPI_MspInit)
    HAL_SPI_TransmitReceive                  0x080020e9   Thumb Code   790  stm32f4xx_hal_spi.o(i.HAL_SPI_TransmitReceive)
    HAL_SYSTICK_Callback                     0x08002405   Thumb Code     2  stm32f4xx_hal_cortex.o(i.HAL_SYSTICK_Callback)
    HAL_SYSTICK_Config                       0x08002407   Thumb Code    40  stm32f4xx_hal_cortex.o(i.HAL_SYSTICK_Config)
    HAL_SYSTICK_IRQHandler                   0x0800242f   Thumb Code     8  stm32f4xx_hal_cortex.o(i.HAL_SYSTICK_IRQHandler)
    HAL_UART_ErrorCallback                   0x08002437   Thumb Code     2  stm32f4xx_hal_uart.o(i.HAL_UART_ErrorCallback)
    HAL_UART_IRQHandler                      0x08002439   Thumb Code   218  stm32f4xx_hal_uart.o(i.HAL_UART_IRQHandler)
    HAL_UART_Init                            0x08002515   Thumb Code   222  stm32f4xx_hal_uart.o(i.HAL_UART_Init)
    HAL_UART_MspInit                         0x08002605   Thumb Code   192  stm32f4xx_hal_msp.o(i.HAL_UART_MspInit)
    HAL_UART_Receive                         0x080026d9   Thumb Code   224  stm32f4xx_hal_uart.o(i.HAL_UART_Receive)
    HAL_UART_RxCpltCallback                  0x080027b9   Thumb Code     2  stm32f4xx_hal_uart.o(i.HAL_UART_RxCpltCallback)
    HAL_UART_Transmit                        0x080027bb   Thumb Code   216  stm32f4xx_hal_uart.o(i.HAL_UART_Transmit)
    HAL_UART_TxCpltCallback                  0x08002893   Thumb Code     2  stm32f4xx_hal_uart.o(i.HAL_UART_TxCpltCallback)
    L6470_CheckStatusRegisterFlag            0x08002895   Thumb Code   134  l6470.o(i.L6470_CheckStatusRegisterFlag)
    L6470_Config                             0x08002921   Thumb Code   502  l6470.o(i.L6470_Config)
    L6470_DaisyChainCommand                  0x08002b1d   Thumb Code   106  l6470.o(i.L6470_DaisyChainCommand)
    L6470_ExtractReturnedData                0x08002b95   Thumb Code    32  l6470.o(i.L6470_ExtractReturnedData)
    L6470_FillAppCmdPkg                      0x08002bb5   Thumb Code    20  l6470.o(i.L6470_FillAppCmdPkg)
    L6470_GetParam                           0x08002bc9   Thumb Code    70  l6470.o(i.L6470_GetParam)
    L6470_GetRegisterName                    0x08002c1d   Thumb Code    22  l6470.o(i.L6470_GetRegisterName)
    L6470_GetStatus                          0x08002c3d   Thumb Code    56  l6470.o(i.L6470_GetStatus)
    L6470_GoHome                             0x08002c7d   Thumb Code    40  l6470.o(i.L6470_GoHome)
    L6470_GoMark                             0x08002cad   Thumb Code    40  l6470.o(i.L6470_GoMark)
    L6470_GoTo                               0x08002cdd   Thumb Code    48  l6470.o(i.L6470_GoTo)
    L6470_GoToDir                            0x08002d15   Thumb Code    48  l6470.o(i.L6470_GoToDir)
    L6470_GoUntil                            0x08002d4d   Thumb Code    38  l6470.o(i.L6470_GoUntil)
    L6470_HardHiZ                            0x08002d7d   Thumb Code    40  l6470.o(i.L6470_HardHiZ)
    L6470_HardStop                           0x08002dad   Thumb Code    40  l6470.o(i.L6470_HardStop)
    L6470_ID                                 0x08002ddd   Thumb Code    12  l6470.o(i.L6470_ID)
    L6470_Move                               0x08002de9   Thumb Code    40  l6470.o(i.L6470_Move)
    L6470_PerformPreparedApplicationCommand  0x08002e19   Thumb Code    26  l6470.o(i.L6470_PerformPreparedApplicationCommand)
    L6470_PrepareAppCmdPkg                   0x08002e3d   Thumb Code    54  l6470.o(i.L6470_PrepareAppCmdPkg)
    L6470_PrepareDaisyChainCommand           0x08002e79   Thumb Code   530  l6470.o(i.L6470_PrepareDaisyChainCommand)
    L6470_PrepareGetParam                    0x08003091   Thumb Code    20  l6470.o(i.L6470_PrepareGetParam)
    L6470_PrepareGetStatus                   0x080030a9   Thumb Code    20  l6470.o(i.L6470_PrepareGetStatus)
    L6470_PrepareGoHome                      0x080030c1   Thumb Code    20  l6470.o(i.L6470_PrepareGoHome)
    L6470_PrepareGoMark                      0x080030d9   Thumb Code    20  l6470.o(i.L6470_PrepareGoMark)
    L6470_PrepareGoTo                        0x080030f1   Thumb Code    20  l6470.o(i.L6470_PrepareGoTo)
    L6470_PrepareGoToDir                     0x08003109   Thumb Code    20  l6470.o(i.L6470_PrepareGoToDir)
    L6470_PrepareGoUntil                     0x08003121   Thumb Code    18  l6470.o(i.L6470_PrepareGoUntil)
    L6470_PrepareHardHiZ                     0x08003139   Thumb Code    20  l6470.o(i.L6470_PrepareHardHiZ)
    L6470_PrepareHardStop                    0x08003151   Thumb Code    20  l6470.o(i.L6470_PrepareHardStop)
    L6470_PrepareMove                        0x08003169   Thumb Code    20  l6470.o(i.L6470_PrepareMove)
    L6470_PrepareReleaseSW                   0x08003181   Thumb Code    20  l6470.o(i.L6470_PrepareReleaseSW)
    L6470_PrepareResetDevice                 0x08003199   Thumb Code    20  l6470.o(i.L6470_PrepareResetDevice)
    L6470_PrepareResetPos                    0x080031b1   Thumb Code    20  l6470.o(i.L6470_PrepareResetPos)
    L6470_PrepareRun                         0x080031c9   Thumb Code    20  l6470.o(i.L6470_PrepareRun)
    L6470_PrepareSetParam                    0x080031e1   Thumb Code    20  l6470.o(i.L6470_PrepareSetParam)
    L6470_PrepareSoftHiZ                     0x080031f9   Thumb Code    20  l6470.o(i.L6470_PrepareSoftHiZ)
    L6470_PrepareSoftStop                    0x08003211   Thumb Code    20  l6470.o(i.L6470_PrepareSoftStop)
    L6470_PrepareStepClock                   0x08003229   Thumb Code    20  l6470.o(i.L6470_PrepareStepClock)
    L6470_ReleaseSW                          0x08003241   Thumb Code    40  l6470.o(i.L6470_ReleaseSW)
    L6470_ResetAppCmdPkg                     0x08003271   Thumb Code    26  l6470.o(i.L6470_ResetAppCmdPkg)
    L6470_ResetDevice                        0x0800328d   Thumb Code    40  l6470.o(i.L6470_ResetDevice)
    L6470_ResetPos                           0x080032bd   Thumb Code    40  l6470.o(i.L6470_ResetPos)
    L6470_Run                                0x080032ed   Thumb Code    40  l6470.o(i.L6470_Run)
    L6470_SetParam                           0x0800331d   Thumb Code    40  l6470.o(i.L6470_SetParam)
    L6470_SoftHiZ                            0x0800334d   Thumb Code    40  l6470.o(i.L6470_SoftHiZ)
    L6470_SoftStop                           0x0800337d   Thumb Code    40  l6470.o(i.L6470_SoftStop)
    L6470_StepClock                          0x080033ad   Thumb Code    40  l6470.o(i.L6470_StepClock)
    Limit_Touch_Reset                        0x080033dd   Thumb Code   122  example.o(i.Limit_Touch_Reset)
    MX_GPIO_Init                             0x0800345d   Thumb Code   186  xnucleoihm02a1_interface.o(i.MX_GPIO_Init)
    MX_SPI1_Init                             0x08003529   Thumb Code   126  xnucleoihm02a1_interface.o(i.MX_SPI1_Init)
    MX_SPI_Init                              0x080035b5   Thumb Code     4  xnucleoihm02a1_interface.o(i.MX_SPI_Init)
    MX_USART2_Init                           0x080035b9   Thumb Code    32  xnucleoihm02a1_interface.o(i.MX_USART2_Init)
    MX_USART6_Init                           0x080035e1   Thumb Code    32  xnucleoihm02a1_interface.o(i.MX_USART6_Init)
    MaxSpeed_2_Step_s                        0x08003609   Thumb Code    30  l6470.o(i.MaxSpeed_2_Step_s)
    MicrosteppingMotor_Example_01            0x08003631   Thumb Code  3748  example.o(i.MicrosteppingMotor_Example_01)
    MinSpeed_2_Step_s                        0x080044dd   Thumb Code    30  l6470.o(i.MinSpeed_2_Step_s)
    NUCLEO_Board_Init                        0x08004505   Thumb Code    40  xnucleoihm02a1_interface.o(i.NUCLEO_Board_Init)
    Position_2_AbsPos                        0x0800454d   Thumb Code    28  l6470.o(i.Position_2_AbsPos)
    Speed_2_Step_s                           0x08004641   Thumb Code    18  l6470.o(i.Speed_2_Step_s)
    Step_s2_2_Acc                            0x08004659   Thumb Code    34  l6470.o(i.Step_s2_2_Acc)
    Step_s2_2_Dec                            0x08004685   Thumb Code    34  l6470.o(i.Step_s2_2_Dec)
    Step_s_2_FsSpd                           0x080046b1   Thumb Code    42  l6470.o(i.Step_s_2_FsSpd)
    Step_s_2_IntSpeed                        0x080046e5   Thumb Code    34  l6470.o(i.Step_s_2_IntSpeed)
    Step_s_2_MaxSpeed                        0x08004711   Thumb Code    34  l6470.o(i.Step_s_2_MaxSpeed)
    Step_s_2_MinSpeed                        0x0800473d   Thumb Code    34  l6470.o(i.Step_s_2_MinSpeed)
    Step_s_2_Speed                           0x08004769   Thumb Code    32  l6470.o(i.Step_s_2_Speed)
    SysTick_Handler                          0x08004791   Thumb Code    14  stm32f4xx_it.o(i.SysTick_Handler)
    SystemClock_Config                       0x080047a1   Thumb Code   110  xnucleoihm02a1_interface.o(i.SystemClock_Config)
    SystemInit                               0x08004819   Thumb Code    66  system_stm32f4xx.o(i.SystemInit)
    USART2_IRQHandler                        0x08004cdd   Thumb Code    18  stm32f4xx_it.o(i.USART2_IRQHandler)
    USART6_IRQHandler                        0x08004cf5   Thumb Code    18  stm32f4xx_it.o(i.USART6_IRQHandler)
    USART_ITCharManager                      0x08004d0d   Thumb Code   102  example_usart.o(i.USART_ITCharManager)
    USART_PrintAllRegisterValues             0x08004d79   Thumb Code    60  example_usart.o(i.USART_PrintAllRegisterValues)
    USART_PrintRegisterValues                0x08004db5   Thumb Code   160  example_usart.o(i.USART_PrintRegisterValues)
    USART_Transmit                           0x08004e9d   Thumb Code    24  example_usart.o(i.USART_Transmit)
    UintHex2Dec                              0x08004eb5   Thumb Code    40  example.o(i.UintHex2Dec)
    User_LED_Blinking                        0x08004edd   Thumb Code    44  xnucleoihm02a1_interface.o(i.User_LED_Blinking)
    __scatterload_copy                       0x08004f09   Thumb Code    14  handlers.o(i.__scatterload_copy)
    __scatterload_null                       0x08004f17   Thumb Code     2  handlers.o(i.__scatterload_null)
    __scatterload_zeroinit                   0x08004f19   Thumb Code    14  handlers.o(i.__scatterload_zeroinit)
    assert_failed                            0x08004f27   Thumb Code     2  main.o(i.assert_failed)
    limit_command                            0x08004f29   Thumb Code   958  example.o(i.limit_command)
    mA_2_OcdTh                               0x080052f1   Thumb Code    72  l6470.o(i.mA_2_OcdTh)
    mA_2_StallTh                             0x08005341   Thumb Code    72  l6470.o(i.mA_2_StallTh)
    main                                     0x08005391   Thumb Code    14  main.o(i.main)
    num2hex                                  0x080053a1   Thumb Code    90  example_usart.o(i.num2hex)
    s_Step_2_FnSlpAcc                        0x08005401   Thumb Code    34  l6470.o(i.s_Step_2_FnSlpAcc)
    s_Step_2_FnSlpDec                        0x0800542d   Thumb Code    34  l6470.o(i.s_Step_2_FnSlpDec)
    s_Step_2_StSlp                           0x08005459   Thumb Code    34  l6470.o(i.s_Step_2_StSlp)
    usrPow                                   0x08005485   Thumb Code    60  example.o(i.usrPow)
    value2Hextwo                             0x080054c9   Thumb Code    16  example.o(i.value2Hextwo)
    L6470_Register                           0x080054d8   Data         500  l6470.o(.constdata)
    L6470_ApplicationCommand                 0x080056cc   Data         266  l6470.o(.constdata)
    L6470_Direction                          0x080057d6   Data          18  l6470.o(.constdata)
    L6470_ACT                                0x080057e8   Data          10  l6470.o(.constdata)
    BUTTON_IRQn                              0x080057f2   Data           1  stm32f4xx_nucleo.o(.constdata)
    GPIO_PIN                                 0x080057f4   Data           2  stm32f4xx_nucleo.o(.constdata)
    BUTTON_PIN                               0x080057f6   Data           2  stm32f4xx_nucleo.o(.constdata)
    APBAHBPrescTable                         0x080057f8   Data          16  stm32f4xx_hal_rcc.o(.constdata)
    MotorParameterInitData                   0x08005808   Data         704  params.o(.constdata)
    Region$$Table$$Base                      0x08005c34   Number         0  anon$$obj.o(Region$$Table)
    Region$$Table$$Limit                     0x08005c54   Number         0  anon$$obj.o(Region$$Table)
    L6470Command                             0x20000000   Data         148  l6470.o(.data)
    L6470_DaisyChain_HalfPrepared            0x20000094   Data           1  l6470.o(.data)
    delay_cnt                                0x20000095   Data           1  l6470.o(.data)
    pL6470_StatusRegister                    0x20000098   Data           4  l6470.o(.data)
    L6470_DaisyChainSpiTxStruct              0x2000009c   Data           8  l6470.o(.data)
    L6470_DaisyChainSpiRxStruct              0x200000a4   Data           8  l6470.o(.data)
    L6470_StatusRegister                     0x200000ac   Data           2  l6470.o(.data)
    GPIO_PORT                                0x200000b0   Data           4  stm32f4xx_nucleo.o(.data)
    BUTTON_PORT                              0x200000b4   Data           4  stm32f4xx_nucleo.o(.data)
    SpixTimeout                              0x200000b8   Data           4  stm32f4xx_nucleo.o(.data)
    XNUCLEOIHM02A1Command                    0x200000bc   Data          80  xnucleoihm02a1.o(.data)
    L6470DrvMtx                              0x2000010c   Data         480  xnucleoihm02a1.o(.data)
    XNUCLEOIHM02A1Drv                        0x200002ec   Data          96  xnucleoihm02a1.o(.data)
    L6470_nSTBY_nRST_GPIO                    0x2000034c   Data          12  xnucleoihm02a1.o(.data)
    L6470_nBUSY_SYNC_GPIO                    0x20000358   Data          12  xnucleoihm02a1.o(.data)
    L6470_nFLAG_GPIO                         0x20000364   Data          12  xnucleoihm02a1.o(.data)
    L6470_nCS_GPIO_Array                     0x20000370   Data          48  xnucleoihm02a1.o(.data)
    SystemCoreClock                          0x200003a0   Data           4  system_stm32f4xx.o(.data)
    Home_X                                   0x200003a8   Data           4  example.o(.data)
    Home_Y                                   0x200003ac   Data           4  example.o(.data)
    Home_Z                                   0x200003b0   Data           4  example.o(.data)
    Home_U                                   0x200003b4   Data           4  example.o(.data)
    LXmax                                    0x200003b8   Data           4  example.o(.data)
    LYmax                                    0x200003bc   Data           4  example.o(.data)
    LZmax                                    0x200003c0   Data           4  example.o(.data)
    LUmax                                    0x200003c4   Data           4  example.o(.data)
    LXmin                                    0x200003c8   Data           4  example.o(.data)
    LYmin                                    0x200003cc   Data           4  example.o(.data)
    LZmin                                    0x200003d0   Data           4  example.o(.data)
    LUmin                                    0x200003d4   Data           4  example.o(.data)
    Stop_Dir_x                               0x200003d8   Data           4  example.o(.data)
    Stop_Dir_y                               0x200003dc   Data           4  example.o(.data)
    Stop_Dir_z                               0x200003e0   Data           4  example.o(.data)
    Stop_Dir_u                               0x200003e4   Data           4  example.o(.data)
    LXmaxtouch                               0x200003e8   Data           4  example.o(.data)
    LYmaxtouch                               0x200003ec   Data           4  example.o(.data)
    LZmaxtouch                               0x200003f0   Data           4  example.o(.data)
    LUmaxtouch                               0x200003f4   Data           4  example.o(.data)
    LXmintouch                               0x200003f8   Data           4  example.o(.data)
    LYmintouch                               0x200003fc   Data           4  example.o(.data)
    LZmintouch                               0x20000400   Data           4  example.o(.data)
    LUmintouch                               0x20000404   Data           4  example.o(.data)
    Hometouch_X                              0x20000408   Data           4  example.o(.data)
    Hometouch_Y                              0x2000040c   Data           4  example.o(.data)
    Hometouch_Z                              0x20000410   Data           4  example.o(.data)
    Hometouch_U                              0x20000414   Data           4  example.o(.data)
    Move_value                               0x20000418   Data           4  example.o(.data)
    Move_step                                0x2000041c   Data           4  example.o(.data)
    Home_Reset_Step                          0x20000420   Data           4  example.o(.data)
    Home_Reset_Speed                         0x20000424   Data           4  example.o(.data)
    StepperMotorBoardHandle                  0x20000428   Data           4  example.o(.data)
    MotorParameterDataGlobal                 0x2000042c   Data           4  example.o(.data)
    MotorParameterDataSingle                 0x20000430   Data           4  example.o(.data)
    speed                                    0x20000434   Data           4  example.o(.data)
    limit_buffer                             0x20000438   Data          10  example.o(.data)
    L6470_AppCmdPkg                          0x20000444   Data          32  l6470.o(.bss)
    L6470_nCS_GPIO                           0x20000464   Data          12  xnucleoihm02a1.o(.bss)
    hadc1                                    0x20000470   Data          68  xnucleoihm02a1_interface.o(.bss)
    hspi1                                    0x200004b4   Data          88  xnucleoihm02a1_interface.o(.bss)
    hspi2                                    0x2000050c   Data          88  xnucleoihm02a1_interface.o(.bss)
    huart2                                   0x20000570   Data          64  example_usart.o(.bss)
    L6470_DaisyChainMnemonic                 0x200005b0   Data          26  example_usart.o(.bss)
    UsartTextString                          0x200005ca   Data          64  example_usart.o(.bss)
    L6470_TextCommandBundle                  0x2000060a   Data          96  example_usart.o(.bss)
    huart6                                   0x2000066c   Data          64  example_usart.o(.bss)
    __initial_sp                             0x20000ab0   Data           0  startup_stm32f401xe.o(STACK)



==============================================================================

Memory Map of the image

  Image Entry point : 0x08000195

  Load Region LR_IROM1 (Base: 0x08000000, Size: 0x00006098, Max: 0x00080000, ABSOLUTE, COMPRESSED[0x00005da8])

    Execution Region ER_IROM1 (Exec base: 0x08000000, Load base: 0x08000000, Size: 0x00005c54, Max: 0x00080000, ABSOLUTE)

    Exec Addr    Load Addr    Size         Type   Attr      Idx    E Section Name        Object

    0x08000000   0x08000000   0x00000194   Data   RO         3013    RESET               startup_stm32f401xe.o
    0x08000194   0x08000194   0x00000000   Code   RO         3408  * .ARM.Collect$$$$00000000  mc_w.l(entry.o)
    0x08000194   0x08000194   0x00000004   Code   RO         3431    .ARM.Collect$$$$00000001  mc_w.l(entry2.o)
    0x08000198   0x08000198   0x00000004   Code   RO         3434    .ARM.Collect$$$$00000004  mc_w.l(entry5.o)
    0x0800019c   0x0800019c   0x00000000   Code   RO         3436    .ARM.Collect$$$$00000008  mc_w.l(entry7b.o)
    0x0800019c   0x0800019c   0x00000000   Code   RO         3438    .ARM.Collect$$$$0000000A  mc_w.l(entry8b.o)
    0x0800019c   0x0800019c   0x00000008   Code   RO         3439    .ARM.Collect$$$$0000000B  mc_w.l(entry9a.o)
    0x080001a4   0x080001a4   0x00000004   Code   RO         3446    .ARM.Collect$$$$0000000E  mc_w.l(entry12b.o)
    0x080001a8   0x080001a8   0x00000000   Code   RO         3441    .ARM.Collect$$$$0000000F  mc_w.l(entry10a.o)
    0x080001a8   0x080001a8   0x00000000   Code   RO         3443    .ARM.Collect$$$$00000011  mc_w.l(entry11a.o)
    0x080001a8   0x080001a8   0x00000004   Code   RO         3432    .ARM.Collect$$$$00002712  mc_w.l(entry2.o)
    0x080001ac   0x080001ac   0x00000024   Code   RO         3014    .text               startup_stm32f401xe.o
    0x080001d0   0x080001d0   0x00000024   Code   RO         3411    .text               mc_w.l(memseta.o)
    0x080001f4   0x080001f4   0x000000e4   Code   RO         3415    .text               mf_w.l(dmul.o)
    0x080002d8   0x080002d8   0x00000022   Code   RO         3419    .text               mf_w.l(dflti.o)
    0x080002fa   0x080002fa   0x0000001a   Code   RO         3421    .text               mf_w.l(dfltui.o)
    0x08000314   0x08000314   0x0000003e   Code   RO         3423    .text               mf_w.l(dfixi.o)
    0x08000352   0x08000352   0x00000032   Code   RO         3425    .text               mf_w.l(dfixui.o)
    0x08000384   0x08000384   0x00000026   Code   RO         3427    .text               mf_w.l(f2d.o)
    0x080003aa   0x080003aa   0x00000038   Code   RO         3429    .text               mf_w.l(d2f.o)
    0x080003e2   0x080003e2   0x0000001e   Code   RO         3447    .text               mc_w.l(llshl.o)
    0x08000400   0x08000400   0x00000020   Code   RO         3449    .text               mc_w.l(llushr.o)
    0x08000420   0x08000420   0x00000000   Code   RO         3453    .text               mc_w.l(iusefp.o)
    0x08000420   0x08000420   0x0000006e   Code   RO         3454    .text               mf_w.l(fepilogue.o)
    0x0800048e   0x0800048e   0x000000ba   Code   RO         3456    .text               mf_w.l(depilogue.o)
    0x08000548   0x08000548   0x00000024   Code   RO         3458    .text               mc_w.l(init.o)
    0x0800056c   0x0800056c   0x00000056   Code   RO         3468    .text               mc_w.l(__dczerorl2.o)
    0x080005c2   0x080005c2   0x0000000c   Code   RO            4    i.AbsPos_2_Position  l6470.o
    0x080005ce   0x080005ce   0x00000002   PAD
    0x080005d0   0x080005d0   0x00000028   Code   RO            5    i.Acc_2_Step_s2     l6470.o
    0x080005f8   0x080005f8   0x0000000c   Code   RO          751    i.BSP_0_Config      xnucleoihm02a1.o
    0x08000604   0x08000604   0x0000000c   Code   RO          752    i.BSP_1_Config      xnucleoihm02a1.o
    0x08000610   0x08000610   0x0000000c   Code   RO          753    i.BSP_2_Config      xnucleoihm02a1.o
    0x0800061c   0x0800061c   0x0000000c   Code   RO          754    i.BSP_3_Config      xnucleoihm02a1.o
    0x08000628   0x08000628   0x00000022   Code   RO          755    i.BSP_Config        xnucleoihm02a1.o
    0x0800064a   0x0800064a   0x00000002   PAD
    0x0800064c   0x0800064c   0x00000014   Code   RO          756    i.BSP_EmergencyStop  xnucleoihm02a1.o
    0x08000660   0x08000660   0x0000004c   Code   RO          757    i.BSP_GetExpansionBoardHandle  xnucleoihm02a1.o
    0x080006ac   0x080006ac   0x00000026   Code   RO          758    i.BSP_IRQ           xnucleoihm02a1.o
    0x080006d2   0x080006d2   0x0000001e   Code   RO          759    i.BSP_Init          xnucleoihm02a1.o
    0x080006f0   0x080006f0   0x0000000c   Code   RO          760    i.BSP_L6470_0_0_Config  xnucleoihm02a1.o
    0x080006fc   0x080006fc   0x0000000c   Code   RO          761    i.BSP_L6470_0_1_Config  xnucleoihm02a1.o
    0x08000708   0x08000708   0x0000000c   Code   RO          762    i.BSP_L6470_1_0_Config  xnucleoihm02a1.o
    0x08000714   0x08000714   0x0000000c   Code   RO          763    i.BSP_L6470_1_1_Config  xnucleoihm02a1.o
    0x08000720   0x08000720   0x0000000c   Code   RO          764    i.BSP_L6470_2_0_Config  xnucleoihm02a1.o
    0x0800072c   0x0800072c   0x0000000c   Code   RO          765    i.BSP_L6470_2_1_Config  xnucleoihm02a1.o
    0x08000738   0x08000738   0x0000000c   Code   RO          766    i.BSP_L6470_3_0_Config  xnucleoihm02a1.o
    0x08000744   0x08000744   0x0000000c   Code   RO          767    i.BSP_L6470_3_1_Config  xnucleoihm02a1.o
    0x08000750   0x08000750   0x00000004   Code   RO          768    i.BSP_L6470_BusySynchEventManager  xnucleoihm02a1.o
    0x08000754   0x08000754   0x0000001c   Code   RO          769    i.BSP_L6470_CheckStatusRegisterFlag  xnucleoihm02a1.o
    0x08000770   0x08000770   0x00000004   Code   RO          770    i.BSP_L6470_FlagEventManager  xnucleoihm02a1.o
    0x08000774   0x08000774   0x0000001c   Code   RO          771    i.BSP_L6470_GetParam  xnucleoihm02a1.o
    0x08000790   0x08000790   0x00000018   Code   RO          772    i.BSP_L6470_GetStatus  xnucleoihm02a1.o
    0x080007a8   0x080007a8   0x00000018   Code   RO          773    i.BSP_L6470_GoHome  xnucleoihm02a1.o
    0x080007c0   0x080007c0   0x00000018   Code   RO          774    i.BSP_L6470_GoMark  xnucleoihm02a1.o
    0x080007d8   0x080007d8   0x0000001c   Code   RO          775    i.BSP_L6470_GoTo    xnucleoihm02a1.o
    0x080007f4   0x080007f4   0x00000020   Code   RO          776    i.BSP_L6470_GoToDir  xnucleoihm02a1.o
    0x08000814   0x08000814   0x00000028   Code   RO          777    i.BSP_L6470_GoUntil  xnucleoihm02a1.o
    0x0800083c   0x0800083c   0x00000018   Code   RO          778    i.BSP_L6470_HardHiZ  xnucleoihm02a1.o
    0x08000854   0x08000854   0x00000018   Code   RO          779    i.BSP_L6470_HardStop  xnucleoihm02a1.o
    0x0800086c   0x0800086c   0x0000007c   Code   RO          780    i.BSP_L6470_Init    xnucleoihm02a1.o
    0x080008e8   0x080008e8   0x00000020   Code   RO          781    i.BSP_L6470_Move    xnucleoihm02a1.o
    0x08000908   0x08000908   0x00000020   Code   RO          783    i.BSP_L6470_ReleaseSW  xnucleoihm02a1.o
    0x08000928   0x08000928   0x00000018   Code   RO          784    i.BSP_L6470_ResetDevice  xnucleoihm02a1.o
    0x08000940   0x08000940   0x00000018   Code   RO          785    i.BSP_L6470_ResetPos  xnucleoihm02a1.o
    0x08000958   0x08000958   0x00000020   Code   RO          786    i.BSP_L6470_Run     xnucleoihm02a1.o
    0x08000978   0x08000978   0x00000020   Code   RO          787    i.BSP_L6470_SetParam  xnucleoihm02a1.o
    0x08000998   0x08000998   0x00000018   Code   RO          788    i.BSP_L6470_SoftHiZ  xnucleoihm02a1.o
    0x080009b0   0x080009b0   0x00000018   Code   RO          789    i.BSP_L6470_SoftStop  xnucleoihm02a1.o
    0x080009c8   0x080009c8   0x0000001c   Code   RO          790    i.BSP_L6470_StepClock  xnucleoihm02a1.o
    0x080009e4   0x080009e4   0x00000058   Code   RO          578    i.BSP_LED_Init      stm32f4xx_nucleo.o
    0x08000a3c   0x08000a3c   0x0000001c   Code   RO          579    i.BSP_LED_Off       stm32f4xx_nucleo.o
    0x08000a58   0x08000a58   0x0000001c   Code   RO          580    i.BSP_LED_On        stm32f4xx_nucleo.o
    0x08000a74   0x08000a74   0x000000d4   Code   RO          791    i.BSP_NUCLEO_GPIO_Init  xnucleoihm02a1.o
    0x08000b48   0x08000b48   0x00000088   Code   RO          583    i.BSP_PB_Init       stm32f4xx_nucleo.o
    0x08000bd0   0x08000bd0   0x00000030   Code   RO          792    i.BSP_Select        xnucleoihm02a1.o
    0x08000c00   0x08000c00   0x00000028   Code   RO            6    i.Dec_2_Step_s2     l6470.o
    0x08000c28   0x08000c28   0x00000008   Code   RO          793    i.EXPBRD_ID         xnucleoihm02a1.o
    0x08000c30   0x08000c30   0x00000006   Code   RO         3330    i.EXTI0_IRQHandler  stm32f4xx_it.o
    0x08000c36   0x08000c36   0x00000036   Code   RO         3331    i.EXTI15_10_IRQHandler  stm32f4xx_it.o
    0x08000c6c   0x08000c6c   0x00000006   Code   RO         3332    i.EXTI1_IRQHandler  stm32f4xx_it.o
    0x08000c72   0x08000c72   0x00000006   Code   RO         3333    i.EXTI2_IRQHandler  stm32f4xx_it.o
    0x08000c78   0x08000c78   0x00000006   Code   RO         3334    i.EXTI3_IRQHandler  stm32f4xx_it.o
    0x08000c7e   0x08000c7e   0x00000006   Code   RO         3335    i.EXTI4_IRQHandler  stm32f4xx_it.o
    0x08000c84   0x08000c84   0x00000022   Code   RO         3336    i.EXTI9_5_IRQHandler  stm32f4xx_it.o
    0x08000ca6   0x08000ca6   0x00000002   PAD
    0x08000ca8   0x08000ca8   0x00000008   Code   RO         3252    i.GetMotorParameterInitData  params.o
    0x08000cb0   0x08000cb0   0x00000016   Code   RO         1173    i.HAL_Delay         stm32f4xx_hal.o
    0x08000cc6   0x08000cc6   0x00000002   PAD
    0x08000cc8   0x08000cc8   0x000004d0   Code   RO         3022    i.HAL_GPIO_EXTI_Callback  example.o
    0x08001198   0x08001198   0x00000018   Code   RO         2118    i.HAL_GPIO_EXTI_IRQHandler  stm32f4xx_hal_gpio.o
    0x080011b0   0x080011b0   0x0000028c   Code   RO         2119    i.HAL_GPIO_Init     stm32f4xx_hal_gpio.o
    0x0800143c   0x0800143c   0x00000038   Code   RO         2123    i.HAL_GPIO_WritePin  stm32f4xx_hal_gpio.o
    0x08001474   0x08001474   0x0000000c   Code   RO         1179    i.HAL_GetTick       stm32f4xx_hal.o
    0x08001480   0x08001480   0x00000010   Code   RO         1180    i.HAL_IncTick       stm32f4xx_hal.o
    0x08001490   0x08001490   0x00000034   Code   RO         1181    i.HAL_Init          stm32f4xx_hal.o
    0x080014c4   0x080014c4   0x00000022   Code   RO         1182    i.HAL_InitTick      stm32f4xx_hal.o
    0x080014e6   0x080014e6   0x00000016   Code   RO         3272    i.HAL_MspInit       stm32f4xx_hal_msp.o
    0x080014fc   0x080014fc   0x0000002c   Code   RO         1591    i.HAL_NVIC_DisableIRQ  stm32f4xx_hal_cortex.o
    0x08001528   0x08001528   0x0000002c   Code   RO         1592    i.HAL_NVIC_EnableIRQ  stm32f4xx_hal_cortex.o
    0x08001554   0x08001554   0x00000068   Code   RO         1598    i.HAL_NVIC_SetPriority  stm32f4xx_hal_cortex.o
    0x080015bc   0x080015bc   0x00000048   Code   RO         1599    i.HAL_NVIC_SetPriorityGrouping  stm32f4xx_hal_cortex.o
    0x08001604   0x08001604   0x0000033c   Code   RO         2384    i.HAL_RCC_ClockConfig  stm32f4xx_hal_rcc.o
    0x08001940   0x08001940   0x00000034   Code   RO         2389    i.HAL_RCC_GetHCLKFreq  stm32f4xx_hal_rcc.o
    0x08001974   0x08001974   0x0000002c   Code   RO         2391    i.HAL_RCC_GetPCLK1Freq  stm32f4xx_hal_rcc.o
    0x080019a0   0x080019a0   0x0000002c   Code   RO         2392    i.HAL_RCC_GetPCLK2Freq  stm32f4xx_hal_rcc.o
    0x080019cc   0x080019cc   0x00000080   Code   RO         2393    i.HAL_RCC_GetSysClockFreq  stm32f4xx_hal_rcc.o
    0x08001a4c   0x08001a4c   0x00000456   Code   RO         2396    i.HAL_RCC_OscConfig  stm32f4xx_hal_rcc.o
    0x08001ea2   0x08001ea2   0x00000002   PAD
    0x08001ea4   0x08001ea4   0x00000170   Code   RO         2534    i.HAL_SPI_Init      stm32f4xx_hal_spi.o
    0x08002014   0x08002014   0x000000d4   Code   RO         3274    i.HAL_SPI_MspInit   stm32f4xx_hal_msp.o
    0x080020e8   0x080020e8   0x0000031c   Code   RO         2543    i.HAL_SPI_TransmitReceive  stm32f4xx_hal_spi.o
    0x08002404   0x08002404   0x00000002   Code   RO         1602    i.HAL_SYSTICK_Callback  stm32f4xx_hal_cortex.o
    0x08002406   0x08002406   0x00000028   Code   RO         1603    i.HAL_SYSTICK_Config  stm32f4xx_hal_cortex.o
    0x0800242e   0x0800242e   0x00000008   Code   RO         1604    i.HAL_SYSTICK_IRQHandler  stm32f4xx_hal_cortex.o
    0x08002436   0x08002436   0x00000002   Code   RO         2783    i.HAL_UART_ErrorCallback  stm32f4xx_hal_uart.o
    0x08002438   0x08002438   0x000000da   Code   RO         2786    i.HAL_UART_IRQHandler  stm32f4xx_hal_uart.o
    0x08002512   0x08002512   0x00000002   PAD
    0x08002514   0x08002514   0x000000f0   Code   RO         2787    i.HAL_UART_Init     stm32f4xx_hal_uart.o
    0x08002604   0x08002604   0x000000d4   Code   RO         3276    i.HAL_UART_MspInit  stm32f4xx_hal_msp.o
    0x080026d8   0x080026d8   0x000000e0   Code   RO         2790    i.HAL_UART_Receive  stm32f4xx_hal_uart.o
    0x080027b8   0x080027b8   0x00000002   Code   RO         2793    i.HAL_UART_RxCpltCallback  stm32f4xx_hal_uart.o
    0x080027ba   0x080027ba   0x000000d8   Code   RO         2795    i.HAL_UART_Transmit  stm32f4xx_hal_uart.o
    0x08002892   0x08002892   0x00000002   Code   RO         2798    i.HAL_UART_TxCpltCallback  stm32f4xx_hal_uart.o
    0x08002894   0x08002894   0x0000008c   Code   RO           11    i.L6470_CheckStatusRegisterFlag  l6470.o
    0x08002920   0x08002920   0x000001fc   Code   RO           12    i.L6470_Config      l6470.o
    0x08002b1c   0x08002b1c   0x00000078   Code   RO           13    i.L6470_DaisyChainCommand  l6470.o
    0x08002b94   0x08002b94   0x00000020   Code   RO           14    i.L6470_ExtractReturnedData  l6470.o
    0x08002bb4   0x08002bb4   0x00000014   Code   RO           15    i.L6470_FillAppCmdPkg  l6470.o
    0x08002bc8   0x08002bc8   0x00000054   Code   RO           16    i.L6470_GetParam    l6470.o
    0x08002c1c   0x08002c1c   0x00000020   Code   RO           17    i.L6470_GetRegisterName  l6470.o
    0x08002c3c   0x08002c3c   0x00000040   Code   RO           18    i.L6470_GetStatus   l6470.o
    0x08002c7c   0x08002c7c   0x00000030   Code   RO           19    i.L6470_GoHome      l6470.o
    0x08002cac   0x08002cac   0x00000030   Code   RO           20    i.L6470_GoMark      l6470.o
    0x08002cdc   0x08002cdc   0x00000038   Code   RO           21    i.L6470_GoTo        l6470.o
    0x08002d14   0x08002d14   0x00000038   Code   RO           22    i.L6470_GoToDir     l6470.o
    0x08002d4c   0x08002d4c   0x00000030   Code   RO           23    i.L6470_GoUntil     l6470.o
    0x08002d7c   0x08002d7c   0x00000030   Code   RO           24    i.L6470_HardHiZ     l6470.o
    0x08002dac   0x08002dac   0x00000030   Code   RO           25    i.L6470_HardStop    l6470.o
    0x08002ddc   0x08002ddc   0x0000000c   Code   RO           26    i.L6470_ID          l6470.o
    0x08002de8   0x08002de8   0x00000030   Code   RO           27    i.L6470_Move        l6470.o
    0x08002e18   0x08002e18   0x00000024   Code   RO           28    i.L6470_PerformPreparedApplicationCommand  l6470.o
    0x08002e3c   0x08002e3c   0x0000003c   Code   RO           29    i.L6470_PrepareAppCmdPkg  l6470.o
    0x08002e78   0x08002e78   0x00000218   Code   RO           30    i.L6470_PrepareDaisyChainCommand  l6470.o
    0x08003090   0x08003090   0x00000018   Code   RO           31    i.L6470_PrepareGetParam  l6470.o
    0x080030a8   0x080030a8   0x00000018   Code   RO           32    i.L6470_PrepareGetStatus  l6470.o
    0x080030c0   0x080030c0   0x00000018   Code   RO           33    i.L6470_PrepareGoHome  l6470.o
    0x080030d8   0x080030d8   0x00000018   Code   RO           34    i.L6470_PrepareGoMark  l6470.o
    0x080030f0   0x080030f0   0x00000018   Code   RO           35    i.L6470_PrepareGoTo  l6470.o
    0x08003108   0x08003108   0x00000018   Code   RO           36    i.L6470_PrepareGoToDir  l6470.o
    0x08003120   0x08003120   0x00000018   Code   RO           37    i.L6470_PrepareGoUntil  l6470.o
    0x08003138   0x08003138   0x00000018   Code   RO           38    i.L6470_PrepareHardHiZ  l6470.o
    0x08003150   0x08003150   0x00000018   Code   RO           39    i.L6470_PrepareHardStop  l6470.o
    0x08003168   0x08003168   0x00000018   Code   RO           40    i.L6470_PrepareMove  l6470.o
    0x08003180   0x08003180   0x00000018   Code   RO           41    i.L6470_PrepareReleaseSW  l6470.o
    0x08003198   0x08003198   0x00000018   Code   RO           42    i.L6470_PrepareResetDevice  l6470.o
    0x080031b0   0x080031b0   0x00000018   Code   RO           43    i.L6470_PrepareResetPos  l6470.o
    0x080031c8   0x080031c8   0x00000018   Code   RO           44    i.L6470_PrepareRun  l6470.o
    0x080031e0   0x080031e0   0x00000018   Code   RO           45    i.L6470_PrepareSetParam  l6470.o
    0x080031f8   0x080031f8   0x00000018   Code   RO           46    i.L6470_PrepareSoftHiZ  l6470.o
    0x08003210   0x08003210   0x00000018   Code   RO           47    i.L6470_PrepareSoftStop  l6470.o
    0x08003228   0x08003228   0x00000018   Code   RO           48    i.L6470_PrepareStepClock  l6470.o
    0x08003240   0x08003240   0x00000030   Code   RO           49    i.L6470_ReleaseSW   l6470.o
    0x08003270   0x08003270   0x0000001a   Code   RO           50    i.L6470_ResetAppCmdPkg  l6470.o
    0x0800328a   0x0800328a   0x00000002   PAD
    0x0800328c   0x0800328c   0x00000030   Code   RO           51    i.L6470_ResetDevice  l6470.o
    0x080032bc   0x080032bc   0x00000030   Code   RO           52    i.L6470_ResetPos    l6470.o
    0x080032ec   0x080032ec   0x00000030   Code   RO           53    i.L6470_Run         l6470.o
    0x0800331c   0x0800331c   0x00000030   Code   RO           54    i.L6470_SetParam    l6470.o
    0x0800334c   0x0800334c   0x00000030   Code   RO           55    i.L6470_SoftHiZ     l6470.o
    0x0800337c   0x0800337c   0x00000030   Code   RO           56    i.L6470_SoftStop    l6470.o
    0x080033ac   0x080033ac   0x00000030   Code   RO           57    i.L6470_StepClock   l6470.o
    0x080033dc   0x080033dc   0x00000080   Code   RO         3024    i.Limit_Touch_Reset  example.o
    0x0800345c   0x0800345c   0x000000cc   Code   RO         1045    i.MX_GPIO_Init      xnucleoihm02a1_interface.o
    0x08003528   0x08003528   0x0000008c   Code   RO         1046    i.MX_SPI1_Init      xnucleoihm02a1_interface.o
    0x080035b4   0x080035b4   0x00000004   Code   RO         1048    i.MX_SPI_Init       xnucleoihm02a1_interface.o
    0x080035b8   0x080035b8   0x00000028   Code   RO         1049    i.MX_USART2_Init    xnucleoihm02a1_interface.o
    0x080035e0   0x080035e0   0x00000028   Code   RO         1050    i.MX_USART6_Init    xnucleoihm02a1_interface.o
    0x08003608   0x08003608   0x00000028   Code   RO           58    i.MaxSpeed_2_Step_s  l6470.o
    0x08003630   0x08003630   0x00000eac   Code   RO         3025    i.MicrosteppingMotor_Example_01  example.o
    0x080044dc   0x080044dc   0x00000028   Code   RO           59    i.MinSpeed_2_Step_s  l6470.o
    0x08004504   0x08004504   0x00000028   Code   RO         1051    i.NUCLEO_Board_Init  xnucleoihm02a1_interface.o
    0x0800452c   0x0800452c   0x00000020   Code   RO         1605    i.NVIC_SetPriority  stm32f4xx_hal_cortex.o
    0x0800454c   0x0800454c   0x0000001c   Code   RO           61    i.Position_2_AbsPos  l6470.o
    0x08004568   0x08004568   0x000000d6   Code   RO         2565    i.SPI_WaitOnFlagUntilTimeout  stm32f4xx_hal_spi.o
    0x0800463e   0x0800463e   0x00000002   PAD
    0x08004640   0x08004640   0x00000018   Code   RO           62    i.Speed_2_Step_s    l6470.o
    0x08004658   0x08004658   0x0000002c   Code   RO           65    i.Step_s2_2_Acc     l6470.o
    0x08004684   0x08004684   0x0000002c   Code   RO           66    i.Step_s2_2_Dec     l6470.o
    0x080046b0   0x080046b0   0x00000034   Code   RO           67    i.Step_s_2_FsSpd    l6470.o
    0x080046e4   0x080046e4   0x0000002c   Code   RO           68    i.Step_s_2_IntSpeed  l6470.o
    0x08004710   0x08004710   0x0000002c   Code   RO           69    i.Step_s_2_MaxSpeed  l6470.o
    0x0800473c   0x0800473c   0x0000002c   Code   RO           70    i.Step_s_2_MinSpeed  l6470.o
    0x08004768   0x08004768   0x00000028   Code   RO           71    i.Step_s_2_Speed    l6470.o
    0x08004790   0x08004790   0x0000000e   Code   RO         3337    i.SysTick_Handler   stm32f4xx_it.o
    0x0800479e   0x0800479e   0x00000002   PAD
    0x080047a0   0x080047a0   0x00000078   Code   RO         1052    i.SystemClock_Config  xnucleoihm02a1_interface.o
    0x08004818   0x08004818   0x00000054   Code   RO         1130    i.SystemInit        system_stm32f4xx.o
    0x0800486c   0x0800486c   0x0000003e   Code   RO         2805    i.UART_EndTransmit_IT  stm32f4xx_hal_uart.o
    0x080048aa   0x080048aa   0x000000b0   Code   RO         2806    i.UART_Receive_IT   stm32f4xx_hal_uart.o
    0x0800495a   0x0800495a   0x00000002   PAD
    0x0800495c   0x0800495c   0x00000250   Code   RO         2807    i.UART_SetConfig    stm32f4xx_hal_uart.o
    0x08004bac   0x08004bac   0x0000006a   Code   RO         2808    i.UART_Transmit_IT  stm32f4xx_hal_uart.o
    0x08004c16   0x08004c16   0x000000c6   Code   RO         2809    i.UART_WaitOnFlagUntilTimeout  stm32f4xx_hal_uart.o
    0x08004cdc   0x08004cdc   0x00000018   Code   RO         3338    i.USART2_IRQHandler  stm32f4xx_it.o
    0x08004cf4   0x08004cf4   0x00000018   Code   RO         3339    i.USART6_IRQHandler  stm32f4xx_it.o
    0x08004d0c   0x08004d0c   0x0000006c   Code   RO         3115    i.USART_ITCharManager  example_usart.o
    0x08004d78   0x08004d78   0x0000003c   Code   RO         3116    i.USART_PrintAllRegisterValues  example_usart.o
    0x08004db4   0x08004db4   0x000000e8   Code   RO         3117    i.USART_PrintRegisterValues  example_usart.o
    0x08004e9c   0x08004e9c   0x00000018   Code   RO         3119    i.USART_Transmit    example_usart.o
    0x08004eb4   0x08004eb4   0x00000028   Code   RO         3026    i.UintHex2Dec       example.o
    0x08004edc   0x08004edc   0x0000002c   Code   RO         1053    i.User_LED_Blinking  xnucleoihm02a1_interface.o
    0x08004f08   0x08004f08   0x0000000e   Code   RO         3462    i.__scatterload_copy  mc_w.l(handlers.o)
    0x08004f16   0x08004f16   0x00000002   Code   RO         3463    i.__scatterload_null  mc_w.l(handlers.o)
    0x08004f18   0x08004f18   0x0000000e   Code   RO         3464    i.__scatterload_zeroinit  mc_w.l(handlers.o)
    0x08004f26   0x08004f26   0x00000002   Code   RO         3225    i.assert_failed     main.o
    0x08004f28   0x08004f28   0x000003c8   Code   RO         3027    i.limit_command     example.o
    0x080052f0   0x080052f0   0x00000050   Code   RO           72    i.mA_2_OcdTh        l6470.o
    0x08005340   0x08005340   0x00000050   Code   RO           73    i.mA_2_StallTh      l6470.o
    0x08005390   0x08005390   0x0000000e   Code   RO         3226    i.main              main.o
    0x0800539e   0x0800539e   0x00000002   PAD
    0x080053a0   0x080053a0   0x00000060   Code   RO         3121    i.num2hex           example_usart.o
    0x08005400   0x08005400   0x0000002c   Code   RO           74    i.s_Step_2_FnSlpAcc  l6470.o
    0x0800542c   0x0800542c   0x0000002c   Code   RO           75    i.s_Step_2_FnSlpDec  l6470.o
    0x08005458   0x08005458   0x0000002c   Code   RO           76    i.s_Step_2_StSlp    l6470.o
    0x08005484   0x08005484   0x00000044   Code   RO         3028    i.usrPow            example.o
    0x080054c8   0x080054c8   0x00000010   Code   RO         3029    i.value2Hextwo      example.o
    0x080054d8   0x080054d8   0x0000031a   Data   RO           78    .constdata          l6470.o
    0x080057f2   0x080057f2   0x00000006   Data   RO          601    .constdata          stm32f4xx_nucleo.o
    0x080057f8   0x080057f8   0x00000010   Data   RO         2397    .constdata          stm32f4xx_hal_rcc.o
    0x08005808   0x08005808   0x000002c0   Data   RO         3253    .constdata          params.o
    0x08005ac8   0x08005ac8   0x0000004a   Data   RO         1606    .conststring        stm32f4xx_hal_cortex.o
    0x08005b12   0x08005b12   0x00000002   PAD
    0x08005b14   0x08005b14   0x00000048   Data   RO         2124    .conststring        stm32f4xx_hal_gpio.o
    0x08005b5c   0x08005b5c   0x00000047   Data   RO         2398    .conststring        stm32f4xx_hal_rcc.o
    0x08005ba3   0x08005ba3   0x00000001   PAD
    0x08005ba4   0x08005ba4   0x00000047   Data   RO         2566    .conststring        stm32f4xx_hal_spi.o
    0x08005beb   0x08005beb   0x00000001   PAD
    0x08005bec   0x08005bec   0x00000048   Data   RO         2810    .conststring        stm32f4xx_hal_uart.o
    0x08005c34   0x08005c34   0x00000020   Data   RO         3460    Region$$Table       anon$$obj.o


    Execution Region RW_IRAM1 (Exec base: 0x20000000, Load base: 0x08005c54, Size: 0x00000ab0, Max: 0x00018000, ABSOLUTE, COMPRESSED[0x00000154])

    Exec Addr    Load Addr    Size         Type   Attr      Idx    E Section Name        Object

    0x20000000   COMPRESSED   0x00000094   Data   RW           79    .data               l6470.o
    0x20000094   COMPRESSED   0x00000018   Data   RW           80    .data               l6470.o
    0x200000ac   COMPRESSED   0x00000002   Data   RW           81    .data               l6470.o
    0x200000ae   COMPRESSED   0x00000002   PAD
    0x200000b0   COMPRESSED   0x0000000c   Data   RW          602    .data               stm32f4xx_nucleo.o
    0x200000bc   COMPRESSED   0x00000050   Data   RW          796    .data               xnucleoihm02a1.o
    0x2000010c   COMPRESSED   0x00000294   Data   RW          797    .data               xnucleoihm02a1.o
    0x200003a0   COMPRESSED   0x00000004   Data   RW         1132    .data               system_stm32f4xx.o
    0x200003a4   COMPRESSED   0x00000004   Data   RW         1187    .data               stm32f4xx_hal.o
    0x200003a8   COMPRESSED   0x0000009a   Data   RW         3030    .data               example.o
    0x20000442   COMPRESSED   0x00000002   PAD
    0x20000444        -       0x00000020   Zero   RW           77    .bss                l6470.o
    0x20000464        -       0x0000000c   Zero   RW          794    .bss                xnucleoihm02a1.o
    0x20000470        -       0x000000f4   Zero   RW         1054    .bss                xnucleoihm02a1_interface.o
    0x20000564        -       0x00000106   Zero   RW         3124    .bss                example_usart.o
    0x2000066a   COMPRESSED   0x00000002   PAD
    0x2000066c        -       0x00000040   Zero   RW         3125    .bss                example_usart.o
    0x200006ac   COMPRESSED   0x00000004   PAD
    0x200006b0        -       0x00000400   Zero   RW         3011    STACK               startup_stm32f401xe.o


==============================================================================

Image component sizes


      Code (inc. data)   RO Data    RW Data    ZI Data      Debug   Object Name

      6208        106          0        154          0      11344   example.o
       520         84          0          0        326       5817   example_usart.o
      3714        470        794        174         32     290893   l6470.o
        16          0          0          0          0       1579   main.o
         8          4        704          0          0       1293   params.o
        36          8        404          0       1024        884   startup_stm32f401xe.o
       136         16          0          4          0       4910   stm32f4xx_hal.o
       346         36         74          0          0      33089   stm32f4xx_hal_cortex.o
       732         76         72          0          0       3895   stm32f4xx_hal_gpio.o
       446         42          0          0          0       2887   stm32f4xx_hal_msp.o
      2206         76         87          0          0       8127   stm32f4xx_hal_rcc.o
      1378         12         71          0          0       4569   stm32f4xx_hal_spi.o
      2038         36         72          0          0      11802   stm32f4xx_hal_uart.o
       180         12          0          0          0       5613   stm32f4xx_it.o
       280         50          6         12          0       4616   stm32f4xx_nucleo.o
        84         18          0          4          0       1661   system_stm32f4xx.o
      1270         90          0        740         12      36213   xnucleoihm02a1.o
       632         58          0          0        244       7383   xnucleoihm02a1_interface.o

    ----------------------------------------------------------------------
     20252       1194       2320       1092       1644     436575   Object Totals
         0          0         32          0          0          0   (incl. Generated)
        22          0          4          4          6          0   (incl. Padding)

    ----------------------------------------------------------------------

      Code (inc. data)   RO Data    RW Data    ZI Data      Debug   Library Member Name

        86          0          0          0          0          0   __dczerorl2.o
         0          0          0          0          0          0   entry.o
         0          0          0          0          0          0   entry10a.o
         0          0          0          0          0          0   entry11a.o
         4          0          0          0          0          0   entry12b.o
         8          4          0          0          0          0   entry2.o
         4          0          0          0          0          0   entry5.o
         0          0          0          0          0          0   entry7b.o
         0          0          0          0          0          0   entry8b.o
         8          4          0          0          0          0   entry9a.o
        30          0          0          0          0          0   handlers.o
        36          8          0          0          0         68   init.o
         0          0          0          0          0          0   iusefp.o
        30          0          0          0          0         68   llshl.o
        32          0          0          0          0         68   llushr.o
        36          0          0          0          0        108   memseta.o
        56          0          0          0          0         88   d2f.o
       186          0          0          0          0        176   depilogue.o
        62          0          0          0          0         80   dfixi.o
        50          0          0          0          0         76   dfixui.o
        34          0          0          0          0         76   dflti.o
        26          0          0          0          0         76   dfltui.o
       228          0          0          0          0         96   dmul.o
        38          0          0          0          0         68   f2d.o
       110          0          0          0          0        168   fepilogue.o

    ----------------------------------------------------------------------
      1064         16          0          0          0       1216   Library Totals
         0          0          0          0          0          0   (incl. Padding)

    ----------------------------------------------------------------------

      Code (inc. data)   RO Data    RW Data    ZI Data      Debug   Library Name

       274         16          0          0          0        312   mc_w.l
       790          0          0          0          0        904   mf_w.l

    ----------------------------------------------------------------------
      1064         16          0          0          0       1216   Library Totals

    ----------------------------------------------------------------------

==============================================================================


      Code (inc. data)   RO Data    RW Data    ZI Data      Debug   

     21316       1210       2320       1092       1644     419755   Grand Totals
     21316       1210       2320        340       1644     419755   ELF Image Totals (compressed)
     21316       1210       2320        340          0          0   ROM Totals

==============================================================================

    Total RO  Size (Code + RO Data)                23636 (  23.08kB)
    Total RW  Size (RW Data + ZI Data)              2736 (   2.67kB)
    Total ROM Size (Code + RO Data + RW Data)      23976 (  23.41kB)

==============================================================================

