Component: ARM Compiler 5.06 update 7 (build 960) Tool: armlink [4d3601]

==============================================================================

Section Cross References

    l6470.o(i.FsSpd_2_Step_s) refers to dfltui.o(.text) for __aeabi_ui2d
    l6470.o(i.FsSpd_2_Step_s) refers to dadd.o(.text) for __aeabi_dadd
    l6470.o(i.FsSpd_2_Step_s) refers to dmul.o(.text) for __aeabi_dmul
    l6470.o(i.FsSpd_2_Step_s) refers to d2f.o(.text) for __aeabi_d2f
    l6470.o(i.L6470_CheckStatusRegisterFlag) refers to l6470.o(i.L6470_GetParam) for L6470_GetParam
    l6470.o(i.L6470_CheckStatusRegisterFlag) refers to l6470.o(.data) for .data
    l6470.o(i.L6470_Config) refers to l6470.o(i.Step_s2_2_Acc) for Step_s2_2_Acc
    l6470.o(i.L6470_Config) refers to l6470.o(i.Step_s2_2_Dec) for Step_s2_2_Dec
    l6470.o(i.L6470_Config) refers to l6470.o(i.Step_s_2_MaxSpeed) for Step_s_2_MaxSpeed
    l6470.o(i.L6470_Config) refers to l6470.o(i.Step_s_2_MinSpeed) for Step_s_2_MinSpeed
    l6470.o(i.L6470_Config) refers to l6470.o(i.Step_s_2_FsSpd) for Step_s_2_FsSpd
    l6470.o(i.L6470_Config) refers to l6470.o(i.Step_s_2_IntSpeed) for Step_s_2_IntSpeed
    l6470.o(i.L6470_Config) refers to l6470.o(i.s_Step_2_StSlp) for s_Step_2_StSlp
    l6470.o(i.L6470_Config) refers to l6470.o(i.s_Step_2_FnSlpAcc) for s_Step_2_FnSlpAcc
    l6470.o(i.L6470_Config) refers to l6470.o(i.s_Step_2_FnSlpDec) for s_Step_2_FnSlpDec
    l6470.o(i.L6470_Config) refers to l6470.o(i.mA_2_OcdTh) for mA_2_OcdTh
    l6470.o(i.L6470_Config) refers to l6470.o(i.mA_2_StallTh) for mA_2_StallTh
    l6470.o(i.L6470_DaisyChainCommand) refers to stm32f4xx_hal_gpio.o(i.HAL_GPIO_WritePin) for HAL_GPIO_WritePin
    l6470.o(i.L6470_DaisyChainCommand) refers to stm32f4xx_hal_spi.o(i.HAL_SPI_TransmitReceive) for HAL_SPI_TransmitReceive
    l6470.o(i.L6470_DaisyChainCommand) refers to l6470.o(.data) for .data
    l6470.o(i.L6470_DaisyChainCommand) refers to xnucleoihm02a1.o(.bss) for L6470_nCS_GPIO
    l6470.o(i.L6470_DaisyChainCommand) refers to xnucleoihm02a1_interface.o(.bss) for hspi1
    l6470.o(i.L6470_GetParam) refers to l6470.o(i.L6470_PrepareAppCmdPkg) for L6470_PrepareAppCmdPkg
    l6470.o(i.L6470_GetParam) refers to l6470.o(i.L6470_PrepareDaisyChainCommand) for L6470_PrepareDaisyChainCommand
    l6470.o(i.L6470_GetParam) refers to l6470.o(i.L6470_DaisyChainCommand) for L6470_DaisyChainCommand
    l6470.o(i.L6470_GetParam) refers to l6470.o(i.L6470_ExtractReturnedData) for L6470_ExtractReturnedData
    l6470.o(i.L6470_GetParam) refers to l6470.o(.bss) for .bss
    l6470.o(i.L6470_GetParam) refers to l6470.o(.data) for .data
    l6470.o(i.L6470_GetParam) refers to l6470.o(.constdata) for .constdata
    l6470.o(i.L6470_GetRegisterName) refers to l6470.o(.constdata) for .constdata
    l6470.o(i.L6470_GetStatus) refers to l6470.o(i.L6470_PrepareAppCmdPkg) for L6470_PrepareAppCmdPkg
    l6470.o(i.L6470_GetStatus) refers to l6470.o(i.L6470_PrepareDaisyChainCommand) for L6470_PrepareDaisyChainCommand
    l6470.o(i.L6470_GetStatus) refers to l6470.o(i.L6470_DaisyChainCommand) for L6470_DaisyChainCommand
    l6470.o(i.L6470_GetStatus) refers to l6470.o(i.L6470_ExtractReturnedData) for L6470_ExtractReturnedData
    l6470.o(i.L6470_GetStatus) refers to l6470.o(.bss) for .bss
    l6470.o(i.L6470_GetStatus) refers to l6470.o(.data) for .data
    l6470.o(i.L6470_GoHome) refers to l6470.o(i.L6470_PrepareAppCmdPkg) for L6470_PrepareAppCmdPkg
    l6470.o(i.L6470_GoHome) refers to l6470.o(i.L6470_PrepareDaisyChainCommand) for L6470_PrepareDaisyChainCommand
    l6470.o(i.L6470_GoHome) refers to l6470.o(i.L6470_DaisyChainCommand) for L6470_DaisyChainCommand
    l6470.o(i.L6470_GoHome) refers to l6470.o(.bss) for .bss
    l6470.o(i.L6470_GoHome) refers to l6470.o(.data) for .data
    l6470.o(i.L6470_GoMark) refers to l6470.o(i.L6470_PrepareAppCmdPkg) for L6470_PrepareAppCmdPkg
    l6470.o(i.L6470_GoMark) refers to l6470.o(i.L6470_PrepareDaisyChainCommand) for L6470_PrepareDaisyChainCommand
    l6470.o(i.L6470_GoMark) refers to l6470.o(i.L6470_DaisyChainCommand) for L6470_DaisyChainCommand
    l6470.o(i.L6470_GoMark) refers to l6470.o(.bss) for .bss
    l6470.o(i.L6470_GoMark) refers to l6470.o(.data) for .data
    l6470.o(i.L6470_GoTo) refers to l6470.o(i.L6470_PrepareAppCmdPkg) for L6470_PrepareAppCmdPkg
    l6470.o(i.L6470_GoTo) refers to l6470.o(i.L6470_PrepareDaisyChainCommand) for L6470_PrepareDaisyChainCommand
    l6470.o(i.L6470_GoTo) refers to l6470.o(i.L6470_DaisyChainCommand) for L6470_DaisyChainCommand
    l6470.o(i.L6470_GoTo) refers to l6470.o(.bss) for .bss
    l6470.o(i.L6470_GoTo) refers to l6470.o(.data) for .data
    l6470.o(i.L6470_GoToDir) refers to l6470.o(i.L6470_PrepareAppCmdPkg) for L6470_PrepareAppCmdPkg
    l6470.o(i.L6470_GoToDir) refers to l6470.o(i.L6470_PrepareDaisyChainCommand) for L6470_PrepareDaisyChainCommand
    l6470.o(i.L6470_GoToDir) refers to l6470.o(i.L6470_DaisyChainCommand) for L6470_DaisyChainCommand
[...]

    Symbol Name                              Value     Ov Type        Size  Object(Section)

    ../../../../../../Drivers/BSP/Components/L6470/L6470.c 0x00000000   Number         0  l6470.o ABSOLUTE
    ../../../../../../Drivers/BSP/STM32F4xx-Nucleo/stm32f4xx_nucleo.c 0x00000000   Number         0  stm32f4xx_nucleo.o ABSOLUTE
    ../../../../../../Drivers/BSP/X-NUCLEO-IHM02A1/NUCLEO-F401RE/xnucleoihm02a1_interface.c 0x00000000   Number         0  xnucleoihm02a1_interface.o ABSOLUTE
    ../../../../../../Drivers/BSP/X-NUCLEO-IHM02A1/xnucleoihm02a1.c 0x00000000   Number         0  xnucleoihm02a1.o ABSOLUTE
    ../../../../../../Drivers/CMSIS/Device/ST/STM32F4xx/Source/Templates/system_stm32f4xx.c 0x00000000   Number         0  system_stm32f4xx.o ABSOLUTE
    ../../../../../../Drivers/STM32F4xx_HAL_Driver/Src/stm32f4xx_hal.c 0x00000000   Number         0  stm32f4xx_hal.o ABSOLUTE
    ../../../../../../Drivers/STM32F4xx_HAL_Driver/Src/stm32f4xx_hal_adc.c 0x00000000   Number         0  stm32f4xx_hal_adc.o ABSOLUTE
    ../../../../../../Drivers/STM32F4xx_HAL_Driver/Src/stm32f4xx_hal_adc_ex.c 0x00000000   Number         0  stm32f4xx_hal_adc_ex.o ABSOLUTE
    ../../../../../../Drivers/STM32F4xx_HAL_Driver/Src/stm32f4xx_hal_cortex.c 0x00000000   Number         0  stm32f4xx_hal_cortex.o ABSOLUTE
    ../../../../../../Drivers/STM32F4xx_HAL_Driver/Src/stm32f4xx_hal_dma.c 0x00000000   Number         0  stm32f4xx_hal_dma.o ABSOLUTE
    ../../../../../../Drivers/STM32F4xx_HAL_Driver/Src/stm32f4xx_hal_dma_ex.c 0x00000000   Number         0  stm32f4xx_hal_dma_ex.o ABSOLUTE
    ../../../../../../Drivers/STM32F4xx_HAL_Driver/Src/stm32f4xx_hal_flash.c 0x00000000   Number         0  stm32f4xx_hal_flash.o ABSOLUTE
    ../../../../../../Drivers/STM32F4xx_HAL_Driver/Src/stm32f4xx_hal_flash_ex.c 0x00000000   Number         0  stm32f4xx_hal_flash_ex.o ABSOLUTE
    ../../../../../../Drivers/STM32F4xx_HAL_Driver/Src/stm32f4xx_hal_flash_ramfunc.c 0x00000000   Number         0  stm32f4xx_hal_flash_ramfunc.o ABSOLUTE
    ../../../../../../Drivers/STM32F4xx_HAL_Driver/Src/stm32f4xx_hal_gpio.c 0x00000000   Number         0  stm32f4xx_hal_gpio.o ABSOLUTE
    ../../../../../../Drivers/STM32F4xx_HAL_Driver/Src/stm32f4xx_hal_pwr.c 0x00000000   Number         0  stm32f4xx_hal_pwr.o ABSOLUTE
    ../../../../../../Drivers/STM32F4xx_HAL_Driver/Src/stm32f4xx_hal_pwr_ex.c 0x00000000   Number         0  stm32f4xx_hal_pwr_ex.o ABSOLUTE
    ../../../../../../Drivers/STM32F4xx_HAL_Driver/Src/stm32f4xx_hal_rcc.c 0x00000000   Number         0  stm32f4xx_hal_rcc.o ABSOLUTE
    ../../../../../../Drivers/STM32F4xx_HAL_Driver/Src/stm32f4xx_hal_rcc_ex.c 0x00000000   Number         0  stm32f4xx_hal_rcc_ex.o ABSOLUTE
    ../../../../../../Drivers/STM32F4xx_HAL_Driver/Src/stm32f4xx_hal_spi.c 0x00000000   Number         0  stm32f4xx_hal_spi.o ABSOLUTE
    ../../../../../../Drivers/STM32F4xx_HAL_Driver/Src/stm32f4xx_hal_uart.c 0x00000000   Number         0  stm32f4xx_hal_uart.o ABSOLUTE
    ../Src/example.c                         0x00000000   Number         0  example.o ABSOLUTE
    ../Src/example_usart.c                   0x00000000   Number         0  example_usart.o ABSOLUTE
    ../Src/main.c                            0x00000000   Number         0  main.o ABSOLUTE
    ../Src/params.c                          0x00000000   Number         0  params.o ABSOLUTE
    ../Src/stm32f4xx_hal_msp.c               0x00000000   Number         0  stm32f4xx_hal_msp.o ABSOLUTE
    ../Src/stm32f4xx_it.c                    0x00000000   Number         0  stm32f4xx_it.o ABSOLUTE
    ../clib/../cmprslib/zerorunl2.c          0x00000000   Number         0  __dczerorl2.o ABSOLUTE
    ../clib/microlib/init/entry.s            0x00000000   Number         0  entry9b.o ABSOLUTE
    ../clib/microlib/init/entry.s            0x00000000   Number         0  entry.o ABSOLUTE
    ../clib/microlib/init/entry.s            0x00000000   Number         0  entry8b.o ABSOLUTE
    ../clib/microlib/init/entry.s            0x00000000   Number         0  entry8a.o ABSOLUTE
    ../clib/microlib/init/entry.s            0x00000000   Number         0  entry7b.o ABSOLUTE
    ../clib/microlib/init/entry.s            0x00000000   Number         0  entry7a.o ABSOLUTE
    ../clib/microlib/init/entry.s            0x00000000   Number         0  entry5.o ABSOLUTE
    ../clib/microlib/init/entry.s            0x00000000   Number         0  entry2.o ABSOLUTE
    ../clib/microlib/init/entry.s            0x00000000   Number         0  entry9a.o ABSOLUTE
    ../clib/microlib/init/entry.s            0x00000000   Number         0  entry12b.o ABSOLUTE
    ../clib/microlib/init/entry.s            0x00000000   Number         0  entry12a.o ABSOLUTE
    ../clib/microlib/init/entry.s            0x00000000   Number         0  entry11b.o ABSOLUTE
    ../clib/microlib/init/entry.s            0x00000000   Number         0  entry11a.o ABSOLUTE
    ../clib/microlib/init/entry.s            0x00000000   Number         0  entry10b.o ABSOLUTE
    ../clib/microlib/init/entry.s            0x00000000   Number         0  entry10a.o ABSOLUTE
    ../clib/microlib/longlong.c              0x00000000   Number         0  llushr.o ABSOLUTE
    ../clib/microlib/longlong.c              0x00000000   Number         0  llsshr.o ABSOLUTE
    ../clib/microlib/longlong.c              0x00000000   Number         0  llshl.o ABSOLUTE
    ../clib/microlib/stubs.s                 0x00000000   Number         0  iusefp.o ABSOLUTE
    ../fplib/microlib/d2f.c                  0x00000000   Number         0  d2f.o ABSOLUTE
    ../fplib/microlib/fpadd.c                0x00000000   Number         0  dadd.o ABSOLUTE
    ../fplib/microlib/fpepilogue.c           0x00000000   Number         0  fepilogue.o ABSOLUTE
    ../fplib/microlib/fpepilogue.c           0x00000000   Number         0  depilogue.o ABSOLUTE
    ../fplib/microlib/fpflt.c                0x00000000   Number         0  dfltui.o ABSOLUTE
    ../fplib/microlib/fpmul.c                0x00000000   Number         0  dmul.o ABSOLUTE
    ..\..\..\..\..\..\Drivers\BSP\Components\L6470\L6470.c 0x00000000   Number         0  l6470.o ABSOLUTE
    ..\..\..\..\..\..\Drivers\BSP\STM32F4xx-Nucleo\stm32f4xx_nucleo.c 0x00000000   Number         0  stm32f4xx_nucleo.o ABSOLUTE
    ..\..\..\..\..\..\Drivers\BSP\X-NUCLEO-IHM02A1\NUCLEO-F401RE\xnucleoihm02a1_interface.c 0x00000000   Number         0  xnucleoihm02a1_interface.o ABSOLUTE
    ..\..\..\..\..\..\Drivers\BSP\X-NUCLEO-IHM02A1\xnucleoihm02a1.c 0x00000000   Number         0  xnucleoihm02a1.o ABSOLUTE
    ..\..\..\..\..\..\Drivers\CMSIS\Device\ST\STM32F4xx\Source\Templates\system_stm32f4xx.c 0x00000000   Number         0  system_stm32f4xx.o ABSOLUTE
    ..\..\..\..\..\..\Drivers\STM32F4xx_HAL_Driver\Src\stm32f4xx_hal.c 0x00000000   Number         0  stm32f4xx_hal.o ABSOLUTE
    ..\..\..\..\..\..\Drivers\STM32F4xx_HAL_Driver\Src\stm32f4xx_hal_adc.c 0x00000000   Number         0  stm32f4xx_hal_adc.o ABSOLUTE
    ..\..\..\..\..\..\Drivers\STM32F4xx_HAL_Driver\Src\stm32f4xx_hal_adc_ex.c 0x00000000   Number         0  stm32f4xx_hal_adc_ex.o ABSOLUTE
    ..\..\..\..\..\..\Drivers\STM32F4xx_HAL_Driver\Src\stm32f4xx_hal_cortex.c 0x00000000   Number         0  stm32f4xx_hal_cortex.o ABSOLUTE
    ..\..\..\..\..\..\Drivers\STM32F4xx_HAL_Driver\Src\stm32f4xx_hal_dma.c 0x00000000   Number         0  stm32f4xx_hal_dma.o ABSOLUTE
    ..\..\..\..\..\..\Drivers\STM32F4xx_HAL_Driver\Src\stm32f4xx_hal_dma_ex.c 0x00000000   Number         0  stm32f4xx_hal_dma_ex.o ABSOLUTE
    ..\..\..\..\..\..\Drivers\STM32F4xx_HAL_Driver\Src\stm32f4xx_hal_flash.c 0x00000000   Number         0  stm32f4xx_hal_flash.o ABSOLUTE
    ..\..\..\..\..\..\Drivers\STM32F4xx_HAL_Driver\Src\stm32f4xx_hal_flash_ex.c 0x00000000   Number         0  stm32f4xx_hal_flash_ex.o ABSOLUTE
    ..\..\..\..\..\..\Drivers\STM32F4xx_HAL_Driver\Src\stm32f4xx_hal_flash_ramfunc.c 0x00000000   Number         0  stm32f4xx_hal_flash_ramfunc.o ABSOLUTE
    ..\..\..\..\..\..\Drivers\STM32F4xx_HAL_Driver\Src\stm32f4xx_hal_gpio.c 0x00000000   Number         0  stm32f4xx_hal_gpio.o ABSOLUTE
    ..\..\..\..\..\..\Drivers\STM32F4xx_HAL_Driver\Src\stm32f4xx_hal_pwr.c 0x00000000   Number         0  stm32f4xx_hal_pwr.o ABSOLUTE
    ..\..\..\..\..\..\Drivers\STM32F4xx_HAL_Driver\Src\stm32f4xx_hal_pwr_ex.c 0x00000000   Number         0  stm32f4xx_hal_pwr_ex.o ABSOLUTE
    ..\..\..\..\..\..\Drivers\STM32F4xx_HAL_Driver\Src\stm32f4xx_hal_rcc.c 0x00000000   Number         0  stm32f4xx_hal_rcc.o ABSOLUTE
    ..\..\..\..\..\..\Drivers\STM32F4xx_HAL_Driver\Src\stm32f4xx_hal_rcc_ex.c 0x00000000   Number         0  stm32f4xx_hal_rcc_ex.o ABSOLUTE
    ..\..\..\..\..\..\Drivers\STM32F4xx_HAL_Driver\Src\stm32f4xx_hal_spi.c 0x00000000   Number         0  stm32f4xx_hal_spi.o ABSOLUTE
    ..\..\..\..\..\..\Drivers\STM32F4xx_HAL_Driver\Src\stm32f4xx_hal_uart.c 0x00000000   Number         0  stm32f4xx_hal_uart.o ABSOLUTE
    ..\Src\example.c                         0x00000000   Number         0  example.o ABSOLUTE
    ..\Src\example_usart.c                   0x00000000   Number         0  example_usart.o ABSOLUTE
    ..\Src\main.c                            0x00000000   Number         0  main.o ABSOLUTE
    ..\Src\stm32f4xx_hal_msp.c               0x00000000   Number         0  stm32f4xx_hal_msp.o ABSOLUTE
    ..\Src\stm32f4xx_it.c                    0x00000000   Number         0  stm32f4xx_it.o ABSOLUTE
    dc.s                                     0x00000000   Number         0  dc.o ABSOLUTE
    handlers.s                               0x00000000   Number         0  handlers.o ABSOLUTE
    init.s                                   0x00000000   Number         0  init.o ABSOLUTE
    startup_stm32f401xe.s                    0x00000000   Number         0  startup_stm32f401xe.o ABSOLUTE
    RESET                                    0x08000000   Section      404  startup_stm32f401xe.o(RESET)
    .ARM.Collect$$$$00000000                 0x08000194   Section        0  entry.o(.ARM.Collect$$$$00000000)
    .ARM.Collect$$$$00000001                 0x08000194   Section        4  entry2.o(.ARM.Collect$$$$00000001)
    .ARM.Collect$$$$00000004                 0x08000198   Section        4  entry5.o(.ARM.Collect$$$$00000004)
    .ARM.Collect$$$$00000008                 0x0800019c   Section        0  entry7b.o(.ARM.Collect$$$$00000008)
    .ARM.Collect$$$$0000000A                 0x0800019c   Section        0  entry8b.o(.ARM.Collect$$$$0000000A)
    .ARM.Collect$$$$0000000B                 0x0800019c   Section        8  entry9a.o(.ARM.Collect$$$$0000000B)
    .ARM.Collect$$$$0000000E                 0x080001a4   Section        4  entry12b.o(.ARM.Collect$$$$0000000E)
    .ARM.Collect$$$$0000000F                 0x080001a8   Section        0  entry10a.o(.ARM.Collect$$$$0000000F)
    .ARM.Collect$$$$00000011                 0x080001a8   Section        0  entry11a.o(.ARM.Collect$$$$00000011)
    .ARM.Collect$$$$00002712                 0x080001a8   Section        4  entry2.o(.ARM.Collect$$$$00002712)
    __lit__00000000                          0x080001a8   Data           4  entry2.o(.ARM.Collect$$$$00002712)
    .text                                    0x080001ac   Section       36  startup_stm32f401xe.o(.text)
    $v0                                      0x080001ac   Number         0  startup_stm32f401xe.o(.text)
    .text                                    0x080001d0   Section       36  init.o(.text)
    .text                                    0x080001f4   Section        0  __dczerorl2.o(.text)
    i.BSP_0_Config                           0x0800024c   Section        0  xnucleoihm02a1.o(i.BSP_0_Config)
    i.BSP_1_Config                           0x08000258   Section        0  xnucleoihm02a1.o(i.BSP_1_Config)
    i.BSP_2_Config                           0x08000264   Section        0  xnucleoihm02a1.o(i.BSP_2_Config)
    i.BSP_3_Config                           0x08000270   Section        0  xnucleoihm02a1.o(i.BSP_3_Config)
    i.BSP_Config                             0x0800027c   Section        0  xnucleoihm02a1.o(i.BSP_Config)
    i.BSP_EmergencyStop                      0x080002a0   Section        0  xnucleoihm02a1.o(i.BSP_EmergencyStop)
    i.BSP_GetExpansionBoardHandle            0x080002b4   Section        0  xnucleoihm02a1.o(i.BSP_GetExpansionBoardHandle)
    i.BSP_IRQ                                0x08000300   Section        0  xnucleoihm02a1.o(i.BSP_IRQ)
    i.BSP_Init                               0x08000326   Section        0  xnucleoihm02a1.o(i.BSP_Init)
    i.BSP_L6470_0_0_Config                   0x08000344   Section        0  xnucleoihm02a1.o(i.BSP_L6470_0_0_Config)
    i.BSP_L6470_0_1_Config                   0x08000350   Section        0  xnucleoihm02a1.o(i.BSP_L6470_0_1_Config)
    i.BSP_L6470_1_0_Config                   0x0800035c   Section        0  xnucleoihm02a1.o(i.BSP_L6470_1_0_Config)
    i.BSP_L6470_1_1_Config                   0x08000368   Section        0  xnucleoihm02a1.o(i.BSP_L6470_1_1_Config)
    i.BSP_L6470_2_0_Config                   0x08000374   Section        0  xnucleoihm02a1.o(i.BSP_L6470_2_0_Config)
    i.BSP_L6470_2_1_Config                   0x08000380   Section        0  xnucleoihm02a1.o(i.BSP_L6470_2_1_Config)
    i.BSP_L6470_3_0_Config                   0x0800038c   Section        0  xnucleoihm02a1.o(i.BSP_L6470_3_0_Config)
    i.BSP_L6470_3_1_Config                   0x08000398   Section        0  xnucleoihm02a1.o(i.BSP_L6470_3_1_Config)
    i.BSP_L6470_BusySynchEventManager        0x080003a4   Section        0  xnucleoihm02a1.o(i.BSP_L6470_BusySynchEventManager)
    i.BSP_L6470_CheckStatusRegisterFlag      0x080003a8   Section        0  xnucleoihm02a1.o(i.BSP_L6470_CheckStatusRegisterFlag)
    i.BSP_L6470_FlagEventManager             0x080003c4   Section        0  xnucleoihm02a1.o(i.BSP_L6470_FlagEventManager)
    i.BSP_L6470_GetParam                     0x080003c8   Section        0  xnucleoihm02a1.o(i.BSP_L6470_GetParam)
    i.BSP_L6470_GetStatus                    0x080003e4   Section        0  xnucleoihm02a1.o(i.BSP_L6470_GetStatus)
    i.BSP_L6470_GoHome                       0x080003fc   Section        0  xnucleoihm02a1.o(i.BSP_L6470_GoHome)
    i.BSP_L6470_GoMark                       0x08000414   Section        0  xnucleoihm02a1.o(i.BSP_L6470_GoMark)
    i.BSP_L6470_GoTo                         0x0800042c   Section        0  xnucleoihm02a1.o(i.BSP_L6470_GoTo)
    i.BSP_L6470_GoToDir                      0x08000448   Section        0  xnucleoihm02a1.o(i.BSP_L6470_GoToDir)
    i.BSP_L6470_GoUntil                      0x08000468   Section        0  xnucleoihm02a1.o(i.BSP_L6470_GoUntil)
    i.BSP_L6470_HardHiZ                      0x08000490   Section        0  xnucleoihm02a1.o(i.BSP_L6470_HardHiZ)
    i.BSP_L6470_HardStop                     0x080004a8   Section        0  xnucleoihm02a1.o(i.BSP_L6470_HardStop)
    i.BSP_L6470_Init                         0x080004c0   Section        0  xnucleoihm02a1.o(i.BSP_L6470_Init)
    i.BSP_L6470_Move                         0x0800053c   Section        0  xnucleoihm02a1.o(i.BSP_L6470_Move)
    i.BSP_L6470_PerformPreparedApplicationCommand 0x0800055c   Section        0  xnucleoihm02a1.o(i.BSP_L6470_PerformPreparedApplicationCommand)
    i.BSP_L6470_ReleaseSW                    0x08000570   Section        0  xnucleoihm02a1.o(i.BSP_L6470_ReleaseSW)
    i.BSP_L6470_ResetDevice                  0x08000590   Section        0  xnucleoihm02a1.o(i.BSP_L6470_ResetDevice)
    i.BSP_L6470_ResetPos                     0x080005a8   Section        0  xnucleoihm02a1.o(i.BSP_L6470_ResetPos)
    i.BSP_L6470_Run                          0x080005c0   Section        0  xnucleoihm02a1.o(i.BSP_L6470_Run)
    i.BSP_L6470_SetParam                     0x080005e0   Section        0  xnucleoihm02a1.o(i.BSP_L6470_SetParam)
    i.BSP_L6470_SoftHiZ                      0x08000600   Section        0  xnucleoihm02a1.o(i.BSP_L6470_SoftHiZ)
    i.BSP_L6470_SoftStop                     0x08000618   Section        0  xnucleoihm02a1.o(i.BSP_L6470_SoftStop)
    i.BSP_L6470_StepClock                    0x08000630   Section        0  xnucleoihm02a1.o(i.BSP_L6470_StepClock)
    i.BSP_LED_Init                           0x0800064c   Section        0  stm32f4xx_nucleo.o(i.BSP_LED_Init)
    i.BSP_LED_Off                            0x080006a4   Section        0  stm32f4xx_nucleo.o(i.BSP_LED_Off)
    i.BSP_LED_On                             0x080006c0   Section        0  stm32f4xx_nucleo.o(i.BSP_LED_On)
    i.BSP_NUCLEO_GPIO_Init                   0x080006dc   Section        0  xnucleoihm02a1.o(i.BSP_NUCLEO_GPIO_Init)
    i.BSP_PB_Init                            0x080007b0   Section        0  stm32f4xx_nucleo.o(i.BSP_PB_Init)
    i.BSP_Select                             0x08000838   Section        0  xnucleoihm02a1.o(i.BSP_Select)
    i.EXPBRD_ID                              0x08000868   Section        0  xnucleoihm02a1.o(i.EXPBRD_ID)
    i.EXTI0_IRQHandler                       0x08000870   Section        0  stm32f4xx_it.o(i.EXTI0_IRQHandler)
    i.EXTI15_10_IRQHandler                   0x08000876   Section        0  stm32f4xx_it.o(i.EXTI15_10_IRQHandler)
    i.EXTI1_IRQHandler                       0x0800087e   Section        0  stm32f4xx_it.o(i.EXTI1_IRQHandler)
    i.GetMotorParameterInitData              0x08000884   Section        0  params.o(i.GetMotorParameterInitData)
    i.HAL_Delay                              0x0800088c   Section        0  stm32f4xx_hal.o(i.HAL_Delay)
    i.HAL_GPIO_EXTI_Callback                 0x080008a2   Section        0  example.o(i.HAL_GPIO_EXTI_Callback)
    i.HAL_GPIO_EXTI_IRQHandler               0x080008c0   Section        0  stm32f4xx_hal_gpio.o(i.HAL_GPIO_EXTI_IRQHandler)
    i.HAL_GPIO_Init                          0x080008d8   Section        0  stm32f4xx_hal_gpio.o(i.HAL_GPIO_Init)
    i.HAL_GPIO_WritePin                      0x08000b64   Section        0  stm32f4xx_hal_gpio.o(i.HAL_GPIO_WritePin)
    i.HAL_GetTick                            0x08000b9c   Section        0  stm32f4xx_hal.o(i.HAL_GetTick)
    i.HAL_IncTick                            0x08000ba8   Section        0  stm32f4xx_hal.o(i.HAL_IncTick)
    i.HAL_Init                               0x08000bb8   Section        0  stm32f4xx_hal.o(i.HAL_Init)
    i.HAL_InitTick                           0x08000bec   Section        0  stm32f4xx_hal.o(i.HAL_InitTick)
    i.HAL_MspInit                            0x08000c0e   Section        0  stm32f4xx_hal_msp.o(i.HAL_MspInit)
    i.HAL_NVIC_DisableIRQ                    0x08000c24   Section        0  stm32f4xx_hal_cortex.o(i.HAL_NVIC_DisableIRQ)
    i.HAL_NVIC_EnableIRQ                     0x08000c50   Section        0  stm32f4xx_hal_cortex.o(i.HAL_NVIC_EnableIRQ)
    i.HAL_NVIC_SetPriority                   0x08000c7c   Section        0  stm32f4xx_hal_cortex.o(i.HAL_NVIC_SetPriority)
    i.HAL_NVIC_SetPriorityGrouping           0x08000ce4   Section        0  stm32f4xx_hal_cortex.o(i.HAL_NVIC_SetPriorityGrouping)
    i.HAL_RCC_ClockConfig                    0x08000d2c   Section        0  stm32f4xx_hal_rcc.o(i.HAL_RCC_ClockConfig)
    i.HAL_RCC_GetHCLKFreq                    0x08001068   Section        0  stm32f4xx_hal_rcc.o(i.HAL_RCC_GetHCLKFreq)
    i.HAL_RCC_GetPCLK1Freq                   0x0800109c   Section        0  stm32f4xx_hal_rcc.o(i.HAL_RCC_GetPCLK1Freq)
    i.HAL_RCC_GetPCLK2Freq                   0x080010c8   Section        0  stm32f4xx_hal_rcc.o(i.HAL_RCC_GetPCLK2Freq)
    i.HAL_RCC_GetSysClockFreq                0x080010f4   Section        0  stm32f4xx_hal_rcc.o(i.HAL_RCC_GetSysClockFreq)
    i.HAL_RCC_OscConfig                      0x08001174   Section        0  stm32f4xx_hal_rcc.o(i.HAL_RCC_OscConfig)
    i.HAL_SPI_Init                           0x080015cc   Section        0  stm32f4xx_hal_spi.o(i.HAL_SPI_Init)
    i.HAL_SPI_MspInit                        0x0800173c   Section        0  stm32f4xx_hal_msp.o(i.HAL_SPI_MspInit)
    i.HAL_SPI_TransmitReceive                0x08001810   Section        0  stm32f4xx_hal_spi.o(i.HAL_SPI_TransmitReceive)
    i.HAL_SYSTICK_Callback                   0x08001b2c   Section        0  stm32f4xx_hal_cortex.o(i.HAL_SYSTICK_Callback)
    i.HAL_SYSTICK_Config                     0x08001b2e   Section        0  stm32f4xx_hal_cortex.o(i.HAL_SYSTICK_Config)
    i.HAL_SYSTICK_IRQHandler                 0x08001b56   Section        0  stm32f4xx_hal_cortex.o(i.HAL_SYSTICK_IRQHandler)
    i.HAL_UART_ErrorCallback                 0x08001b5e   Section        0  stm32f4xx_hal_uart.o(i.HAL_UART_ErrorCallback)
    i.HAL_UART_IRQHandler                    0x08001b60   Section        0  stm32f4xx_hal_uart.o(i.HAL_UART_IRQHandler)
    i.HAL_UART_Init                          0x08001c3c   Section        0  stm32f4xx_hal_uart.o(i.HAL_UART_Init)
    i.HAL_UART_MspInit                       0x08001d2c   Section        0  stm32f4xx_hal_msp.o(i.HAL_UART_MspInit)
    i.HAL_UART_RxCpltCallback                0x08001e00   Section        0  stm32f4xx_hal_uart.o(i.HAL_UART_RxCpltCallback)
    i.HAL_UART_Transmit                      0x08001e02   Section        0  stm32f4xx_hal_uart.o(i.HAL_UART_Transmit)
    i.HAL_UART_TxCpltCallback                0x08001eda   Section        0  stm32f4xx_hal_uart.o(i.HAL_UART_TxCpltCallback)
    i.L6470_CheckStatusRegisterFlag          0x08001edc   Section        0  l6470.o(i.L6470_CheckStatusRegisterFlag)
    i.L6470_Config                           0x08001f68   Section        0  l6470.o(i.L6470_Config)
    i.L6470_DaisyChainCommand                0x08002164   Section        0  l6470.o(i.L6470_DaisyChainCommand)
    i.L6470_ExtractReturnedData              0x080021dc   Section        0  l6470.o(i.L6470_ExtractReturnedData)
    i.L6470_FillAppCmdPkg                    0x080021fc   Section        0  l6470.o(i.L6470_FillAppCmdPkg)
    i.L6470_GetParam                         0x08002210   Section        0  l6470.o(i.L6470_GetParam)
    i.L6470_GetRegisterName                  0x08002264   Section        0  l6470.o(i.L6470_GetRegisterName)
    i.L6470_GetStatus                        0x08002284   Section        0  l6470.o(i.L6470_GetStatus)
    i.L6470_GoHome                           0x080022c4   Section        0  l6470.o(i.L6470_GoHome)
    i.L6470_GoMark                           0x080022f4   Section        0  l6470.o(i.L6470_GoMark)
    i.L6470_GoTo                             0x08002324   Section        0  l6470.o(i.L6470_GoTo)
    i.L6470_GoToDir                          0x0800235c   Section        0  l6470.o(i.L6470_GoToDir)
    i.L6470_GoUntil                          0x08002394   Section        0  l6470.o(i.L6470_GoUntil)
    i.L6470_HardHiZ                          0x080023c4   Section        0  l6470.o(i.L6470_HardHiZ)
    i.L6470_HardStop                         0x080023f4   Section        0  l6470.o(i.L6470_HardStop)
    i.L6470_ID                               0x08002424   Section        0  l6470.o(i.L6470_ID)
    i.L6470_Move                             0x08002430   Section        0  l6470.o(i.L6470_Move)
    i.L6470_PerformPreparedApplicationCommand 0x08002460   Section        0  l6470.o(i.L6470_PerformPreparedApplicationCommand)
    i.L6470_PrepareAppCmdPkg                 0x08002484   Section        0  l6470.o(i.L6470_PrepareAppCmdPkg)
    i.L6470_PrepareDaisyChainCommand         0x080024c0   Section        0  l6470.o(i.L6470_PrepareDaisyChainCommand)
    i.L6470_PrepareGetParam                  0x080026d8   Section        0  l6470.o(i.L6470_PrepareGetParam)
    i.L6470_PrepareGetStatus                 0x080026f0   Section        0  l6470.o(i.L6470_PrepareGetStatus)
    i.L6470_PrepareGoHome                    0x08002708   Section        0  l6470.o(i.L6470_PrepareGoHome)
    i.L6470_PrepareGoMark                    0x08002720   Section        0  l6470.o(i.L6470_PrepareGoMark)
    i.L6470_PrepareGoTo                      0x08002738   Section        0  l6470.o(i.L6470_PrepareGoTo)
    i.L6470_PrepareGoToDir                   0x08002750   Section        0  l6470.o(i.L6470_PrepareGoToDir)
    i.L6470_PrepareGoUntil                   0x08002768   Section        0  l6470.o(i.L6470_PrepareGoUntil)
    i.L6470_PrepareHardHiZ                   0x08002780   Section        0  l6470.o(i.L6470_PrepareHardHiZ)
    i.L6470_PrepareHardStop                  0x08002798   Section        0  l6470.o(i.L6470_PrepareHardStop)
    i.L6470_PrepareMove                      0x080027b0   Section        0  l6470.o(i.L6470_PrepareMove)
    i.L6470_PrepareReleaseSW                 0x080027c8   Section        0  l6470.o(i.L6470_PrepareReleaseSW)
    i.L6470_PrepareResetDevice               0x080027e0   Section        0  l6470.o(i.L6470_PrepareResetDevice)
    i.L6470_PrepareResetPos                  0x080027f8   Section        0  l6470.o(i.L6470_PrepareResetPos)
    i.L6470_PrepareRun                       0x08002810   Section        0  l6470.o(i.L6470_PrepareRun)
    i.L6470_PrepareSetParam                  0x08002828   Section        0  l6470.o(i.L6470_PrepareSetParam)
    i.L6470_PrepareSoftHiZ                   0x08002840   Section        0  l6470.o(i.L6470_PrepareSoftHiZ)
    i.L6470_PrepareSoftStop                  0x08002858   Section        0  l6470.o(i.L6470_PrepareSoftStop)
    i.L6470_PrepareStepClock                 0x08002870   Section        0  l6470.o(i.L6470_PrepareStepClock)
    i.L6470_ReleaseSW                        0x08002888   Section        0  l6470.o(i.L6470_ReleaseSW)
    i.L6470_ResetAppCmdPkg                   0x080028b8   Section        0  l6470.o(i.L6470_ResetAppCmdPkg)
    i.L6470_ResetDevice                      0x080028d4   Section        0  l6470.o(i.L6470_ResetDevice)
    i.L6470_ResetPos                         0x08002904   Section        0  l6470.o(i.L6470_ResetPos)
    i.L6470_Run                              0x08002934   Section        0  l6470.o(i.L6470_Run)
    i.L6470_SetParam                         0x08002964   Section        0  l6470.o(i.L6470_SetParam)
    i.L6470_SoftHiZ                          0x08002994   Section        0  l6470.o(i.L6470_SoftHiZ)
    i.L6470_SoftStop                         0x080029c4   Section        0  l6470.o(i.L6470_SoftStop)
    i.L6470_StepClock                        0x080029f4   Section        0  l6470.o(i.L6470_StepClock)
    i.MX_GPIO_Init                           0x08002a24   Section        0  xnucleoihm02a1_interface.o(i.MX_GPIO_Init)
    i.MX_SPI1_Init                           0x08002a38   Section        0  xnucleoihm02a1_interface.o(i.MX_SPI1_Init)
    i.MX_SPI_Init                            0x08002ac4   Section        0  xnucleoihm02a1_interface.o(i.MX_SPI_Init)
    i.MX_USART2_Init                         0x08002ac8   Section        0  xnucleoihm02a1_interface.o(i.MX_USART2_Init)
    i.MX_USART6_Init                         0x08002af0   Section        0  xnucleoihm02a1_interface.o(i.MX_USART6_Init)
    i.MicrosteppingMotor_Example_01          0x08002b18   Section        0  example.o(i.MicrosteppingMotor_Example_01)
    i.NUCLEO_Board_Init                      0x08002b5c   Section        0  xnucleoihm02a1_interface.o(i.NUCLEO_Board_Init)
    i.NVIC_SetPriority                       0x08002b84   Section        0  stm32f4xx_hal_cortex.o(i.NVIC_SetPriority)
    NVIC_SetPriority                         0x08002b85   Thumb Code    32  stm32f4xx_hal_cortex.o(i.NVIC_SetPriority)
    i.Position_2_AbsPos                      0x08002ba4   Section        0  l6470.o(i.Position_2_AbsPos)
    i.SPI_WaitOnFlagUntilTimeout             0x08002bc0   Section        0  stm32f4xx_hal_spi.o(i.SPI_WaitOnFlagUntilTimeout)
    SPI_WaitOnFlagUntilTimeout               0x08002bc1   Thumb Code   214  stm32f4xx_hal_spi.o(i.SPI_WaitOnFlagUntilTimeout)
    i.Step_s2_2_Acc                          0x08002c98   Section        0  l6470.o(i.Step_s2_2_Acc)
    i.Step_s2_2_Dec                          0x08002cc4   Section        0  l6470.o(i.Step_s2_2_Dec)
    i.Step_s_2_FsSpd                         0x08002cf0   Section        0  l6470.o(i.Step_s_2_FsSpd)
    i.Step_s_2_IntSpeed                      0x08002d24   Section        0  l6470.o(i.Step_s_2_IntSpeed)
    i.Step_s_2_MaxSpeed                      0x08002d50   Section        0  l6470.o(i.Step_s_2_MaxSpeed)
    i.Step_s_2_MinSpeed                      0x08002d7c   Section        0  l6470.o(i.Step_s_2_MinSpeed)
    i.Step_s_2_Speed                         0x08002da8   Section        0  l6470.o(i.Step_s_2_Speed)
    i.SysTick_Handler                        0x08002dd0   Section        0  stm32f4xx_it.o(i.SysTick_Handler)
    i.SystemClock_Config                     0x08002de0   Section        0  xnucleoihm02a1_interface.o(i.SystemClock_Config)
    i.SystemInit                             0x08002e58   Section        0  system_stm32f4xx.o(i.SystemInit)
    i.UART_EndTransmit_IT                    0x08002eac   Section        0  stm32f4xx_hal_uart.o(i.UART_EndTransmit_IT)
    UART_EndTransmit_IT                      0x08002ead   Thumb Code    62  stm32f4xx_hal_uart.o(i.UART_EndTransmit_IT)
    i.UART_Receive_IT                        0x08002eea   Section        0  stm32f4xx_hal_uart.o(i.UART_Receive_IT)
    UART_Receive_IT                          0x08002eeb   Thumb Code   176  stm32f4xx_hal_uart.o(i.UART_Receive_IT)
    i.UART_SetConfig                         0x08002f9c   Section        0  stm32f4xx_hal_uart.o(i.UART_SetConfig)
    UART_SetConfig                           0x08002f9d   Thumb Code   574  stm32f4xx_hal_uart.o(i.UART_SetConfig)
    i.UART_Transmit_IT                       0x080031ec   Section        0  stm32f4xx_hal_uart.o(i.UART_Transmit_IT)
    UART_Transmit_IT                         0x080031ed   Thumb Code   106  stm32f4xx_hal_uart.o(i.UART_Transmit_IT)
    i.UART_WaitOnFlagUntilTimeout            0x08003256   Section        0  stm32f4xx_hal_uart.o(i.UART_WaitOnFlagUntilTimeout)
    UART_WaitOnFlagUntilTimeout              0x08003257   Thumb Code   198  stm32f4xx_hal_uart.o(i.UART_WaitOnFlagUntilTimeout)
    i.USART2_IRQHandler                      0x0800331c   Section        0  stm32f4xx_it.o(i.USART2_IRQHandler)
    i.USART6_IRQHandler                      0x08003334   Section        0  stm32f4xx_it.o(i.USART6_IRQHandler)
    i.USART_ITCharManager                    0x0800334c   Section        0  example_usart.o(i.USART_ITCharManager)
    i.USART_Transmit                         0x080033b8   Section        0  example_usart.o(i.USART_Transmit)
    i.USART_TxWelcomeMessage                 0x080033d0   Section        0  example_usart.o(i.USART_TxWelcomeMessage)
    i.User_LED_Blinking                      0x080034fc   Section        0  xnucleoihm02a1_interface.o(i.User_LED_Blinking)
    i.__scatterload_copy                     0x08003528   Section       14  handlers.o(i.__scatterload_copy)
    i.__scatterload_null                     0x08003536   Section        2  handlers.o(i.__scatterload_null)
    i.__scatterload_zeroinit                 0x08003538   Section       14  handlers.o(i.__scatterload_zeroinit)
    i.act2                                   0x08003548   Section        0  example.o(i.act2)
    i.assert_failed                          0x0800396c   Section        0  main.o(i.assert_failed)
    i.mA_2_OcdTh                             0x08003970   Section        0  l6470.o(i.mA_2_OcdTh)
    i.mA_2_StallTh                           0x080039c0   Section        0  l6470.o(i.mA_2_StallTh)
    i.main                                   0x08003a10   Section        0  main.o(i.main)
    i.num2hex                                0x08003a24   Section        0  example_usart.o(i.num2hex)
    i.s_Step_2_FnSlpAcc                      0x08003a84   Section        0  l6470.o(i.s_Step_2_FnSlpAcc)
    i.s_Step_2_FnSlpDec                      0x08003ab0   Section        0  l6470.o(i.s_Step_2_FnSlpDec)
    i.s_Step_2_StSlp                         0x08003adc   Section        0  l6470.o(i.s_Step_2_StSlp)
    .constdata                               0x08003b08   Section      794  l6470.o(.constdata)
    .constdata                               0x08003e22   Section        6  stm32f4xx_nucleo.o(.constdata)
    .constdata                               0x08003e28   Section       16  stm32f4xx_hal_rcc.o(.constdata)
    .constdata                               0x08003e38   Section      704  params.o(.constdata)
    .conststring                             0x080040f8   Section       74  stm32f4xx_hal_cortex.o(.conststring)
    .conststring                             0x08004144   Section       72  stm32f4xx_hal_gpio.o(.conststring)
    .conststring                             0x0800418c   Section       71  stm32f4xx_hal_rcc.o(.conststring)
    .conststring                             0x080041d4   Section       71  stm32f4xx_hal_spi.o(.conststring)
    .conststring                             0x0800421c   Section       72  stm32f4xx_hal_uart.o(.conststring)
    .data                                    0x20000000   Section      148  l6470.o(.data)
    .data                                    0x20000094   Section       24  l6470.o(.data)
    .data                                    0x200000ac   Section        2  l6470.o(.data)
    .data                                    0x200000b0   Section       12  stm32f4xx_nucleo.o(.data)
    .data                                    0x200000bc   Section       80  xnucleoihm02a1.o(.data)
    .data                                    0x2000010c   Section      660  xnucleoihm02a1.o(.data)
    .data                                    0x200003a0   Section        4  system_stm32f4xx.o(.data)
    .data                                    0x200003a4   Section        4  stm32f4xx_hal.o(.data)
    uwTick                                   0x200003a4   Data           4  stm32f4xx_hal.o(.data)
    .data                                    0x200003a8   Section       12  example.o(.data)
    .bss                                     0x200003b4   Section       32  l6470.o(.bss)
    .bss                                     0x200003d4   Section       12  xnucleoihm02a1.o(.bss)
    .bss                                     0x200003e0   Section      244  xnucleoihm02a1_interface.o(.bss)
    .bss                                     0x200004d4   Section      326  example_usart.o(.bss)
    HexValue                                 0x200004d4   Data           9  example_usart.o(.bss)
    STACK                                    0x20000620   Section     1024  startup_stm32f401xe.o(STACK)

    Global Symbols

    Symbol Name                              Value     Ov Type        Size  Object(Section)

    BuildAttributes$$THM_ISAv4$E$P$D$K$B$S$7EM$VFPi3$EXTD16$VFPS$VFMA$PE$A:L22UL41UL21$X:L11$S22US41US21$IEEE1$IW$USESV6$~STKCKD$USESV7$~SHL$OTIME$ROPI$EBA8$MICROLIB$REQ8$PRES8$EABIv2 0x00000000   Number         0  anon$$obj.o ABSOLUTE
    __ARM_use_no_argv                        0x00000000   Number         0  main.o ABSOLUTE
    __arm_fini_                               - Undefined Weak Reference
    __cpp_initialize__aeabi_                  - Undefined Weak Reference
    __cxa_finalize                            - Undefined Weak Reference
    _clock_init                               - Undefined Weak Reference
    _microlib_exit                            - Undefined Weak Reference
    __Vectors_Size                           0x00000194   Number         0  startup_stm32f401xe.o ABSOLUTE
    __Vectors                                0x08000000   Data           4  startup_stm32f401xe.o(RESET)
    __Vectors_End                            0x08000194   Data           0  startup_stm32f401xe.o(RESET)
    __main                                   0x08000195   Thumb Code     0  entry.o(.ARM.Collect$$$$00000000)
    _main_stk                                0x08000195   Thumb Code     0  entry2.o(.ARM.Collect$$$$00000001)
    _main_scatterload                        0x08000199   Thumb Code     0  entry5.o(.ARM.Collect$$$$00000004)
    __main_after_scatterload                 0x0800019d   Thumb Code     0  entry5.o(.ARM.Collect$$$$00000004)
    _main_clock                              0x0800019d   Thumb Code     0  entry7b.o(.ARM.Collect$$$$00000008)
    _main_cpp_init                           0x0800019d   Thumb Code     0  entry8b.o(.ARM.Collect$$$$0000000A)
    _main_init                               0x0800019d   Thumb Code     0  entry9a.o(.ARM.Collect$$$$0000000B)
    __rt_lib_shutdown_fini                   0x080001a5   Thumb Code     0  entry12b.o(.ARM.Collect$$$$0000000E)
    __rt_final_cpp                           0x080001a9   Thumb Code     0  entry10a.o(.ARM.Collect$$$$0000000F)
    __rt_final_exit                          0x080001a9   Thumb Code     0  entry11a.o(.ARM.Collect$$$$00000011)
    Reset_Handler                            0x080001ad   Thumb Code     8  startup_stm32f401xe.o(.text)
    NMI_Handler                              0x080001b5   Thumb Code     2  startup_stm32f401xe.o(.text)
    HardFault_Handler                        0x080001b7   Thumb Code     2  startup_stm32f401xe.o(.text)
    MemManage_Handler                        0x080001b9   Thumb Code     2  startup_stm32f401xe.o(.text)
    BusFault_Handler                         0x080001bb   Thumb Code     2  startup_stm32f401xe.o(.text)
    UsageFault_Handler                       0x080001bd   Thumb Code     2  startup_stm32f401xe.o(.text)
    SVC_Handler                              0x080001bf   Thumb Code     2  startup_stm32f401xe.o(.text)
    DebugMon_Handler                         0x080001c1   Thumb Code     2  startup_stm32f401xe.o(.text)
    PendSV_Handler                           0x080001c3   Thumb Code     2  startup_stm32f401xe.o(.text)
    ADC_IRQHandler                           0x080001c7   Thumb Code     0  startup_stm32f401xe.o(.text)
    DMA1_Stream0_IRQHandler                  0x080001c7   Thumb Code     0  startup_stm32f401xe.o(.text)
    DMA1_Stream1_IRQHandler                  0x080001c7   Thumb Code     0  startup_stm32f401xe.o(.text)
    DMA1_Stream2_IRQHandler                  0x080001c7   Thumb Code     0  startup_stm32f401xe.o(.text)
    DMA1_Stream3_IRQHandler                  0x080001c7   Thumb Code     0  startup_stm32f401xe.o(.text)
    DMA1_Stream4_IRQHandler                  0x080001c7   Thumb Code     0  startup_stm32f401xe.o(.text)
    DMA1_Stream5_IRQHandler                  0x080001c7   Thumb Code     0  startup_stm32f401xe.o(.text)
    DMA1_Stream6_IRQHandler                  0x080001c7   Thumb Code     0  startup_stm32f401xe.o(.text)
    DMA1_Stream7_IRQHandler                  0x080001c7   Thumb Code     0  startup_stm32f401xe.o(.text)
    DMA2_Stream0_IRQHandler                  0x080001c7   Thumb Code     0  startup_stm32f401xe.o(.text)
    DMA2_Stream1_IRQHandler                  0x080001c7   Thumb Code     0  startup_stm32f401xe.o(.text)
    DMA2_Stream2_IRQHandler                  0x080001c7   Thumb Code     0  startup_stm32f401xe.o(.text)
    DMA2_Stream3_IRQHandler                  0x080001c7   Thumb Code     0  startup_stm32f401xe.o(.text)
    DMA2_Stream4_IRQHandler                  0x080001c7   Thumb Code     0  startup_stm32f401xe.o(.text)
    DMA2_Stream5_IRQHandler                  0x080001c7   Thumb Code     0  startup_stm32f401xe.o(.text)
    DMA2_Stream6_IRQHandler                  0x080001c7   Thumb Code     0  startup_stm32f401xe.o(.text)
    DMA2_Stream7_IRQHandler                  0x080001c7   Thumb Code     0  startup_stm32f401xe.o(.text)
    EXTI2_IRQHandler                         0x080001c7   Thumb Code     0  startup_stm32f401xe.o(.text)
    EXTI3_IRQHandler                         0x080001c7   Thumb Code     0  startup_stm32f401xe.o(.text)
    EXTI4_IRQHandler                         0x080001c7   Thumb Code     0  startup_stm32f401xe.o(.text)
    EXTI9_5_IRQHandler                       0x080001c7   Thumb Code     0  startup_stm32f401xe.o(.text)
    FLASH_IRQHandler                         0x080001c7   Thumb Code     0  startup_stm32f401xe.o(.text)
    FPU_IRQHandler                           0x080001c7   Thumb Code     0  startup_stm32f401xe.o(.text)
    I2C1_ER_IRQHandler                       0x080001c7   Thumb Code     0  startup_stm32f401xe.o(.text)
    I2C1_EV_IRQHandler                       0x080001c7   Thumb Code     0  startup_stm32f401xe.o(.text)
    I2C2_ER_IRQHandler                       0x080001c7   Thumb Code     0  startup_stm32f401xe.o(.text)
    I2C2_EV_IRQHandler                       0x080001c7   Thumb Code     0  startup_stm32f401xe.o(.text)
    I2C3_ER_IRQHandler                       0x080001c7   Thumb Code     0  startup_stm32f401xe.o(.text)
    I2C3_EV_IRQHandler                       0x080001c7   Thumb Code     0  startup_stm32f401xe.o(.text)
    OTG_FS_IRQHandler                        0x080001c7   Thumb Code     0  startup_stm32f401xe.o(.text)
    OTG_FS_WKUP_IRQHandler                   0x080001c7   Thumb Code     0  startup_stm32f401xe.o(.text)
    PVD_IRQHandler                           0x080001c7   Thumb Code     0  startup_stm32f401xe.o(.text)
    RCC_IRQHandler                           0x080001c7   Thumb Code     0  startup_stm32f401xe.o(.text)
    RTC_Alarm_IRQHandler                     0x080001c7   Thumb Code     0  startup_stm32f401xe.o(.text)
    RTC_WKUP_IRQHandler                      0x080001c7   Thumb Code     0  startup_stm32f401xe.o(.text)
    SDIO_IRQHandler                          0x080001c7   Thumb Code     0  startup_stm32f401xe.o(.text)
    SPI1_IRQHandler                          0x080001c7   Thumb Code     0  startup_stm32f401xe.o(.text)
    SPI2_IRQHandler                          0x080001c7   Thumb Code     0  startup_stm32f401xe.o(.text)
    SPI3_IRQHandler                          0x080001c7   Thumb Code     0  startup_stm32f401xe.o(.text)
    SPI4_IRQHandler                          0x080001c7   Thumb Code     0  startup_stm32f401xe.o(.text)
    TAMP_STAMP_IRQHandler                    0x080001c7   Thumb Code     0  startup_stm32f401xe.o(.text)
    TIM1_BRK_TIM9_IRQHandler                 0x080001c7   Thumb Code     0  startup_stm32f401xe.o(.text)
    TIM1_CC_IRQHandler                       0x080001c7   Thumb Code     0  startup_stm32f401xe.o(.text)
    TIM1_TRG_COM_TIM11_IRQHandler            0x080001c7   Thumb Code     0  startup_stm32f401xe.o(.text)
    TIM1_UP_TIM10_IRQHandler                 0x080001c7   Thumb Code     0  startup_stm32f401xe.o(.text)
    TIM2_IRQHandler                          0x080001c7   Thumb Code     0  startup_stm32f401xe.o(.text)
    TIM3_IRQHandler                          0x080001c7   Thumb Code     0  startup_stm32f401xe.o(.text)
    TIM4_IRQHandler                          0x080001c7   Thumb Code     0  startup_stm32f401xe.o(.text)
    TIM5_IRQHandler                          0x080001c7   Thumb Code     0  startup_stm32f401xe.o(.text)
    USART1_IRQHandler                        0x080001c7   Thumb Code     0  startup_stm32f401xe.o(.text)
    WWDG_IRQHandler                          0x080001c7   Thumb Code     0  startup_stm32f401xe.o(.text)
    __scatterload                            0x080001d1   Thumb Code    28  init.o(.text)
    __scatterload_rt2                        0x080001d1   Thumb Code     0  init.o(.text)
    __decompress                             0x080001f5   Thumb Code     0  __dczerorl2.o(.text)
    __decompress1                            0x080001f5   Thumb Code    86  __dczerorl2.o(.text)
    BSP_0_Config                             0x0800024d   Thumb Code     8  xnucleoihm02a1.o(i.BSP_0_Config)
    BSP_1_Config                             0x08000259   Thumb Code     8  xnucleoihm02a1.o(i.BSP_1_Config)
    BSP_2_Config                             0x08000265   Thumb Code     8  xnucleoihm02a1.o(i.BSP_2_Config)
    BSP_3_Config                             0x08000271   Thumb Code     8  xnucleoihm02a1.o(i.BSP_3_Config)
    BSP_Config                               0x0800027d   Thumb Code    34  xnucleoihm02a1.o(i.BSP_Config)
    BSP_EmergencyStop                        0x080002a1   Thumb Code    14  xnucleoihm02a1.o(i.BSP_EmergencyStop)
    BSP_GetExpansionBoardHandle              0x080002b5   Thumb Code    70  xnucleoihm02a1.o(i.BSP_GetExpansionBoardHandle)
    BSP_IRQ                                  0x08000301   Thumb Code    38  xnucleoihm02a1.o(i.BSP_IRQ)
    BSP_Init                                 0x08000327   Thumb Code    30  xnucleoihm02a1.o(i.BSP_Init)
    BSP_L6470_0_0_Config                     0x08000345   Thumb Code     8  xnucleoihm02a1.o(i.BSP_L6470_0_0_Config)
    BSP_L6470_0_1_Config                     0x08000351   Thumb Code     8  xnucleoihm02a1.o(i.BSP_L6470_0_1_Config)
    BSP_L6470_1_0_Config                     0x0800035d   Thumb Code     8  xnucleoihm02a1.o(i.BSP_L6470_1_0_Config)
    BSP_L6470_1_1_Config                     0x08000369   Thumb Code     8  xnucleoihm02a1.o(i.BSP_L6470_1_1_Config)
    BSP_L6470_2_0_Config                     0x08000375   Thumb Code     8  xnucleoihm02a1.o(i.BSP_L6470_2_0_Config)
    BSP_L6470_2_1_Config                     0x08000381   Thumb Code     8  xnucleoihm02a1.o(i.BSP_L6470_2_1_Config)
    BSP_L6470_3_0_Config                     0x0800038d   Thumb Code     8  xnucleoihm02a1.o(i.BSP_L6470_3_0_Config)
    BSP_L6470_3_1_Config                     0x08000399   Thumb Code     8  xnucleoihm02a1.o(i.BSP_L6470_3_1_Config)
    BSP_L6470_BusySynchEventManager          0x080003a5   Thumb Code     4  xnucleoihm02a1.o(i.BSP_L6470_BusySynchEventManager)
    BSP_L6470_CheckStatusRegisterFlag        0x080003a9   Thumb Code    28  xnucleoihm02a1.o(i.BSP_L6470_CheckStatusRegisterFlag)
    BSP_L6470_FlagEventManager               0x080003c5   Thumb Code     4  xnucleoihm02a1.o(i.BSP_L6470_FlagEventManager)
    BSP_L6470_GetParam                       0x080003c9   Thumb Code    28  xnucleoihm02a1.o(i.BSP_L6470_GetParam)
    BSP_L6470_GetStatus                      0x080003e5   Thumb Code    24  xnucleoihm02a1.o(i.BSP_L6470_GetStatus)
    BSP_L6470_GoHome                         0x080003fd   Thumb Code    24  xnucleoihm02a1.o(i.BSP_L6470_GoHome)
    BSP_L6470_GoMark                         0x08000415   Thumb Code    24  xnucleoihm02a1.o(i.BSP_L6470_GoMark)
    BSP_L6470_GoTo                           0x0800042d   Thumb Code    28  xnucleoihm02a1.o(i.BSP_L6470_GoTo)
    BSP_L6470_GoToDir                        0x08000449   Thumb Code    32  xnucleoihm02a1.o(i.BSP_L6470_GoToDir)
    BSP_L6470_GoUntil                        0x08000469   Thumb Code    40  xnucleoihm02a1.o(i.BSP_L6470_GoUntil)
    BSP_L6470_HardHiZ                        0x08000491   Thumb Code    24  xnucleoihm02a1.o(i.BSP_L6470_HardHiZ)
    BSP_L6470_HardStop                       0x080004a9   Thumb Code    24  xnucleoihm02a1.o(i.BSP_L6470_HardStop)
    BSP_L6470_Init                           0x080004c1   Thumb Code   116  xnucleoihm02a1.o(i.BSP_L6470_Init)
    BSP_L6470_Move                           0x0800053d   Thumb Code    32  xnucleoihm02a1.o(i.BSP_L6470_Move)
    BSP_L6470_PerformPreparedApplicationCommand 0x0800055d   Thumb Code    20  xnucleoihm02a1.o(i.BSP_L6470_PerformPreparedApplicationCommand)
    BSP_L6470_ReleaseSW                      0x08000571   Thumb Code    32  xnucleoihm02a1.o(i.BSP_L6470_ReleaseSW)
    BSP_L6470_ResetDevice                    0x08000591   Thumb Code    24  xnucleoihm02a1.o(i.BSP_L6470_ResetDevice)
    BSP_L6470_ResetPos                       0x080005a9   Thumb Code    24  xnucleoihm02a1.o(i.BSP_L6470_ResetPos)
    BSP_L6470_Run                            0x080005c1   Thumb Code    32  xnucleoihm02a1.o(i.BSP_L6470_Run)
    BSP_L6470_SetParam                       0x080005e1   Thumb Code    32  xnucleoihm02a1.o(i.BSP_L6470_SetParam)
    BSP_L6470_SoftHiZ                        0x08000601   Thumb Code    24  xnucleoihm02a1.o(i.BSP_L6470_SoftHiZ)
    BSP_L6470_SoftStop                       0x08000619   Thumb Code    24  xnucleoihm02a1.o(i.BSP_L6470_SoftStop)
    BSP_L6470_StepClock                      0x08000631   Thumb Code    28  xnucleoihm02a1.o(i.BSP_L6470_StepClock)
    BSP_LED_Init                             0x0800064d   Thumb Code    76  stm32f4xx_nucleo.o(i.BSP_LED_Init)
    BSP_LED_Off                              0x080006a5   Thumb Code    18  stm32f4xx_nucleo.o(i.BSP_LED_Off)
    BSP_LED_On                               0x080006c1   Thumb Code    18  stm32f4xx_nucleo.o(i.BSP_LED_On)
    BSP_NUCLEO_GPIO_Init                     0x080006dd   Thumb Code   200  xnucleoihm02a1.o(i.BSP_NUCLEO_GPIO_Init)
    BSP_PB_Init                              0x080007b1   Thumb Code   118  stm32f4xx_nucleo.o(i.BSP_PB_Init)
    BSP_Select                               0x08000839   Thumb Code    38  xnucleoihm02a1.o(i.BSP_Select)
    EXPBRD_ID                                0x08000869   Thumb Code     8  xnucleoihm02a1.o(i.EXPBRD_ID)
    EXTI0_IRQHandler                         0x08000871   Thumb Code     6  stm32f4xx_it.o(i.EXTI0_IRQHandler)
    EXTI15_10_IRQHandler                     0x08000877   Thumb Code     8  stm32f4xx_it.o(i.EXTI15_10_IRQHandler)
    EXTI1_IRQHandler                         0x0800087f   Thumb Code     6  stm32f4xx_it.o(i.EXTI1_IRQHandler)
    GetMotorParameterInitData                0x08000885   Thumb Code     4  params.o(i.GetMotorParameterInitData)
    HAL_Delay                                0x0800088d   Thumb Code    22  stm32f4xx_hal.o(i.HAL_Delay)
    HAL_GPIO_EXTI_Callback                   0x080008a3   Thumb Code    28  example.o(i.HAL_GPIO_EXTI_Callback)
    HAL_GPIO_EXTI_IRQHandler                 0x080008c1   Thumb Code    18  stm32f4xx_hal_gpio.o(i.HAL_GPIO_EXTI_IRQHandler)
    HAL_GPIO_Init                            0x080008d9   Thumb Code   588  stm32f4xx_hal_gpio.o(i.HAL_GPIO_Init)
    HAL_GPIO_WritePin                        0x08000b65   Thumb Code    50  stm32f4xx_hal_gpio.o(i.HAL_GPIO_WritePin)
    HAL_GetTick                              0x08000b9d   Thumb Code     6  stm32f4xx_hal.o(i.HAL_GetTick)
    HAL_IncTick                              0x08000ba9   Thumb Code    10  stm32f4xx_hal.o(i.HAL_IncTick)
    HAL_Init                                 0x08000bb9   Thumb Code    48  stm32f4xx_hal.o(i.HAL_Init)
    HAL_InitTick                             0x08000bed   Thumb Code    34  stm32f4xx_hal.o(i.HAL_InitTick)
    HAL_MspInit                              0x08000c0f   Thumb Code    22  stm32f4xx_hal_msp.o(i.HAL_MspInit)
    HAL_NVIC_DisableIRQ                      0x08000c25   Thumb Code    38  stm32f4xx_hal_cortex.o(i.HAL_NVIC_DisableIRQ)
    HAL_NVIC_EnableIRQ                       0x08000c51   Thumb Code    38  stm32f4xx_hal_cortex.o(i.HAL_NVIC_EnableIRQ)
    HAL_NVIC_SetPriority                     0x08000c7d   Thumb Code    94  stm32f4xx_hal_cortex.o(i.HAL_NVIC_SetPriority)
    HAL_NVIC_SetPriorityGrouping             0x08000ce5   Thumb Code    58  stm32f4xx_hal_cortex.o(i.HAL_NVIC_SetPriorityGrouping)
    HAL_RCC_ClockConfig                      0x08000d2d   Thumb Code   816  stm32f4xx_hal_rcc.o(i.HAL_RCC_ClockConfig)
    HAL_RCC_GetHCLKFreq                      0x08001069   Thumb Code    38  stm32f4xx_hal_rcc.o(i.HAL_RCC_GetHCLKFreq)
    HAL_RCC_GetPCLK1Freq                     0x0800109d   Thumb Code    36  stm32f4xx_hal_rcc.o(i.HAL_RCC_GetPCLK1Freq)
    HAL_RCC_GetPCLK2Freq                     0x080010c9   Thumb Code    36  stm32f4xx_hal_rcc.o(i.HAL_RCC_GetPCLK2Freq)
    HAL_RCC_GetSysClockFreq                  0x080010f5   Thumb Code   120  stm32f4xx_hal_rcc.o(i.HAL_RCC_GetSysClockFreq)
    HAL_RCC_OscConfig                        0x08001175   Thumb Code  1110  stm32f4xx_hal_rcc.o(i.HAL_RCC_OscConfig)
    HAL_SPI_Init                             0x080015cd   Thumb Code   362  stm32f4xx_hal_spi.o(i.HAL_SPI_Init)
    HAL_SPI_MspInit                          0x0800173d   Thumb Code   190  stm32f4xx_hal_msp.o(i.HAL_SPI_MspInit)
    HAL_SPI_TransmitReceive                  0x08001811   Thumb Code   790  stm32f4xx_hal_spi.o(i.HAL_SPI_TransmitReceive)
    HAL_SYSTICK_Callback                     0x08001b2d   Thumb Code     2  stm32f4xx_hal_cortex.o(i.HAL_SYSTICK_Callback)
    HAL_SYSTICK_Config                       0x08001b2f   Thumb Code    40  stm32f4xx_hal_cortex.o(i.HAL_SYSTICK_Config)
    HAL_SYSTICK_IRQHandler                   0x08001b57   Thumb Code     8  stm32f4xx_hal_cortex.o(i.HAL_SYSTICK_IRQHandler)
    HAL_UART_ErrorCallback                   0x08001b5f   Thumb Code     2  stm32f4xx_hal_uart.o(i.HAL_UART_ErrorCallback)
    HAL_UART_IRQHandler                      0x08001b61   Thumb Code   218  stm32f4xx_hal_uart.o(i.HAL_UART_IRQHandler)
    HAL_UART_Init                            0x08001c3d   Thumb Code   222  stm32f4xx_hal_uart.o(i.HAL_UART_Init)
    HAL_UART_MspInit                         0x08001d2d   Thumb Code   192  stm32f4xx_hal_msp.o(i.HAL_UART_MspInit)
    HAL_UART_RxCpltCallback                  0x08001e01   Thumb Code     2  stm32f4xx_hal_uart.o(i.HAL_UART_RxCpltCallback)
    HAL_UART_Transmit                        0x08001e03   Thumb Code   216  stm32f4xx_hal_uart.o(i.HAL_UART_Transmit)
    HAL_UART_TxCpltCallback                  0x08001edb   Thumb Code     2  stm32f4xx_hal_uart.o(i.HAL_UART_TxCpltCallback)
    L6470_CheckStatusRegisterFlag            0x08001edd   Thumb Code   134  l6470.o(i.L6470_CheckStatusRegisterFlag)
    L6470_Config                             0x08001f69   Thumb Code   502  l6470.o(i.L6470_Config)
    L6470_DaisyChainCommand                  0x08002165   Thumb Code   106  l6470.o(i.L6470_DaisyChainCommand)
    L6470_ExtractReturnedData                0x080021dd   Thumb Code    32  l6470.o(i.L6470_ExtractReturnedData)
    L6470_FillAppCmdPkg                      0x080021fd   Thumb Code    20  l6470.o(i.L6470_FillAppCmdPkg)
    L6470_GetParam                           0x08002211   Thumb Code    70  l6470.o(i.L6470_GetParam)
    L6470_GetRegisterName                    0x08002265   Thumb Code    22  l6470.o(i.L6470_GetRegisterName)
    L6470_GetStatus                          0x08002285   Thumb Code    56  l6470.o(i.L6470_GetStatus)
    L6470_GoHome                             0x080022c5   Thumb Code    40  l6470.o(i.L6470_GoHome)
    L6470_GoMark                             0x080022f5   Thumb Code    40  l6470.o(i.L6470_GoMark)
    L6470_GoTo                               0x08002325   Thumb Code    48  l6470.o(i.L6470_GoTo)
    L6470_GoToDir                            0x0800235d   Thumb Code    48  l6470.o(i.L6470_GoToDir)
    L6470_GoUntil                            0x08002395   Thumb Code    38  l6470.o(i.L6470_GoUntil)
    L6470_HardHiZ                            0x080023c5   Thumb Code    40  l6470.o(i.L6470_HardHiZ)
    L6470_HardStop                           0x080023f5   Thumb Code    40  l6470.o(i.L6470_HardStop)
    L6470_ID                                 0x08002425   Thumb Code    12  l6470.o(i.L6470_ID)
    L6470_Move                               0x08002431   Thumb Code    40  l6470.o(i.L6470_Move)
    L6470_PerformPreparedApplicationCommand  0x08002461   Thumb Code    26  l6470.o(i.L6470_PerformPreparedApplicationCommand)
    L6470_PrepareAppCmdPkg                   0x08002485   Thumb Code    54  l6470.o(i.L6470_PrepareAppCmdPkg)
    L6470_PrepareDaisyChainCommand           0x080024c1   Thumb Code   530  l6470.o(i.L6470_PrepareDaisyChainCommand)
    L6470_PrepareGetParam                    0x080026d9   Thumb Code    20  l6470.o(i.L6470_PrepareGetParam)
    L6470_PrepareGetStatus                   0x080026f1   Thumb Code    20  l6470.o(i.L6470_PrepareGetStatus)
    L6470_PrepareGoHome                      0x08002709   Thumb Code    20  l6470.o(i.L6470_PrepareGoHome)
    L6470_PrepareGoMark                      0x08002721   Thumb Code    20  l6470.o(i.L6470_PrepareGoMark)
    L6470_PrepareGoTo                        0x08002739   Thumb Code    20  l6470.o(i.L6470_PrepareGoTo)
    L6470_PrepareGoToDir                     0x08002751   Thumb Code    20  l6470.o(i.L6470_PrepareGoToDir)
    L6470_PrepareGoUntil                     0x08002769   Thumb Code    18  l6470.o(i.L6470_PrepareGoUntil)
    L6470_PrepareHardHiZ                     0x08002781   Thumb Code    20  l6470.o(i.L6470_PrepareHardHiZ)
    L6470_PrepareHardStop                    0x08002799   Thumb Code    20  l6470.o(i.L6470_PrepareHardStop)
    L6470_PrepareMove                        0x080027b1   Thumb Code    20  l6470.o(i.L6470_PrepareMove)
    L6470_PrepareReleaseSW                   0x080027c9   Thumb Code    20  l6470.o(i.L6470_PrepareReleaseSW)
    L6470_PrepareResetDevice                 0x080027e1   Thumb Code    20  l6470.o(i.L6470_PrepareResetDevice)
    L6470_PrepareResetPos                    0x080027f9   Thumb Code    20  l6470.o(i.L6470_PrepareResetPos)
    L6470_PrepareRun                         0x08002811   Thumb Code    20  l6470.o(i.L6470_PrepareRun)
    L6470_PrepareSetParam                    0x08002829   Thumb Code    20  l6470.o(i.L6470_PrepareSetParam)
    L6470_PrepareSoftHiZ                     0x08002841   Thumb Code    20  l6470.o(i.L6470_PrepareSoftHiZ)
    L6470_PrepareSoftStop                    0x08002859   Thumb Code    20  l6470.o(i.L6470_PrepareSoftStop)
    L6470_PrepareStepClock                   0x08002871   Thumb Code    20  l6470.o(i.L6470_PrepareStepClock)
    L6470_ReleaseSW                          0x08002889   Thumb Code    40  l6470.o(i.L6470_ReleaseSW)
    L6470_ResetAppCmdPkg                     0x080028b9   Thumb Code    26  l6470.o(i.L6470_ResetAppCmdPkg)
    L6470_ResetDevice                        0x080028d5   Thumb Code    40  l6470.o(i.L6470_ResetDevice)
    L6470_ResetPos                           0x08002905   Thumb Code    40  l6470.o(i.L6470_ResetPos)
    L6470_Run                                0x08002935   Thumb Code    40  l6470.o(i.L6470_Run)
    L6470_SetParam                           0x08002965   Thumb Code    40  l6470.o(i.L6470_SetParam)
    L6470_SoftHiZ                            0x08002995   Thumb Code    40  l6470.o(i.L6470_SoftHiZ)
    L6470_SoftStop                           0x080029c5   Thumb Code    40  l6470.o(i.L6470_SoftStop)
    L6470_StepClock                          0x080029f5   Thumb Code    40  l6470.o(i.L6470_StepClock)
    MX_GPIO_Init                             0x08002a25   Thumb Code    20  xnucleoihm02a1_interface.o(i.MX_GPIO_Init)
    MX_SPI1_Init                             0x08002a39   Thumb Code   126  xnucleoihm02a1_interface.o(i.MX_SPI1_Init)
    MX_SPI_Init                              0x08002ac5   Thumb Code     4  xnucleoihm02a1_interface.o(i.MX_SPI_Init)
    MX_USART2_Init                           0x08002ac9   Thumb Code    32  xnucleoihm02a1_interface.o(i.MX_USART2_Init)
    MX_USART6_Init                           0x08002af1   Thumb Code    32  xnucleoihm02a1_interface.o(i.MX_USART6_Init)
    MicrosteppingMotor_Example_01            0x08002b19   Thumb Code    62  example.o(i.MicrosteppingMotor_Example_01)
    NUCLEO_Board_Init                        0x08002b5d   Thumb Code    40  xnucleoihm02a1_interface.o(i.NUCLEO_Board_Init)
    Position_2_AbsPos                        0x08002ba5   Thumb Code    28  l6470.o(i.Position_2_AbsPos)
    Step_s2_2_Acc                            0x08002c99   Thumb Code    34  l6470.o(i.Step_s2_2_Acc)
    Step_s2_2_Dec                            0x08002cc5   Thumb Code    34  l6470.o(i.Step_s2_2_Dec)
    Step_s_2_FsSpd                           0x08002cf1   Thumb Code    42  l6470.o(i.Step_s_2_FsSpd)
    Step_s_2_IntSpeed                        0x08002d25   Thumb Code    34  l6470.o(i.Step_s_2_IntSpeed)
    Step_s_2_MaxSpeed                        0x08002d51   Thumb Code    34  l6470.o(i.Step_s_2_MaxSpeed)
    Step_s_2_MinSpeed                        0x08002d7d   Thumb Code    34  l6470.o(i.Step_s_2_MinSpeed)
    Step_s_2_Speed                           0x08002da9   Thumb Code    32  l6470.o(i.Step_s_2_Speed)
    SysTick_Handler                          0x08002dd1   Thumb Code    14  stm32f4xx_it.o(i.SysTick_Handler)
    SystemClock_Config                       0x08002de1   Thumb Code   110  xnucleoihm02a1_interface.o(i.SystemClock_Config)
    SystemInit                               0x08002e59   Thumb Code    66  system_stm32f4xx.o(i.SystemInit)
    USART2_IRQHandler                        0x0800331d   Thumb Code    18  stm32f4xx_it.o(i.USART2_IRQHandler)
    USART6_IRQHandler                        0x08003335   Thumb Code    18  stm32f4xx_it.o(i.USART6_IRQHandler)
    USART_ITCharManager                      0x0800334d   Thumb Code   102  example_usart.o(i.USART_ITCharManager)
    USART_Transmit                           0x080033b9   Thumb Code    24  example_usart.o(i.USART_Transmit)
    USART_TxWelcomeMessage                   0x080033d1   Thumb Code    84  example_usart.o(i.USART_TxWelcomeMessage)
    User_LED_Blinking                        0x080034fd   Thumb Code    44  xnucleoihm02a1_interface.o(i.User_LED_Blinking)
    __scatterload_copy                       0x08003529   Thumb Code    14  handlers.o(i.__scatterload_copy)
    __scatterload_null                       0x08003537   Thumb Code     2  handlers.o(i.__scatterload_null)
    __scatterload_zeroinit                   0x08003539   Thumb Code    14  handlers.o(i.__scatterload_zeroinit)
    act2                                     0x08003549   Thumb Code   914  example.o(i.act2)
    assert_failed                            0x0800396d   Thumb Code     2  main.o(i.assert_failed)
    mA_2_OcdTh                               0x08003971   Thumb Code    72  l6470.o(i.mA_2_OcdTh)
    mA_2_StallTh                             0x080039c1   Thumb Code    72  l6470.o(i.mA_2_StallTh)
    main                                     0x08003a11   Thumb Code    18  main.o(i.main)
    num2hex                                  0x08003a25   Thumb Code    90  example_usart.o(i.num2hex)
    s_Step_2_FnSlpAcc                        0x08003a85   Thumb Code    34  l6470.o(i.s_Step_2_FnSlpAcc)
    s_Step_2_FnSlpDec                        0x08003ab1   Thumb Code    34  l6470.o(i.s_Step_2_FnSlpDec)
    s_Step_2_StSlp                           0x08003add   Thumb Code    34  l6470.o(i.s_Step_2_StSlp)
    L6470_Register                           0x08003b08   Data         500  l6470.o(.constdata)
    L6470_ApplicationCommand                 0x08003cfc   Data         266  l6470.o(.constdata)
    L6470_Direction                          0x08003e06   Data          18  l6470.o(.constdata)
    L6470_ACT                                0x08003e18   Data          10  l6470.o(.constdata)
    BUTTON_IRQn                              0x08003e22   Data           1  stm32f4xx_nucleo.o(.constdata)
    GPIO_PIN                                 0x08003e24   Data           2  stm32f4xx_nucleo.o(.constdata)
    BUTTON_PIN                               0x08003e26   Data           2  stm32f4xx_nucleo.o(.constdata)
    APBAHBPrescTable                         0x08003e28   Data          16  stm32f4xx_hal_rcc.o(.constdata)
    MotorParameterInitData                   0x08003e38   Data         704  params.o(.constdata)
    Region$$Table$$Base                      0x08004264   Number         0  anon$$obj.o(Region$$Table)
    Region$$Table$$Limit                     0x08004284   Number         0  anon$$obj.o(Region$$Table)
    L6470Command                             0x20000000   Data         148  l6470.o(.data)
    L6470_DaisyChain_HalfPrepared            0x20000094   Data           1  l6470.o(.data)
    delay_cnt                                0x20000095   Data           1  l6470.o(.data)
    pL6470_StatusRegister                    0x20000098   Data           4  l6470.o(.data)
    L6470_DaisyChainSpiTxStruct              0x2000009c   Data           8  l6470.o(.data)
    L6470_DaisyChainSpiRxStruct              0x200000a4   Data           8  l6470.o(.data)
    L6470_StatusRegister                     0x200000ac   Data           2  l6470.o(.data)
    GPIO_PORT                                0x200000b0   Data           4  stm32f4xx_nucleo.o(.data)
    BUTTON_PORT                              0x200000b4   Data           4  stm32f4xx_nucleo.o(.data)
    SpixTimeout                              0x200000b8   Data           4  stm32f4xx_nucleo.o(.data)
    XNUCLEOIHM02A1Command                    0x200000bc   Data          80  xnucleoihm02a1.o(.data)
    L6470DrvMtx                              0x2000010c   Data         480  xnucleoihm02a1.o(.data)
    XNUCLEOIHM02A1Drv                        0x200002ec   Data          96  xnucleoihm02a1.o(.data)
    L6470_nSTBY_nRST_GPIO                    0x2000034c   Data          12  xnucleoihm02a1.o(.data)
    L6470_nBUSY_SYNC_GPIO                    0x20000358   Data          12  xnucleoihm02a1.o(.data)
    L6470_nFLAG_GPIO                         0x20000364   Data          12  xnucleoihm02a1.o(.data)
    L6470_nCS_GPIO_Array                     0x20000370   Data          48  xnucleoihm02a1.o(.data)
    SystemCoreClock                          0x200003a0   Data           4  system_stm32f4xx.o(.data)
    StepperMotorBoardHandle                  0x200003a8   Data           4  example.o(.data)
    MotorParameterDataGlobal                 0x200003ac   Data           4  example.o(.data)
    MotorParameterDataSingle                 0x200003b0   Data           4  example.o(.data)
    L6470_AppCmdPkg                          0x200003b4   Data          32  l6470.o(.bss)
    L6470_nCS_GPIO                           0x200003d4   Data          12  xnucleoihm02a1.o(.bss)
    hadc1                                    0x200003e0   Data          68  xnucleoihm02a1_interface.o(.bss)
    hspi1                                    0x20000424   Data          88  xnucleoihm02a1_interface.o(.bss)
    hspi2                                    0x2000047c   Data          88  xnucleoihm02a1_interface.o(.bss)
    huart2                                   0x200004e0   Data          64  example_usart.o(.bss)
    huart6                                   0x20000520   Data          64  example_usart.o(.bss)
    L6470_DaisyChainMnemonic                 0x20000560   Data          26  example_usart.o(.bss)
    UsartTextString                          0x2000057a   Data          64  example_usart.o(.bss)
    L6470_TextCommandBundle                  0x200005ba   Data          96  example_usart.o(.bss)
    __initial_sp                             0x20000a20   Data           0  startup_stm32f401xe.o(STACK)



==============================================================================

Memory Map of the image

  Image Entry point : 0x08000195

  Load Region LR_IROM1 (Base: 0x08000000, Size: 0x00004638, Max: 0x00080000, ABSOLUTE, COMPRESSED[0x000043d0])

    Execution Region ER_IROM1 (Exec base: 0x08000000, Load base: 0x08000000, Size: 0x00004284, Max: 0x00080000, ABSOLUTE)

    Exec Addr    Load Addr    Size         Type   Attr      Idx    E Section Name        Object

    0x08000000   0x08000000   0x00000194   Data   RO         3013    RESET               startup_stm32f401xe.o
    0x08000194   0x08000194   0x00000000   Code   RO         3371  * .ARM.Collect$$$$00000000  mc_w.l(entry.o)
    0x08000194   0x08000194   0x00000004   Code   RO         3382    .ARM.Collect$$$$00000001  mc_w.l(entry2.o)
    0x08000198   0x08000198   0x00000004   Code   RO         3385    .ARM.Collect$$$$00000004  mc_w.l(entry5.o)
    0x0800019c   0x0800019c   0x00000000   Code   RO         3387    .ARM.Collect$$$$00000008  mc_w.l(entry7b.o)
    0x0800019c   0x0800019c   0x00000000   Code   RO         3389    .ARM.Collect$$$$0000000A  mc_w.l(entry8b.o)
    0x0800019c   0x0800019c   0x00000008   Code   RO         3390    .ARM.Collect$$$$0000000B  mc_w.l(entry9a.o)
    0x080001a4   0x080001a4   0x00000004   Code   RO         3397    .ARM.Collect$$$$0000000E  mc_w.l(entry12b.o)
    0x080001a8   0x080001a8   0x00000000   Code   RO         3392    .ARM.Collect$$$$0000000F  mc_w.l(entry10a.o)
    0x080001a8   0x080001a8   0x00000000   Code   RO         3394    .ARM.Collect$$$$00000011  mc_w.l(entry11a.o)
    0x080001a8   0x080001a8   0x00000004   Code   RO         3383    .ARM.Collect$$$$00002712  mc_w.l(entry2.o)
    0x080001ac   0x080001ac   0x00000024   Code   RO         3014    .text               startup_stm32f401xe.o
    0x080001d0   0x080001d0   0x00000024   Code   RO         3407    .text               mc_w.l(init.o)
    0x080001f4   0x080001f4   0x00000056   Code   RO         3419    .text               mc_w.l(__dczerorl2.o)
    0x0800024a   0x0800024a   0x00000002   PAD
    0x0800024c   0x0800024c   0x0000000c   Code   RO          751    i.BSP_0_Config      xnucleoihm02a1.o
    0x08000258   0x08000258   0x0000000c   Code   RO          752    i.BSP_1_Config      xnucleoihm02a1.o
    0x08000264   0x08000264   0x0000000c   Code   RO          753    i.BSP_2_Config      xnucleoihm02a1.o
    0x08000270   0x08000270   0x0000000c   Code   RO          754    i.BSP_3_Config      xnucleoihm02a1.o
    0x0800027c   0x0800027c   0x00000022   Code   RO          755    i.BSP_Config        xnucleoihm02a1.o
    0x0800029e   0x0800029e   0x00000002   PAD
    0x080002a0   0x080002a0   0x00000014   Code   RO          756    i.BSP_EmergencyStop  xnucleoihm02a1.o
    0x080002b4   0x080002b4   0x0000004c   Code   RO          757    i.BSP_GetExpansionBoardHandle  xnucleoihm02a1.o
    0x08000300   0x08000300   0x00000026   Code   RO          758    i.BSP_IRQ           xnucleoihm02a1.o
    0x08000326   0x08000326   0x0000001e   Code   RO          759    i.BSP_Init          xnucleoihm02a1.o
    0x08000344   0x08000344   0x0000000c   Code   RO          760    i.BSP_L6470_0_0_Config  xnucleoihm02a1.o
    0x08000350   0x08000350   0x0000000c   Code   RO          761    i.BSP_L6470_0_1_Config  xnucleoihm02a1.o
    0x0800035c   0x0800035c   0x0000000c   Code   RO          762    i.BSP_L6470_1_0_Config  xnucleoihm02a1.o
    0x08000368   0x08000368   0x0000000c   Code   RO          763    i.BSP_L6470_1_1_Config  xnucleoihm02a1.o
    0x08000374   0x08000374   0x0000000c   Code   RO          764    i.BSP_L6470_2_0_Config  xnucleoihm02a1.o
    0x08000380   0x08000380   0x0000000c   Code   RO          765    i.BSP_L6470_2_1_Config  xnucleoihm02a1.o
    0x0800038c   0x0800038c   0x0000000c   Code   RO          766    i.BSP_L6470_3_0_Config  xnucleoihm02a1.o
    0x08000398   0x08000398   0x0000000c   Code   RO          767    i.BSP_L6470_3_1_Config  xnucleoihm02a1.o
    0x080003a4   0x080003a4   0x00000004   Code   RO          768    i.BSP_L6470_BusySynchEventManager  xnucleoihm02a1.o
    0x080003a8   0x080003a8   0x0000001c   Code   RO          769    i.BSP_L6470_CheckStatusRegisterFlag  xnucleoihm02a1.o
    0x080003c4   0x080003c4   0x00000004   Code   RO          770    i.BSP_L6470_FlagEventManager  xnucleoihm02a1.o
    0x080003c8   0x080003c8   0x0000001c   Code   RO          771    i.BSP_L6470_GetParam  xnucleoihm02a1.o
    0x080003e4   0x080003e4   0x00000018   Code   RO          772    i.BSP_L6470_GetStatus  xnucleoihm02a1.o
    0x080003fc   0x080003fc   0x00000018   Code   RO          773    i.BSP_L6470_GoHome  xnucleoihm02a1.o
    0x08000414   0x08000414   0x00000018   Code   RO          774    i.BSP_L6470_GoMark  xnucleoihm02a1.o
    0x0800042c   0x0800042c   0x0000001c   Code   RO          775    i.BSP_L6470_GoTo    xnucleoihm02a1.o
    0x08000448   0x08000448   0x00000020   Code   RO          776    i.BSP_L6470_GoToDir  xnucleoihm02a1.o
    0x08000468   0x08000468   0x00000028   Code   RO          777    i.BSP_L6470_GoUntil  xnucleoihm02a1.o
    0x08000490   0x08000490   0x00000018   Code   RO          778    i.BSP_L6470_HardHiZ  xnucleoihm02a1.o
    0x080004a8   0x080004a8   0x00000018   Code   RO          779    i.BSP_L6470_HardStop  xnucleoihm02a1.o
    0x080004c0   0x080004c0   0x0000007c   Code   RO          780    i.BSP_L6470_Init    xnucleoihm02a1.o
    0x0800053c   0x0800053c   0x00000020   Code   RO          781    i.BSP_L6470_Move    xnucleoihm02a1.o
    0x0800055c   0x0800055c   0x00000014   Code   RO          782    i.BSP_L6470_PerformPreparedApplicationCommand  xnucleoihm02a1.o
    0x08000570   0x08000570   0x00000020   Code   RO          783    i.BSP_L6470_ReleaseSW  xnucleoihm02a1.o
    0x08000590   0x08000590   0x00000018   Code   RO          784    i.BSP_L6470_ResetDevice  xnucleoihm02a1.o
    0x080005a8   0x080005a8   0x00000018   Code   RO          785    i.BSP_L6470_ResetPos  xnucleoihm02a1.o
    0x080005c0   0x080005c0   0x00000020   Code   RO          786    i.BSP_L6470_Run     xnucleoihm02a1.o
    0x080005e0   0x080005e0   0x00000020   Code   RO          787    i.BSP_L6470_SetParam  xnucleoihm02a1.o
    0x08000600   0x08000600   0x00000018   Code   RO          788    i.BSP_L6470_SoftHiZ  xnucleoihm02a1.o
    0x08000618   0x08000618   0x00000018   Code   RO          789    i.BSP_L6470_SoftStop  xnucleoihm02a1.o
    0x08000630   0x08000630   0x0000001c   Code   RO          790    i.BSP_L6470_StepClock  xnucleoihm02a1.o
    0x0800064c   0x0800064c   0x00000058   Code   RO          578    i.BSP_LED_Init      stm32f4xx_nucleo.o
    0x080006a4   0x080006a4   0x0000001c   Code   RO          579    i.BSP_LED_Off       stm32f4xx_nucleo.o
    0x080006c0   0x080006c0   0x0000001c   Code   RO          580    i.BSP_LED_On        stm32f4xx_nucleo.o
    0x080006dc   0x080006dc   0x000000d4   Code   RO          791    i.BSP_NUCLEO_GPIO_Init  xnucleoihm02a1.o
    0x080007b0   0x080007b0   0x00000088   Code   RO          583    i.BSP_PB_Init       stm32f4xx_nucleo.o
    0x08000838   0x08000838   0x00000030   Code   RO          792    i.BSP_Select        xnucleoihm02a1.o
    0x08000868   0x08000868   0x00000008   Code   RO          793    i.EXPBRD_ID         xnucleoihm02a1.o
    0x08000870   0x08000870   0x00000006   Code   RO         3317    i.EXTI0_IRQHandler  stm32f4xx_it.o
    0x08000876   0x08000876   0x00000008   Code   RO         3318    i.EXTI15_10_IRQHandler  stm32f4xx_it.o
    0x0800087e   0x0800087e   0x00000006   Code   RO         3319    i.EXTI1_IRQHandler  stm32f4xx_it.o
    0x08000884   0x08000884   0x00000008   Code   RO         3239    i.GetMotorParameterInitData  params.o
    0x0800088c   0x0800088c   0x00000016   Code   RO         1173    i.HAL_Delay         stm32f4xx_hal.o
    0x080008a2   0x080008a2   0x0000001c   Code   RO         3022    i.HAL_GPIO_EXTI_Callback  example.o
    0x080008be   0x080008be   0x00000002   PAD
    0x080008c0   0x080008c0   0x00000018   Code   RO         2118    i.HAL_GPIO_EXTI_IRQHandler  stm32f4xx_hal_gpio.o
    0x080008d8   0x080008d8   0x0000028c   Code   RO         2119    i.HAL_GPIO_Init     stm32f4xx_hal_gpio.o
    0x08000b64   0x08000b64   0x00000038   Code   RO         2123    i.HAL_GPIO_WritePin  stm32f4xx_hal_gpio.o
    0x08000b9c   0x08000b9c   0x0000000c   Code   RO         1179    i.HAL_GetTick       stm32f4xx_hal.o
    0x08000ba8   0x08000ba8   0x00000010   Code   RO         1180    i.HAL_IncTick       stm32f4xx_hal.o
    0x08000bb8   0x08000bb8   0x00000034   Code   RO         1181    i.HAL_Init          stm32f4xx_hal.o
    0x08000bec   0x08000bec   0x00000022   Code   RO         1182    i.HAL_InitTick      stm32f4xx_hal.o
    0x08000c0e   0x08000c0e   0x00000016   Code   RO         3259    i.HAL_MspInit       stm32f4xx_hal_msp.o
    0x08000c24   0x08000c24   0x0000002c   Code   RO         1591    i.HAL_NVIC_DisableIRQ  stm32f4xx_hal_cortex.o
    0x08000c50   0x08000c50   0x0000002c   Code   RO         1592    i.HAL_NVIC_EnableIRQ  stm32f4xx_hal_cortex.o
    0x08000c7c   0x08000c7c   0x00000068   Code   RO         1598    i.HAL_NVIC_SetPriority  stm32f4xx_hal_cortex.o
    0x08000ce4   0x08000ce4   0x00000048   Code   RO         1599    i.HAL_NVIC_SetPriorityGrouping  stm32f4xx_hal_cortex.o
    0x08000d2c   0x08000d2c   0x0000033c   Code   RO         2384    i.HAL_RCC_ClockConfig  stm32f4xx_hal_rcc.o
    0x08001068   0x08001068   0x00000034   Code   RO         2389    i.HAL_RCC_GetHCLKFreq  stm32f4xx_hal_rcc.o
    0x0800109c   0x0800109c   0x0000002c   Code   RO         2391    i.HAL_RCC_GetPCLK1Freq  stm32f4xx_hal_rcc.o
    0x080010c8   0x080010c8   0x0000002c   Code   RO         2392    i.HAL_RCC_GetPCLK2Freq  stm32f4xx_hal_rcc.o
    0x080010f4   0x080010f4   0x00000080   Code   RO         2393    i.HAL_RCC_GetSysClockFreq  stm32f4xx_hal_rcc.o
    0x08001174   0x08001174   0x00000456   Code   RO         2396    i.HAL_RCC_OscConfig  stm32f4xx_hal_rcc.o
    0x080015ca   0x080015ca   0x00000002   PAD
    0x080015cc   0x080015cc   0x00000170   Code   RO         2534    i.HAL_SPI_Init      stm32f4xx_hal_spi.o
    0x0800173c   0x0800173c   0x000000d4   Code   RO         3261    i.HAL_SPI_MspInit   stm32f4xx_hal_msp.o
    0x08001810   0x08001810   0x0000031c   Code   RO         2543    i.HAL_SPI_TransmitReceive  stm32f4xx_hal_spi.o
    0x08001b2c   0x08001b2c   0x00000002   Code   RO         1602    i.HAL_SYSTICK_Callback  stm32f4xx_hal_cortex.o
    0x08001b2e   0x08001b2e   0x00000028   Code   RO         1603    i.HAL_SYSTICK_Config  stm32f4xx_hal_cortex.o
    0x08001b56   0x08001b56   0x00000008   Code   RO         1604    i.HAL_SYSTICK_IRQHandler  stm32f4xx_hal_cortex.o
    0x08001b5e   0x08001b5e   0x00000002   Code   RO         2783    i.HAL_UART_ErrorCallback  stm32f4xx_hal_uart.o
    0x08001b60   0x08001b60   0x000000da   Code   RO         2786    i.HAL_UART_IRQHandler  stm32f4xx_hal_uart.o
    0x08001c3a   0x08001c3a   0x00000002   PAD
    0x08001c3c   0x08001c3c   0x000000f0   Code   RO         2787    i.HAL_UART_Init     stm32f4xx_hal_uart.o
    0x08001d2c   0x08001d2c   0x000000d4   Code   RO         3263    i.HAL_UART_MspInit  stm32f4xx_hal_msp.o
    0x08001e00   0x08001e00   0x00000002   Code   RO         2793    i.HAL_UART_RxCpltCallback  stm32f4xx_hal_uart.o
    0x08001e02   0x08001e02   0x000000d8   Code   RO         2795    i.HAL_UART_Transmit  stm32f4xx_hal_uart.o
    0x08001eda   0x08001eda   0x00000002   Code   RO         2798    i.HAL_UART_TxCpltCallback  stm32f4xx_hal_uart.o
    0x08001edc   0x08001edc   0x0000008c   Code   RO           11    i.L6470_CheckStatusRegisterFlag  l6470.o
    0x08001f68   0x08001f68   0x000001fc   Code   RO           12    i.L6470_Config      l6470.o
    0x08002164   0x08002164   0x00000078   Code   RO           13    i.L6470_DaisyChainCommand  l6470.o
    0x080021dc   0x080021dc   0x00000020   Code   RO           14    i.L6470_ExtractReturnedData  l6470.o
    0x080021fc   0x080021fc   0x00000014   Code   RO           15    i.L6470_FillAppCmdPkg  l6470.o
    0x08002210   0x08002210   0x00000054   Code   RO           16    i.L6470_GetParam    l6470.o
    0x08002264   0x08002264   0x00000020   Code   RO           17    i.L6470_GetRegisterName  l6470.o
    0x08002284   0x08002284   0x00000040   Code   RO           18    i.L6470_GetStatus   l6470.o
    0x080022c4   0x080022c4   0x00000030   Code   RO           19    i.L6470_GoHome      l6470.o
    0x080022f4   0x080022f4   0x00000030   Code   RO           20    i.L6470_GoMark      l6470.o
    0x08002324   0x08002324   0x00000038   Code   RO           21    i.L6470_GoTo        l6470.o
    0x0800235c   0x0800235c   0x00000038   Code   RO           22    i.L6470_GoToDir     l6470.o
    0x08002394   0x08002394   0x00000030   Code   RO           23    i.L6470_GoUntil     l6470.o
    0x080023c4   0x080023c4   0x00000030   Code   RO           24    i.L6470_HardHiZ     l6470.o
    0x080023f4   0x080023f4   0x00000030   Code   RO           25    i.L6470_HardStop    l6470.o
    0x08002424   0x08002424   0x0000000c   Code   RO           26    i.L6470_ID          l6470.o
    0x08002430   0x08002430   0x00000030   Code   RO           27    i.L6470_Move        l6470.o
    0x08002460   0x08002460   0x00000024   Code   RO           28    i.L6470_PerformPreparedApplicationCommand  l6470.o
    0x08002484   0x08002484   0x0000003c   Code   RO           29    i.L6470_PrepareAppCmdPkg  l6470.o
    0x080024c0   0x080024c0   0x00000218   Code   RO           30    i.L6470_PrepareDaisyChainCommand  l6470.o
    0x080026d8   0x080026d8   0x00000018   Code   RO           31    i.L6470_PrepareGetParam  l6470.o
    0x080026f0   0x080026f0   0x00000018   Code   RO           32    i.L6470_PrepareGetStatus  l6470.o
    0x08002708   0x08002708   0x00000018   Code   RO           33    i.L6470_PrepareGoHome  l6470.o
    0x08002720   0x08002720   0x00000018   Code   RO           34    i.L6470_PrepareGoMark  l6470.o
    0x08002738   0x08002738   0x00000018   Code   RO           35    i.L6470_PrepareGoTo  l6470.o
    0x08002750   0x08002750   0x00000018   Code   RO           36    i.L6470_PrepareGoToDir  l6470.o
    0x08002768   0x08002768   0x00000018   Code   RO           37    i.L6470_PrepareGoUntil  l6470.o
    0x08002780   0x08002780   0x00000018   Code   RO           38    i.L6470_PrepareHardHiZ  l6470.o
    0x08002798   0x08002798   0x00000018   Code   RO           39    i.L6470_PrepareHardStop  l6470.o
    0x080027b0   0x080027b0   0x00000018   Code   RO           40    i.L6470_PrepareMove  l6470.o
    0x080027c8   0x080027c8   0x00000018   Code   RO           41    i.L6470_PrepareReleaseSW  l6470.o
    0x080027e0   0x080027e0   0x00000018   Code   RO           42    i.L6470_PrepareResetDevice  l6470.o
    0x080027f8   0x080027f8   0x00000018   Code   RO           43    i.L6470_PrepareResetPos  l6470.o
    0x08002810   0x08002810   0x00000018   Code   RO           44    i.L6470_PrepareRun  l6470.o
    0x08002828   0x08002828   0x00000018   Code   RO           45    i.L6470_PrepareSetParam  l6470.o
    0x08002840   0x08002840   0x00000018   Code   RO           46    i.L6470_PrepareSoftHiZ  l6470.o
    0x08002858   0x08002858   0x00000018   Code   RO           47    i.L6470_PrepareSoftStop  l6470.o
    0x08002870   0x08002870   0x00000018   Code   RO           48    i.L6470_PrepareStepClock  l6470.o
    0x08002888   0x08002888   0x00000030   Code   RO           49    i.L6470_ReleaseSW   l6470.o
    0x080028b8   0x080028b8   0x0000001a   Code   RO           50    i.L6470_ResetAppCmdPkg  l6470.o
    0x080028d2   0x080028d2   0x00000002   PAD
    0x080028d4   0x080028d4   0x00000030   Code   RO           51    i.L6470_ResetDevice  l6470.o
    0x08002904   0x08002904   0x00000030   Code   RO           52    i.L6470_ResetPos    l6470.o
    0x08002934   0x08002934   0x00000030   Code   RO           53    i.L6470_Run         l6470.o
    0x08002964   0x08002964   0x00000030   Code   RO           54    i.L6470_SetParam    l6470.o
    0x08002994   0x08002994   0x00000030   Code   RO           55    i.L6470_SoftHiZ     l6470.o
    0x080029c4   0x080029c4   0x00000030   Code   RO           56    i.L6470_SoftStop    l6470.o
    0x080029f4   0x080029f4   0x00000030   Code   RO           57    i.L6470_StepClock   l6470.o
    0x08002a24   0x08002a24   0x00000014   Code   RO         1045    i.MX_GPIO_Init      xnucleoihm02a1_interface.o
    0x08002a38   0x08002a38   0x0000008c   Code   RO         1046    i.MX_SPI1_Init      xnucleoihm02a1_interface.o
    0x08002ac4   0x08002ac4   0x00000004   Code   RO         1048    i.MX_SPI_Init       xnucleoihm02a1_interface.o
    0x08002ac8   0x08002ac8   0x00000028   Code   RO         1049    i.MX_USART2_Init    xnucleoihm02a1_interface.o
    0x08002af0   0x08002af0   0x00000028   Code   RO         1050    i.MX_USART6_Init    xnucleoihm02a1_interface.o
    0x08002b18   0x08002b18   0x00000044   Code   RO         3023    i.MicrosteppingMotor_Example_01  example.o
    0x08002b5c   0x08002b5c   0x00000028   Code   RO         1051    i.NUCLEO_Board_Init  xnucleoihm02a1_interface.o
    0x08002b84   0x08002b84   0x00000020   Code   RO         1605    i.NVIC_SetPriority  stm32f4xx_hal_cortex.o
    0x08002ba4   0x08002ba4   0x0000001c   Code   RO           61    i.Position_2_AbsPos  l6470.o
    0x08002bc0   0x08002bc0   0x000000d6   Code   RO         2565    i.SPI_WaitOnFlagUntilTimeout  stm32f4xx_hal_spi.o
    0x08002c96   0x08002c96   0x00000002   PAD
    0x08002c98   0x08002c98   0x0000002c   Code   RO           65    i.Step_s2_2_Acc     l6470.o
    0x08002cc4   0x08002cc4   0x0000002c   Code   RO           66    i.Step_s2_2_Dec     l6470.o
    0x08002cf0   0x08002cf0   0x00000034   Code   RO           67    i.Step_s_2_FsSpd    l6470.o
    0x08002d24   0x08002d24   0x0000002c   Code   RO           68    i.Step_s_2_IntSpeed  l6470.o
    0x08002d50   0x08002d50   0x0000002c   Code   RO           69    i.Step_s_2_MaxSpeed  l6470.o
    0x08002d7c   0x08002d7c   0x0000002c   Code   RO           70    i.Step_s_2_MinSpeed  l6470.o
    0x08002da8   0x08002da8   0x00000028   Code   RO           71    i.Step_s_2_Speed    l6470.o
    0x08002dd0   0x08002dd0   0x0000000e   Code   RO         3320    i.SysTick_Handler   stm32f4xx_it.o
    0x08002dde   0x08002dde   0x00000002   PAD
    0x08002de0   0x08002de0   0x00000078   Code   RO         1052    i.SystemClock_Config  xnucleoihm02a1_interface.o
    0x08002e58   0x08002e58   0x00000054   Code   RO         1130    i.SystemInit        system_stm32f4xx.o
    0x08002eac   0x08002eac   0x0000003e   Code   RO         2805    i.UART_EndTransmit_IT  stm32f4xx_hal_uart.o
    0x08002eea   0x08002eea   0x000000b0   Code   RO         2806    i.UART_Receive_IT   stm32f4xx_hal_uart.o
    0x08002f9a   0x08002f9a   0x00000002   PAD
    0x08002f9c   0x08002f9c   0x00000250   Code   RO         2807    i.UART_SetConfig    stm32f4xx_hal_uart.o
    0x080031ec   0x080031ec   0x0000006a   Code   RO         2808    i.UART_Transmit_IT  stm32f4xx_hal_uart.o
    0x08003256   0x08003256   0x000000c6   Code   RO         2809    i.UART_WaitOnFlagUntilTimeout  stm32f4xx_hal_uart.o
    0x0800331c   0x0800331c   0x00000018   Code   RO         3321    i.USART2_IRQHandler  stm32f4xx_it.o
    0x08003334   0x08003334   0x00000018   Code   RO         3322    i.USART6_IRQHandler  stm32f4xx_it.o
    0x0800334c   0x0800334c   0x0000006c   Code   RO         3103    i.USART_ITCharManager  example_usart.o
    0x080033b8   0x080033b8   0x00000018   Code   RO         3107    i.USART_Transmit    example_usart.o
    0x080033d0   0x080033d0   0x0000012c   Code   RO         3108    i.USART_TxWelcomeMessage  example_usart.o
    0x080034fc   0x080034fc   0x0000002c   Code   RO         1053    i.User_LED_Blinking  xnucleoihm02a1_interface.o
    0x08003528   0x08003528   0x0000000e   Code   RO         3413    i.__scatterload_copy  mc_w.l(handlers.o)
    0x08003536   0x08003536   0x00000002   Code   RO         3414    i.__scatterload_null  mc_w.l(handlers.o)
    0x08003538   0x08003538   0x0000000e   Code   RO         3415    i.__scatterload_zeroinit  mc_w.l(handlers.o)
    0x08003546   0x08003546   0x00000002   PAD
    0x08003548   0x08003548   0x00000424   Code   RO         3025    i.act2              example.o
    0x0800396c   0x0800396c   0x00000002   Code   RO         3212    i.assert_failed     main.o
    0x0800396e   0x0800396e   0x00000002   PAD
    0x08003970   0x08003970   0x00000050   Code   RO           72    i.mA_2_OcdTh        l6470.o
    0x080039c0   0x080039c0   0x00000050   Code   RO           73    i.mA_2_StallTh      l6470.o
    0x08003a10   0x08003a10   0x00000012   Code   RO         3213    i.main              main.o
    0x08003a22   0x08003a22   0x00000002   PAD
    0x08003a24   0x08003a24   0x00000060   Code   RO         3109    i.num2hex           example_usart.o
    0x08003a84   0x08003a84   0x0000002c   Code   RO           74    i.s_Step_2_FnSlpAcc  l6470.o
    0x08003ab0   0x08003ab0   0x0000002c   Code   RO           75    i.s_Step_2_FnSlpDec  l6470.o
    0x08003adc   0x08003adc   0x0000002c   Code   RO           76    i.s_Step_2_StSlp    l6470.o
    0x08003b08   0x08003b08   0x0000031a   Data   RO           78    .constdata          l6470.o
    0x08003e22   0x08003e22   0x00000006   Data   RO          601    .constdata          stm32f4xx_nucleo.o
    0x08003e28   0x08003e28   0x00000010   Data   RO         2397    .constdata          stm32f4xx_hal_rcc.o
    0x08003e38   0x08003e38   0x000002c0   Data   RO         3240    .constdata          params.o
    0x080040f8   0x080040f8   0x0000004a   Data   RO         1606    .conststring        stm32f4xx_hal_cortex.o
    0x08004142   0x08004142   0x00000002   PAD
    0x08004144   0x08004144   0x00000048   Data   RO         2124    .conststring        stm32f4xx_hal_gpio.o
    0x0800418c   0x0800418c   0x00000047   Data   RO         2398    .conststring        stm32f4xx_hal_rcc.o
    0x080041d3   0x080041d3   0x00000001   PAD
    0x080041d4   0x080041d4   0x00000047   Data   RO         2566    .conststring        stm32f4xx_hal_spi.o
    0x0800421b   0x0800421b   0x00000001   PAD
    0x0800421c   0x0800421c   0x00000048   Data   RO         2810    .conststring        stm32f4xx_hal_uart.o
    0x08004264   0x08004264   0x00000020   Data   RO         3411    Region$$Table       anon$$obj.o


    Execution Region RW_IRAM1 (Exec base: 0x20000000, Load base: 0x08004284, Size: 0x00000a20, Max: 0x00018000, ABSOLUTE, COMPRESSED[0x0000014c])

    Exec Addr    Load Addr    Size         Type   Attr      Idx    E Section Name        Object

    0x20000000   COMPRESSED   0x00000094   Data   RW           79    .data               l6470.o
    0x20000094   COMPRESSED   0x00000018   Data   RW           80    .data               l6470.o
    0x200000ac   COMPRESSED   0x00000002   Data   RW           81    .data               l6470.o
    0x200000ae   COMPRESSED   0x00000002   PAD
    0x200000b0   COMPRESSED   0x0000000c   Data   RW          602    .data               stm32f4xx_nucleo.o
    0x200000bc   COMPRESSED   0x00000050   Data   RW          796    .data               xnucleoihm02a1.o
    0x2000010c   COMPRESSED   0x00000294   Data   RW          797    .data               xnucleoihm02a1.o
    0x200003a0   COMPRESSED   0x00000004   Data   RW         1132    .data               system_stm32f4xx.o
    0x200003a4   COMPRESSED   0x00000004   Data   RW         1187    .data               stm32f4xx_hal.o
    0x200003a8   COMPRESSED   0x0000000c   Data   RW         3028    .data               example.o
    0x200003b4        -       0x00000020   Zero   RW           77    .bss                l6470.o
    0x200003d4        -       0x0000000c   Zero   RW          794    .bss                xnucleoihm02a1.o
    0x200003e0        -       0x000000f4   Zero   RW         1054    .bss                xnucleoihm02a1_interface.o
    0x200004d4        -       0x00000146   Zero   RW         3112    .bss                example_usart.o
    0x2000061a   COMPRESSED   0x00000006   PAD
    0x20000620        -       0x00000400   Zero   RW         3011    STACK               startup_stm32f401xe.o


==============================================================================

Image component sizes


      Code (inc. data)   RO Data    RW Data    ZI Data      Debug   Object Name

      1156        152          0         12          0       3848   example.o
       528        228          0          0        326       5019   example_usart.o
      3518        424        794        174         32     288172   l6470.o
        20          0          0          0          0       1643   main.o
         8          4        704          0          0       1353   params.o
        36          8        404          0       1024        904   startup_stm32f401xe.o
       136         16          0          4          0       5058   stm32f4xx_hal.o
       346         36         74          0          0      33273   stm32f4xx_hal_cortex.o
       732         76         72          0          0       3983   stm32f4xx_hal_gpio.o
       446         42          0          0          0       2967   stm32f4xx_hal_msp.o
      2206         76         87          0          0       8299   stm32f4xx_hal_rcc.o
      1378         12         71          0          0       4661   stm32f4xx_hal_spi.o
      1814         36         72          0          0      10783   stm32f4xx_hal_uart.o
        82         12          0          0          0       3471   stm32f4xx_it.o
       280         50          6         12          0       4744   stm32f4xx_nucleo.o
        84         18          0          4          0       1721   system_stm32f4xx.o
      1290         90          0        740         12      38003   xnucleoihm02a1.o
       448         40          0          0        244       7443   xnucleoihm02a1_interface.o

    ----------------------------------------------------------------------
     14528       1320       2320        948       1644     425345   Object Totals
         0          0         32          0          0          0   (incl. Generated)
        20          0          4          2          6          0   (incl. Padding)

    ----------------------------------------------------------------------

      Code (inc. data)   RO Data    RW Data    ZI Data      Debug   Library Member Name

        86          0          0          0          0          0   __dczerorl2.o
         0          0          0          0          0          0   entry.o
         0          0          0          0          0          0   entry10a.o
         0          0          0          0          0          0   entry11a.o
         4          0          0          0          0          0   entry12b.o
         8          4          0          0          0          0   entry2.o
         4          0          0          0          0          0   entry5.o
         0          0          0          0          0          0   entry7b.o
         0          0          0          0          0          0   entry8b.o
         8          4          0          0          0          0   entry9a.o
        30          0          0          0          0          0   handlers.o
        36          8          0          0          0         68   init.o

    ----------------------------------------------------------------------
       180         16          0          0          0         68   Library Totals
         4          0          0          0          0          0   (incl. Padding)

    ----------------------------------------------------------------------

      Code (inc. data)   RO Data    RW Data    ZI Data      Debug   Library Name

       176         16          0          0          0         68   mc_w.l

    ----------------------------------------------------------------------
       180         16          0          0          0         68   Library Totals

    ----------------------------------------------------------------------

==============================================================================


      Code (inc. data)   RO Data    RW Data    ZI Data      Debug   

     14708       1336       2320        948       1644     409297   Grand Totals
     14708       1336       2320        332       1644     409297   ELF Image Totals (compressed)
     14708       1336       2320        332          0          0   ROM Totals

==============================================================================

    Total RO  Size (Code + RO Data)                17028 (  16.63kB)
    Total RW  Size (RW Data + ZI Data)              2592 (   2.53kB)
    Total ROM Size (Code + RO Data + RW Data)      17360 (  16.95kB)

==============================================================================

